Archive member included to satisfy reference by file (symbol)

/usr/lib/gcc/arm-none-eabi/10.3.1/../../../arm-none-eabi/lib/thumb/v7e-m+fp/hard/libc.a(lib_a-assert.o)
                              _build/nrf_802154.o (__assert_func)
/usr/lib/gcc/arm-none-eabi/10.3.1/../../../arm-none-eabi/lib/thumb/v7e-m+fp/hard/libc.a(lib_a-atexit.o)
                              /usr/lib/gcc/arm-none-eabi/10.3.1/../../../arm-none-eabi/lib/thumb/v7e-m+fp/hard/crt0.o (atexit)
/usr/lib/gcc/arm-none-eabi/10.3.1/../../../arm-none-eabi/lib/thumb/v7e-m+fp/hard/libc.a(lib_a-ctype_.o)
                              _build/nrf_log_str_formatter.o (_ctype_)
/usr/lib/gcc/arm-none-eabi/10.3.1/../../../arm-none-eabi/lib/thumb/v7e-m+fp/hard/libc.a(lib_a-exit.o)
                              /usr/lib/gcc/arm-none-eabi/10.3.1/../../../arm-none-eabi/lib/thumb/v7e-m+fp/hard/crt0.o (exit)
/usr/lib/gcc/arm-none-eabi/10.3.1/../../../arm-none-eabi/lib/thumb/v7e-m+fp/hard/libc.a(lib_a-fini.o)
                              /usr/lib/gcc/arm-none-eabi/10.3.1/../../../arm-none-eabi/lib/thumb/v7e-m+fp/hard/crt0.o (__libc_fini_array)
/usr/lib/gcc/arm-none-eabi/10.3.1/../../../arm-none-eabi/lib/thumb/v7e-m+fp/hard/libc.a(lib_a-fiprintf.o)
                              /usr/lib/gcc/arm-none-eabi/10.3.1/../../../arm-none-eabi/lib/thumb/v7e-m+fp/hard/libc.a(lib_a-assert.o) (fiprintf)
/usr/lib/gcc/arm-none-eabi/10.3.1/../../../arm-none-eabi/lib/thumb/v7e-m+fp/hard/libc.a(lib_a-impure.o)
                              /usr/lib/gcc/arm-none-eabi/10.3.1/../../../arm-none-eabi/lib/thumb/v7e-m+fp/hard/libc.a(lib_a-exit.o) (_global_impure_ptr)
/usr/lib/gcc/arm-none-eabi/10.3.1/../../../arm-none-eabi/lib/thumb/v7e-m+fp/hard/libc.a(lib_a-init.o)
                              /usr/lib/gcc/arm-none-eabi/10.3.1/../../../arm-none-eabi/lib/thumb/v7e-m+fp/hard/crt0.o (__libc_init_array)
/usr/lib/gcc/arm-none-eabi/10.3.1/../../../arm-none-eabi/lib/thumb/v7e-m+fp/hard/libc.a(lib_a-memcmp.o)
                              _build/nrf_twi_mngr.o (memcmp)
/usr/lib/gcc/arm-none-eabi/10.3.1/../../../arm-none-eabi/lib/thumb/v7e-m+fp/hard/libc.a(lib_a-memcpy.o)
                              _build/app_scheduler.o (memcpy)
/usr/lib/gcc/arm-none-eabi/10.3.1/../../../arm-none-eabi/lib/thumb/v7e-m+fp/hard/libc.a(lib_a-memmove.o)
                              _build/nrf_802154_ack_data.o (memmove)
/usr/lib/gcc/arm-none-eabi/10.3.1/../../../arm-none-eabi/lib/thumb/v7e-m+fp/hard/libc.a(lib_a-memset.o)
                              /usr/lib/gcc/arm-none-eabi/10.3.1/../../../arm-none-eabi/lib/thumb/v7e-m+fp/hard/crt0.o (memset)
/usr/lib/gcc/arm-none-eabi/10.3.1/../../../arm-none-eabi/lib/thumb/v7e-m+fp/hard/libc.a(lib_a-printf.o)
                              _build/lsm303agr.o (printf)
/usr/lib/gcc/arm-none-eabi/10.3.1/../../../arm-none-eabi/lib/thumb/v7e-m+fp/hard/libc.a(lib_a-rand.o)
                              _build/nrf_802154_random_stdlib.o (srand)
/usr/lib/gcc/arm-none-eabi/10.3.1/../../../arm-none-eabi/lib/thumb/v7e-m+fp/hard/libc.a(lib_a-setbuf.o)
                              _build/microbit_before_startup.o (setbuf)
/usr/lib/gcc/arm-none-eabi/10.3.1/../../../arm-none-eabi/lib/thumb/v7e-m+fp/hard/libc.a(lib_a-setvbuf.o)
                              /usr/lib/gcc/arm-none-eabi/10.3.1/../../../arm-none-eabi/lib/thumb/v7e-m+fp/hard/libc.a(lib_a-setbuf.o) (setvbuf)
/usr/lib/gcc/arm-none-eabi/10.3.1/../../../arm-none-eabi/lib/thumb/v7e-m+fp/hard/libc.a(lib_a-strlen.o)
                              _build/nrf_fprintf_format.o (strlen)
/usr/lib/gcc/arm-none-eabi/10.3.1/../../../arm-none-eabi/lib/thumb/v7e-m+fp/hard/libc.a(lib_a-vfiprintf.o)
                              /usr/lib/gcc/arm-none-eabi/10.3.1/../../../arm-none-eabi/lib/thumb/v7e-m+fp/hard/libc.a(lib_a-fiprintf.o) (_vfiprintf_r)
/usr/lib/gcc/arm-none-eabi/10.3.1/../../../arm-none-eabi/lib/thumb/v7e-m+fp/hard/libc.a(lib_a-vfprintf.o)
                              /usr/lib/gcc/arm-none-eabi/10.3.1/../../../arm-none-eabi/lib/thumb/v7e-m+fp/hard/libc.a(lib_a-printf.o) (_vfprintf_r)
/usr/lib/gcc/arm-none-eabi/10.3.1/../../../arm-none-eabi/lib/thumb/v7e-m+fp/hard/libc.a(lib_a-wsetup.o)
                              /usr/lib/gcc/arm-none-eabi/10.3.1/../../../arm-none-eabi/lib/thumb/v7e-m+fp/hard/libc.a(lib_a-vfiprintf.o) (__swsetup_r)
/usr/lib/gcc/arm-none-eabi/10.3.1/../../../arm-none-eabi/lib/thumb/v7e-m+fp/hard/libc.a(lib_a-__atexit.o)
                              /usr/lib/gcc/arm-none-eabi/10.3.1/../../../arm-none-eabi/lib/thumb/v7e-m+fp/hard/libc.a(lib_a-atexit.o) (__register_exitproc)
/usr/lib/gcc/arm-none-eabi/10.3.1/../../../arm-none-eabi/lib/thumb/v7e-m+fp/hard/libc.a(lib_a-__call_atexit.o)
                              /usr/lib/gcc/arm-none-eabi/10.3.1/../../../arm-none-eabi/lib/thumb/v7e-m+fp/hard/libc.a(lib_a-exit.o) (__call_exitprocs)
/usr/lib/gcc/arm-none-eabi/10.3.1/../../../arm-none-eabi/lib/thumb/v7e-m+fp/hard/libc.a(lib_a-abort.o)
[...]
Memory Configuration

Name             Origin             Length             Attributes
FLASH            0x0000000000000000 0x0000000000080000 xr
RAM              0x0000000020000000 0x0000000000020000 xrw
*default*        0x0000000000000000 0xffffffffffffffff

Linker script and memory map

                0x000000000007f000                __stop_ot_flash_data = ((ORIGIN (FLASH) + LENGTH (FLASH)) - FLASH_PAGE_SIZE)
                0x000000000007b000                __start_ot_flash_data = (__stop_ot_flash_data - (FLASH_PAGE_SIZE * FLASH_DATA_PAGES_USED))
                0x0000000000000001                ASSERT ((__start_ot_flash_data >= (__etext + SIZEOF (.data))), Error: Code overlaps flash data area.)

.text           0x0000000000000000    0x12694
 *(.isr_vector)
 .isr_vector    0x0000000000000000      0x200 _build/gcc_startup_nrf52833.os
                0x0000000000000000                __isr_vector
 *(.text*)
 .text          0x0000000000000200       0x88 /usr/lib/gcc/arm-none-eabi/10.3.1/thumb/v7e-m+fp/hard/crtbegin.o
 .text          0x0000000000000288       0x70 /usr/lib/gcc/arm-none-eabi/10.3.1/../../../arm-none-eabi/lib/thumb/v7e-m+fp/hard/crt0.o
                0x0000000000000288                _stack_init
                0x0000000000000290                _mainCRTStartup
                0x0000000000000290                _start
 .text.control_motors
                0x00000000000002f8      0x19c _build/main.o
 .text.set_gripper_position
                0x0000000000000494       0x40 _build/main.o
                0x0000000000000494                set_gripper_position
 .text.gripper  0x00000000000004d4       0x1a _build/main.o
 *fill*         0x00000000000004ee        0x2 
 .text.nrf_802154_received_raw
                0x00000000000004f0       0x44 _build/main.o
                0x00000000000004f0                nrf_802154_received_raw
 .text.startup.main
                0x0000000000000534      0x158 _build/main.o
                0x0000000000000534                main
 .text.i2c_reg_read
                0x000000000000068c       0x54 _build/motobit.o
                0x000000000000068c                i2c_reg_read
 .text.i2c_reg_write
                0x00000000000006e0       0x38 _build/motobit.o
                0x00000000000006e0                i2c_reg_write
 .text.ir_enable
                0x0000000000000718       0x2c _build/motobit.o
                0x0000000000000718                ir_enable
 .text.ir_read_temperature
                0x0000000000000744        0xe _build/motobit.o
                0x0000000000000744                ir_read_temperature
 *fill*         0x0000000000000752        0x2 
 .text.motobit_enable
                0x0000000000000754       0x30 _build/motobit.o
                0x0000000000000754                motobit_enable
 .text.motobit_drive
                0x0000000000000784       0x54 _build/motobit.o
                0x0000000000000784                motobit_drive
 .text.nrf_gpio_pin_port_decode
                0x00000000000007d8       0x30 _build/better_error_handling.o
 .text.nrf_gpio_pin_clear
                0x0000000000000808       0x1a _build/better_error_handling.o
 .text.nrf_gpio_pin_set
                0x0000000000000822       0x1a _build/better_error_handling.o
 .text.nrf_delay_ms.part.0
                0x000000000000083c       0x1c _build/better_error_handling.o
 .text.error_blink_pattern
                0x0000000000000858      0x104 _build/better_error_handling.o
 .text.app_error_fault_handler
                0x000000000000095c       0x74 _build/better_error_handling.o
                0x000000000000095c                app_error_fault_handler
 .text.HardFault_c_handler
                0x00000000000009d0       0xec _build/better_error_handling.o
                0x00000000000009d0                HardFault_c_handler
 .text.startup.called_first
                0x0000000000000abc       0x48 _build/microbit_before_startup.o
                0x0000000000000abc                called_first
 .text.nrf_log_backend_uart_flush
                0x0000000000000b04        0x2 _build/microbit_nrf_log_backend_uart.o
 *fill*         0x0000000000000b06        0x2 
 .text.nrf_log_backend_uart_put
                0x0000000000000b08       0x1c _build/microbit_nrf_log_backend_uart.o
 .text.uart_init.constprop.0
                0x0000000000000b24       0x54 _build/microbit_nrf_log_backend_uart.o
 .text.serial_tx
                0x0000000000000b78       0x50 _build/microbit_nrf_log_backend_uart.o
 .text.nrf_log_backend_uart_panic_set
                0x0000000000000bc8       0x2c _build/microbit_nrf_log_backend_uart.o
 .text.nrf_log_backend_uart_init
                0x0000000000000bf4        0x4 _build/microbit_nrf_log_backend_uart.o
                0x0000000000000bf4                nrf_log_backend_uart_init
 .text._write   0x0000000000000bf8       0x2c _build/microbit_retarget.o
                0x0000000000000bf8                _write
 .text._read    0x0000000000000c24       0x30 _build/microbit_retarget.o
                0x0000000000000c24                _read
 .text.app_error_handler
                0x0000000000000c54       0x1a _build/app_error_handler_gcc.o
                0x0000000000000c54                app_error_handler
 *fill*         0x0000000000000c6e        0x2 
 .text.user_op_alloc
                0x0000000000000c70       0x2c _build/app_timer.o
 .text.nrfx_coredep_delay_us.part.0.constprop.0
                0x0000000000000c9c       0x10 _build/app_timer.o
 .text.RTC1_IRQHandler
                0x0000000000000cac       0x9c _build/app_timer.o
                0x0000000000000cac                RTC1_IRQHandler
 .text.SWI0_EGU0_IRQHandler
                0x0000000000000d48      0x2b8 _build/app_timer.o
                0x0000000000000d48                SWI0_EGU0_IRQHandler
 .text.app_timer_init
                0x0000000000001000       0x90 _build/app_timer.o
                0x0000000000001000                app_timer_init
 .text.app_timer_create
                0x0000000000001090       0x24 _build/app_timer.o
                0x0000000000001090                app_timer_create
 .text.app_timer_start
                0x00000000000010b4       0x8c _build/app_timer.o
                0x00000000000010b4                app_timer_start
 .text.app_util_disable_irq
                0x0000000000001140       0x10 _build/app_util_platform.o
                0x0000000000001140                app_util_disable_irq
 .text.app_util_enable_irq
                0x0000000000001150       0x14 _build/app_util_platform.o
                0x0000000000001150                app_util_enable_irq
 .text.privilege_level_get
                0x0000000000001164       0x1a _build/app_util_platform.o
                0x0000000000001164                privilege_level_get
 *fill*         0x000000000000117e        0x2 
 .text.app_util_critical_region_enter
                0x0000000000001180       0x20 _build/app_util_platform.o
                0x0000000000001180                app_util_critical_region_enter
 .text.app_util_critical_region_exit
                0x00000000000011a0       0x20 _build/app_util_platform.o
                0x00000000000011a0                app_util_critical_region_exit
 .text.HardFault_Handler
                0x00000000000011c0       0x34 _build/hardfault_handler_gcc.o
                0x00000000000011c0                HardFault_Handler
 .text.assert_nrf_callback
                0x00000000000011f4       0x1a _build/nrf_assert.o
                0x00000000000011f4                assert_nrf_callback
 .text.nrf_atomic_u32_fetch_store
                0x000000000000120e       0x16 _build/nrf_atomic.o
                0x000000000000120e                nrf_atomic_u32_fetch_store
 .text.nrf_atomic_u32_or
                0x0000000000001224       0x18 _build/nrf_atomic.o
                0x0000000000001224                nrf_atomic_u32_or
 .text.nrf_atomic_u32_fetch_and
                0x000000000000123c       0x18 _build/nrf_atomic.o
                0x000000000000123c                nrf_atomic_u32_fetch_and
 .text.nrf_atomic_u32_add
                0x0000000000001254       0x18 _build/nrf_atomic.o
                0x0000000000001254                nrf_atomic_u32_add
 .text.nrf_atomic_u32_sub
                0x000000000000126c       0x18 _build/nrf_atomic.o
                0x000000000000126c                nrf_atomic_u32_sub
 .text.nrf_atomic_flag_set
                0x0000000000001284        0x6 _build/nrf_atomic.o
                0x0000000000001284                nrf_atomic_flag_set
 .text.nrf_atomic_flag_clear_fetch
                0x000000000000128a        0x6 _build/nrf_atomic.o
                0x000000000000128a                nrf_atomic_flag_clear_fetch
 .text.nrf_balloc_init
                0x0000000000001290       0x7c _build/nrf_balloc.o
                0x0000000000001290                nrf_balloc_init
 .text.nrf_balloc_alloc
                0x000000000000130c       0x54 _build/nrf_balloc.o
                0x000000000000130c                nrf_balloc_alloc
 .text.nrf_balloc_free
                0x0000000000001360       0x48 _build/nrf_balloc.o
                0x0000000000001360                nrf_balloc_free
 .text.twim_evt_handler
                0x00000000000013a8       0x40 _build/nrf_drv_twi.o
 .text.nrf_gpio_pin_port_decode
                0x00000000000013e8       0x30 _build/nrf_drv_twi.o
 .text.nrf_gpio_pin_set
                0x0000000000001418       0x1a _build/nrf_drv_twi.o
 *fill*         0x0000000000001432        0x2 
 .text.nrfx_coredep_delay_us.part.0.constprop.0
                0x0000000000001434       0x10 _build/nrf_drv_twi.o
 .text.nrf_drv_twi_init
                0x0000000000001444       0xec _build/nrf_drv_twi.o
                0x0000000000001444                nrf_drv_twi_init
 .text.uarte_evt_handler
                0x0000000000001530       0x34 _build/nrf_drv_uart.o
 .text.uart_evt_handler
                0x0000000000001564       0x34 _build/nrf_drv_uart.o
 .text.nrf_drv_uart_init
                0x0000000000001598       0x7c _build/nrf_drv_uart.o
                0x0000000000001598                nrf_drv_uart_init
 .text.nrf_fprintf_buffer_flush
                0x0000000000001614       0x24 _build/nrf_fprintf.o
                0x0000000000001614                nrf_fprintf_buffer_flush
 .text.nrf_fprintf
                0x0000000000001638       0x54 _build/nrf_fprintf.o
                0x0000000000001638                nrf_fprintf
 .text.buffer_add
                0x000000000000168c       0x1e _build/nrf_fprintf_format.o
 *fill*         0x00000000000016aa        0x2 
 .text.unsigned_print
                0x00000000000016ac       0xb4 _build/nrf_fprintf_format.o
 .text.nrf_fprintf_fmt
                0x0000000000001760      0x2d0 _build/nrf_fprintf_format.o
                0x0000000000001760                nrf_fprintf_fmt
 .text.nrf_log_backend_serial_put
                0x0000000000001a30       0xc2 _build/nrf_log_backend_serial.o
                0x0000000000001a30                nrf_log_backend_serial_put
 *fill*         0x0000000000001af2        0x2 
 .text.nrf_log_default_backends_init
                0x0000000000001af4       0x30 _build/nrf_log_default_backends.o
                0x0000000000001af4                nrf_log_default_backends_init
 .text.invalid_packets_omit
                0x0000000000001b24       0x3a _build/nrf_log_frontend.o
 *fill*         0x0000000000001b5e        0x2 
 .text.buf_prealloc
                0x0000000000001b60      0x144 _build/nrf_log_frontend.o
 .text.nrf_log_init
                0x0000000000001ca4       0x3c _build/nrf_log_frontend.o
                0x0000000000001ca4                nrf_log_init
 .text.nrf_log_module_name_get
                0x0000000000001ce0       0x38 _build/nrf_log_frontend.o
                0x0000000000001ce0                nrf_log_module_name_get
 .text.nrf_log_color_id_get
                0x0000000000001d18       0x2c _build/nrf_log_frontend.o
                0x0000000000001d18                nrf_log_color_id_get
 .text.buffer_is_empty
                0x0000000000001d44       0x14 _build/nrf_log_frontend.o
                0x0000000000001d44                buffer_is_empty
 .text.nrf_log_frontend_dequeue
                0x0000000000001d58      0x224 _build/nrf_log_frontend.o
                0x0000000000001d58                nrf_log_frontend_dequeue
 .text.std_n    0x0000000000001f7c       0xb8 _build/nrf_log_frontend.o
 .text.nrf_log_frontend_std_0
                0x0000000000002034        0x8 _build/nrf_log_frontend.o
                0x0000000000002034                nrf_log_frontend_std_0
 .text.nrf_log_frontend_std_1
                0x000000000000203c       0x12 _build/nrf_log_frontend.o
                0x000000000000203c                nrf_log_frontend_std_1
 .text.nrf_log_frontend_std_3
                0x000000000000204e       0x18 _build/nrf_log_frontend.o
                0x000000000000204e                nrf_log_frontend_std_3
 .text.nrf_log_frontend_std_4
                0x0000000000002066       0x1c _build/nrf_log_frontend.o
                0x0000000000002066                nrf_log_frontend_std_4
 *fill*         0x0000000000002082        0x2 
 .text.nrf_log_backend_add
                0x0000000000002084       0x54 _build/nrf_log_frontend.o
                0x0000000000002084                nrf_log_backend_add
 .text.nrf_log_panic
                0x00000000000020d8       0x28 _build/nrf_log_frontend.o
                0x00000000000020d8                nrf_log_panic
 .text.prefix_process
                0x0000000000002100       0x7c _build/nrf_log_str_formatter.o
 .text.postfix_process
                0x000000000000217c       0x44 _build/nrf_log_str_formatter.o
 .text.nrf_log_std_entry_process
                0x00000000000021c0       0xc8 _build/nrf_log_str_formatter.o
                0x00000000000021c0                nrf_log_std_entry_process
 .text.nrf_log_hexdump_entry_process
                0x0000000000002288       0xc0 _build/nrf_log_str_formatter.o
                0x0000000000002288                nrf_log_hexdump_entry_process
 .text.memobj_op
                0x0000000000002348       0xa8 _build/nrf_memobj.o
 .text.nrf_memobj_pool_init
                0x00000000000023f0        0x4 _build/nrf_memobj.o
                0x00000000000023f0                nrf_memobj_pool_init
 .text.nrf_memobj_free
                0x00000000000023f4       0x2c _build/nrf_memobj.o
                0x00000000000023f4                nrf_memobj_free
 .text.nrf_memobj_alloc
                0x0000000000002420       0x5e _build/nrf_memobj.o
                0x0000000000002420                nrf_memobj_alloc
 .text.nrf_memobj_get
                0x000000000000247e        0x8 _build/nrf_memobj.o
                0x000000000000247e                nrf_memobj_get
 .text.nrf_memobj_put
                0x0000000000002486       0x1c _build/nrf_memobj.o
                0x0000000000002486                nrf_memobj_put
 *fill*         0x00000000000024a2        0x2 
 .text.nrf_memobj_write
                0x00000000000024a4       0x28 _build/nrf_memobj.o
                0x00000000000024a4                nrf_memobj_write
 .text.nrf_memobj_read
                0x00000000000024cc       0x28 _build/nrf_memobj.o
                0x00000000000024cc                nrf_memobj_read
 .text.queue_utilization_get
                0x00000000000024f4       0x18 _build/nrf_queue.o
 .text.nrf_queue_next_idx
                0x000000000000250c       0x20 _build/nrf_queue.o
 .text.nrf_queue_is_full
                0x000000000000252c       0x28 _build/nrf_queue.o
                0x000000000000252c                nrf_queue_is_full
 .text.nrf_queue_push
                0x0000000000002554       0xc0 _build/nrf_queue.o
                0x0000000000002554                nrf_queue_push
 .text.nrf_queue_is_empty
                0x0000000000002614       0x24 _build/nrf_queue.o
                0x0000000000002614                nrf_queue_is_empty
 .text.nrf_queue_generic_pop
                0x0000000000002638       0x9c _build/nrf_queue.o
                0x0000000000002638                nrf_queue_generic_pop
 .text.nrf_ringbuf_init
                0x00000000000026d4       0x1c _build/nrf_ringbuf.o
                0x00000000000026d4                nrf_ringbuf_init
 .text.nrf_strerror_find
                0x00000000000026f0       0x3c _build/nrf_strerror.o
                0x00000000000026f0                nrf_strerror_find
 .text.nrf_strerror_get
                0x000000000000272c       0x14 _build/nrf_strerror.o
                0x000000000000272c                nrf_strerror_get
 .text.internal_transaction_cb
                0x0000000000002740        0xa _build/nrf_twi_mngr.o
 *fill*         0x000000000000274a        0x2 
 .text.transaction_end_signal
                0x000000000000274c       0x30 _build/nrf_twi_mngr.o
 .text.start_transfer
                0x000000000000277c       0xc4 _build/nrf_twi_mngr.o
 .text.start_pending_transaction
                0x0000000000002840       0xb0 _build/nrf_twi_mngr.o
 .text.twi_event_handler
                0x00000000000028f0       0x58 _build/nrf_twi_mngr.o
 .text.nrf_twi_mngr_init
                0x0000000000002948       0x78 _build/nrf_twi_mngr.o
                0x0000000000002948                nrf_twi_mngr_init
 .text.nrf_twi_mngr_schedule
                0x00000000000029c0       0x60 _build/nrf_twi_mngr.o
                0x00000000000029c0                nrf_twi_mngr_schedule
 .text.nrf_twi_mngr_perform
                0x0000000000002a20       0x84 _build/nrf_twi_mngr.o
                0x0000000000002a20                nrf_twi_mngr_perform
 .text.nrf_gpiote_event_clear
                0x0000000000002aa4       0x18 _build/nrfx_gpiote.o
 .text.nrf_bitmask_bit_set
                0x0000000000002abc       0x14 _build/nrfx_gpiote.o
 .text.nrf_gpio_pin_port_decode
                0x0000000000002ad0       0x30 _build/nrfx_gpiote.o
 .text.nrf_gpio_cfg_sense_set
                0x0000000000002b00       0x2e _build/nrfx_gpiote.o
 *fill*         0x0000000000002b2e        0x2 
 .text.nrf_gpio_ports_read.constprop.0
                0x0000000000002b30       0x18 _build/nrfx_gpiote.o
 .text.GPIOTE_IRQHandler
                0x0000000000002b48      0x19c _build/nrfx_gpiote.o
                0x0000000000002b48                GPIOTE_IRQHandler
 .text.UARTE0_UART0_IRQHandler
                0x0000000000002ce4       0x20 _build/nrfx_prs.o
                0x0000000000002ce4                UARTE0_UART0_IRQHandler
 .text.nrfx_prs_acquire
                0x0000000000002d04       0x44 _build/nrfx_prs.o
                0x0000000000002d04                nrfx_prs_acquire
 .text.nrfx_prs_release
                0x0000000000002d48       0x28 _build/nrfx_prs.o
                0x0000000000002d48                nrfx_prs_release
 .text.nrf_pwm_event_clear
                0x0000000000002d70       0x10 _build/nrfx_pwm.o
 .text.start_playback
                0x0000000000002d80       0x4c _build/nrfx_pwm.o
 .text.irq_handler
                0x0000000000002dcc       0x80 _build/nrfx_pwm.o
 .text.nrf_gpio_pin_port_decode
                0x0000000000002e4c       0x30 _build/nrfx_pwm.o
 .text.nrf_pwm_sequence_set
                0x0000000000002e7c       0x88 _build/nrfx_pwm.o
 .text.nrfx_pwm_init
                0x0000000000002f04      0x1b8 _build/nrfx_pwm.o
                0x0000000000002f04                nrfx_pwm_init
 .text.nrfx_pwm_simple_playback
                0x00000000000030bc       0xa4 _build/nrfx_pwm.o
                0x00000000000030bc                nrfx_pwm_simple_playback
 .text.PWM0_IRQHandler
                0x0000000000003160       0x10 _build/nrfx_pwm.o
                0x0000000000003160                PWM0_IRQHandler
 .text.PWM1_IRQHandler
                0x0000000000003170       0x10 _build/nrfx_pwm.o
                0x0000000000003170                PWM1_IRQHandler
 .text.nrf_saadc_event_clear
                0x0000000000003180       0x18 _build/nrfx_saadc.o
 .text.SAADC_IRQHandler
                0x0000000000003198      0x154 _build/nrfx_saadc.o
                0x0000000000003198                SAADC_IRQHandler
 .text.nrf_gpio_pin_port_decode
                0x00000000000032ec       0x30 _build/nrfx_spim.o
 .text.nrf_gpio_pin_clear
                0x000000000000331c       0x1a _build/nrfx_spim.o
 .text.nrf_gpio_pin_set
                0x0000000000003336       0x1a _build/nrfx_spim.o
 .text.SPIM2_SPIS2_SPI2_IRQHandler
                0x0000000000003350       0x64 _build/nrfx_spim.o
                0x0000000000003350                SPIM2_SPIS2_SPI2_IRQHandler
 .text.irq_handler.constprop.0
                0x00000000000033b4       0x4c _build/nrfx_timer.o
 .text.TIMER0_IRQHandler
                0x0000000000003400       0x10 _build/nrfx_timer.o
                0x0000000000003400                TIMER0_IRQHandler
 .text.TIMER1_IRQHandler
                0x0000000000003410       0x10 _build/nrfx_timer.o
                0x0000000000003410                TIMER1_IRQHandler
 .text.nrf_twim_event_clear
                0x0000000000003420       0x10 _build/nrfx_twim.o
 .text.xfer_completeness_check
                0x0000000000003430       0x6c _build/nrfx_twim.o
 .text.nrf_gpio_pin_port_decode
                0x000000000000349c       0x30 _build/nrfx_twim.o
 .text.twim_irq_handler
                0x00000000000034cc      0x138 _build/nrfx_twim.o
 .text.SPIM0_SPIS0_TWIM0_TWIS0_SPI0_TWI0_IRQHandler
                0x0000000000003604       0x10 _build/nrfx_twim.o
                0x0000000000003604                SPIM0_SPIS0_TWIM0_TWIS0_SPI0_TWI0_IRQHandler
 .text.SPIM1_SPIS1_TWIM1_TWIS1_SPI1_TWI1_IRQHandler
                0x0000000000003614       0x10 _build/nrfx_twim.o
                0x0000000000003614                SPIM1_SPIS1_TWIM1_TWIS1_SPI1_TWI1_IRQHandler
 .text.nrfx_twim_init
                0x0000000000003624      0x144 _build/nrfx_twim.o
                0x0000000000003624                nrfx_twim_init
 .text.nrfx_twim_enable
                0x0000000000003768       0x40 _build/nrfx_twim.o
                0x0000000000003768                nrfx_twim_enable
 .text.nrfx_twim_disable
                0x00000000000037a8       0x54 _build/nrfx_twim.o
                0x00000000000037a8                nrfx_twim_disable
 .text.nrfx_twim_uninit
                0x00000000000037fc       0xb4 _build/nrfx_twim.o
                0x00000000000037fc                nrfx_twim_uninit
 .text.nrfx_twim_xfer
                0x00000000000038b0      0x330 _build/nrfx_twim.o
                0x00000000000038b0                nrfx_twim_xfer
 .text.nrf_uart_event_clear
                0x0000000000003be0       0x10 _build/nrfx_uart.o
 .text.tx_byte  0x0000000000003bf0       0x1e _build/nrfx_uart.o
 .text.rx_enable
                0x0000000000003c0e       0x20 _build/nrfx_uart.o
 *fill*         0x0000000000003c2e        0x2 
 .text.nrf_gpio_pin_port_decode
                0x0000000000003c30       0x30 _build/nrfx_uart.o
 .text.nrf_gpio_cfg_default
                0x0000000000003c60       0x1c _build/nrfx_uart.o
 .text.rx_byte  0x0000000000003c7c       0x2c _build/nrfx_uart.o
 .text.rx_done_event.constprop.0
                0x0000000000003ca8       0x20 _build/nrfx_uart.o
 .text.nrfx_uart_0_irq_handler
                0x0000000000003cc8      0x144 _build/nrfx_uart.o
                0x0000000000003cc8                nrfx_uart_0_irq_handler
 .text.nrfx_uart_init
                0x0000000000003e0c      0x1e0 _build/nrfx_uart.o
                0x0000000000003e0c                nrfx_uart_init
 .text.nrfx_uart_uninit
                0x0000000000003fec       0xc0 _build/nrfx_uart.o
                0x0000000000003fec                nrfx_uart_uninit
 .text.nrfx_uart_tx_in_progress
                0x00000000000040ac       0x18 _build/nrfx_uart.o
                0x00000000000040ac                nrfx_uart_tx_in_progress
 .text.nrfx_uart_tx
                0x00000000000040c4       0xe0 _build/nrfx_uart.o
                0x00000000000040c4                nrfx_uart_tx
 .text.nrfx_uart_rx
                0x00000000000041a4      0x134 _build/nrfx_uart.o
                0x00000000000041a4                nrfx_uart_rx
 .text.nrf_uarte_event_clear
                0x00000000000042d8       0x10 _build/nrfx_uarte.o
 .text.rx_done_event
                0x00000000000042e8       0x1a _build/nrfx_uarte.o
 *fill*         0x0000000000004302        0x2 
 .text.nrf_gpio_pin_port_decode
                0x0000000000004304       0x30 _build/nrfx_uarte.o
 .text.nrf_gpio_cfg_default
                0x0000000000004334       0x1c _build/nrfx_uarte.o
 .text.uarte_irq_handler
                0x0000000000004350      0x10a _build/nrfx_uarte.o
 *fill*         0x000000000000445a        0x2 
 .text.nrfx_uarte_0_irq_handler
                0x000000000000445c       0x10 _build/nrfx_uarte.o
                0x000000000000445c                nrfx_uarte_0_irq_handler
 .text.UARTE1_IRQHandler
                0x000000000000446c       0x10 _build/nrfx_uarte.o
                0x000000000000446c                UARTE1_IRQHandler
 .text.nrfx_uarte_init
                0x000000000000447c      0x1fc _build/nrfx_uarte.o
                0x000000000000447c                nrfx_uarte_init
 .text.nrfx_uarte_uninit
                0x0000000000004678       0xec _build/nrfx_uarte.o
                0x0000000000004678                nrfx_uarte_uninit
 .text.nrfx_uarte_tx_in_progress
                0x0000000000004764       0x18 _build/nrfx_uarte.o
                0x0000000000004764                nrfx_uarte_tx_in_progress
 .text.nrfx_uarte_tx
                0x000000000000477c       0xf8 _build/nrfx_uarte.o
                0x000000000000477c                nrfx_uarte_tx
 .text.nrfx_uarte_rx
                0x0000000000004874      0x134 _build/nrfx_uarte.o
                0x0000000000004874                nrfx_uarte_rx
 .text.last_rx_frame_timestamp_get
                0x00000000000049a8       0x20 _build/nrf_802154.o
 .text.nrf_802154_channel_set
                0x00000000000049c8       0x1e _build/nrf_802154.o
                0x00000000000049c8                nrf_802154_channel_set
 .text.nrf_802154_pan_id_set
                0x00000000000049e6        0x4 _build/nrf_802154.o
                0x00000000000049e6                nrf_802154_pan_id_set
 .text.nrf_802154_extended_address_set
                0x00000000000049ea        0x4 _build/nrf_802154.o
                0x00000000000049ea                nrf_802154_extended_address_set
 .text.nrf_802154_init
                0x00000000000049ee       0x4a _build/nrf_802154.o
                0x00000000000049ee                nrf_802154_init
 .text.nrf_802154_receive
                0x0000000000004a38        0xc _build/nrf_802154.o
                0x0000000000004a38                nrf_802154_receive
 .text.nrf_802154_buffer_free_raw
                0x0000000000004a44       0x38 _build/nrf_802154.o
                0x0000000000004a44                nrf_802154_buffer_free_raw
 .text.nrf_802154_promiscuous_set
                0x0000000000004a7c        0x4 _build/nrf_802154.o
                0x0000000000004a7c                nrf_802154_promiscuous_set
 .text.nrf_802154_auto_ack_set
                0x0000000000004a80        0x4 _build/nrf_802154.o
                0x0000000000004a80                nrf_802154_auto_ack_set
 .text.nrf_802154_tx_ack_started
                0x0000000000004a84        0x2 _build/nrf_802154.o
                0x0000000000004a84                nrf_802154_tx_ack_started
 .text.nrf_802154_receive_failed
                0x0000000000004a86        0x2 _build/nrf_802154.o
                0x0000000000004a86                nrf_802154_receive_failed
 .text.nrf_802154_tx_started
                0x0000000000004a88        0x2 _build/nrf_802154.o
                0x0000000000004a88                nrf_802154_tx_started
 .text.nrf_802154_transmitted_timestamp_raw
                0x0000000000004a8a        0xa _build/nrf_802154.o
                0x0000000000004a8a                nrf_802154_transmitted_timestamp_raw
 .text.nrf_802154_transmitted_raw
                0x0000000000004a94       0x28 _build/nrf_802154.o
                0x0000000000004a94                nrf_802154_transmitted_raw
 .text.nrf_802154_transmit_failed
                0x0000000000004abc        0x2 _build/nrf_802154.o
                0x0000000000004abc                nrf_802154_transmit_failed
 .text.nrf_802154_energy_detected
                0x0000000000004abe        0x2 _build/nrf_802154.o
                0x0000000000004abe                nrf_802154_energy_detected
 .text.nrf_802154_energy_detection_failed
                0x0000000000004ac0        0x2 _build/nrf_802154.o
                0x0000000000004ac0                nrf_802154_energy_detection_failed
 .text.nrf_802154_cca_done
                0x0000000000004ac2        0x2 _build/nrf_802154.o
                0x0000000000004ac2                nrf_802154_cca_done
 .text.nrf_802154_cca_failed
                0x0000000000004ac4        0x2 _build/nrf_802154.o
                0x0000000000004ac4                nrf_802154_cca_failed
 .text.nrf_radio_event_clear
                0x0000000000004ac6       0x18 _build/nrf_802154_core.o
 *fill*         0x0000000000004ade        0x2 
 .text.rx_buffer_is_available
                0x0000000000004ae0       0x14 _build/nrf_802154_core.o
 .text.rx_buffer_get
                0x0000000000004af4       0x14 _build/nrf_802154_core.o
 .text.ppi_and_egu_delay_wait
                0x0000000000004b08        0xe _build/nrf_802154_core.o
 *fill*         0x0000000000004b16        0x2 
 .text.ppis_for_egu_and_ramp_up_set
                0x0000000000004b18       0x5c _build/nrf_802154_core.o
 .text.fem_for_lna_reset
                0x0000000000004b74       0x24 _build/nrf_802154_core.o
 .text.falling_asleep_terminate
                0x0000000000004b98       0x18 _build/nrf_802154_core.o
 .text.ed_iter_setup
                0x0000000000004bb0       0x44 _build/nrf_802154_core.o
 .text.cca_configuration_update
                0x0000000000004bf4       0x38 _build/nrf_802154_core.o
 .text.sleep_init
                0x0000000000004c2c       0x10 _build/nrf_802154_core.o
 .text.rssi_last_measurement_get
                0x0000000000004c3c       0x1c _build/nrf_802154_core.o
 .text.received_frame_notify
                0x0000000000004c58       0x30 _build/nrf_802154_core.o
 .text.transmit_failed_notify
                0x0000000000004c88       0x28 _build/nrf_802154_core.o
 .text.receive_failed_notify
                0x0000000000004cb0       0x18 _build/nrf_802154_core.o
 .text.received_frame_notify_and_nesting_allow
                0x0000000000004cc8       0x18 _build/nrf_802154_core.o
 .text.rx_terminate
                0x0000000000004ce0       0x64 _build/nrf_802154_core.o
 .text.rx_ack_terminate
                0x0000000000004d44       0x5c _build/nrf_802154_core.o
 .text.ed_terminate
                0x0000000000004da0       0x50 _build/nrf_802154_core.o
 .text.cca_terminate
                0x0000000000004df0       0x50 _build/nrf_802154_core.o
 .text.fem_for_tx_reset
                0x0000000000004e40       0x54 _build/nrf_802154_core.o
 .text.tx_terminate
                0x0000000000004e94       0x54 _build/nrf_802154_core.o
 .text.channel_set
                0x0000000000004ee8       0x40 _build/nrf_802154_core.o
 .text.ppi_egu_worked
                0x0000000000004f28       0x2c _build/nrf_802154_core.o
 .text.current_operation_terminate
                0x0000000000004f54      0x17c _build/nrf_802154_core.o
 .text.nrf_egu_event_clear.constprop.0
                0x00000000000050d0       0x1c _build/nrf_802154_core.o
 .text.tx_init  0x00000000000050ec       0xc8 _build/nrf_802154_core.o
 .text.cca_init
                0x00000000000051b4       0x5c _build/nrf_802154_core.o
 .text.rx_restart
                0x0000000000005210       0x68 _build/nrf_802154_core.o
 .text.continuous_carrier_init.part.0
                0x0000000000005278       0x30 _build/nrf_802154_core.o
 .text.ed_init  0x00000000000052a8       0x54 _build/nrf_802154_core.o
 .text.irq_deinit
                0x00000000000052fc       0x28 _build/nrf_802154_core.o
 .text.critical_section_can_be_processed_now
                0x0000000000005324       0x20 _build/nrf_802154_core.o
 .text.critical_section_enter_and_verify_timeslot_length
                0x0000000000005344       0x1a _build/nrf_802154_core.o
 *fill*         0x000000000000535e        0x2 
 .text.rx_init  0x0000000000005360      0x144 _build/nrf_802154_core.o
 .text.nrf_802154_rsch_crit_sect_prio_changed
                0x00000000000054a4      0x268 _build/nrf_802154_core.o
                0x00000000000054a4                nrf_802154_rsch_crit_sect_prio_changed
 .text.nrf_802154_core_init
                0x000000000000570c       0x44 _build/nrf_802154_core.o
                0x000000000000570c                nrf_802154_core_init
 .text.nrf_802154_core_receive
                0x0000000000005750       0x64 _build/nrf_802154_core.o
                0x0000000000005750                nrf_802154_core_receive
 .text.nrf_802154_core_transmit
                0x00000000000057b4       0x7c _build/nrf_802154_core.o
                0x00000000000057b4                nrf_802154_core_transmit
 .text.nrf_802154_core_notify_buffer_free
                0x0000000000005830       0xbc _build/nrf_802154_core.o
                0x0000000000005830                nrf_802154_core_notify_buffer_free
 .text.nrf_802154_core_channel_update
                0x00000000000058ec       0x60 _build/nrf_802154_core.o
                0x00000000000058ec                nrf_802154_core_channel_update
 .text.RADIO_IRQHandler
                0x000000000000594c      0x8c0 _build/nrf_802154_core.o
                0x000000000000594c                RADIO_IRQHandler
 .text.nrf_802154_core_hooks_terminate
                0x000000000000620c       0x28 _build/nrf_802154_core_hooks.o
                0x000000000000620c                nrf_802154_core_hooks_terminate
 .text.nrf_802154_core_hooks_transmitted
                0x0000000000006234        0x4 _build/nrf_802154_core_hooks.o
                0x0000000000006234                nrf_802154_core_hooks_transmitted
 .text.nrf_802154_core_hooks_tx_failed
                0x0000000000006238       0x28 _build/nrf_802154_core_hooks.o
                0x0000000000006238                nrf_802154_core_hooks_tx_failed
 .text.nrf_802154_core_hooks_tx_started
                0x0000000000006260       0x24 _build/nrf_802154_core_hooks.o
                0x0000000000006260                nrf_802154_core_hooks_tx_started
 .text.nrf_802154_core_hooks_rx_started
                0x0000000000006284        0x4 _build/nrf_802154_core_hooks.o
                0x0000000000006284                nrf_802154_core_hooks_rx_started
 .text.nrf_802154_core_hooks_rx_ack_started
                0x0000000000006288        0x4 _build/nrf_802154_core_hooks.o
                0x0000000000006288                nrf_802154_core_hooks_rx_ack_started
 .text.critical_section_enter.part.0
                0x000000000000628c       0x78 _build/nrf_802154_critical_section.o
 .text.nrf_802154_critical_section_init
                0x0000000000006304       0x18 _build/nrf_802154_critical_section.o
                0x0000000000006304                nrf_802154_critical_section_init
 .text.nrf_802154_critical_section_forcefully_enter
                0x000000000000631c       0x24 _build/nrf_802154_critical_section.o
                0x000000000000631c                nrf_802154_critical_section_forcefully_enter
 .text.nrf_802154_critical_section_nesting_deny
                0x0000000000006340       0x48 _build/nrf_802154_critical_section.o
                0x0000000000006340                nrf_802154_critical_section_nesting_deny
 .text.nrf_802154_critical_section_active_vector_priority_get
                0x0000000000006388       0x5c _build/nrf_802154_critical_section.o
                0x0000000000006388                nrf_802154_critical_section_active_vector_priority_get
 .text.critical_section_enter.constprop.0
                0x00000000000063e4       0x34 _build/nrf_802154_critical_section.o
 .text.nrf_802154_critical_section_exit
                0x0000000000006418       0xc0 _build/nrf_802154_critical_section.o
                0x0000000000006418                nrf_802154_critical_section_exit
 .text.nrf_802154_critical_section_enter
                0x00000000000064d8        0x4 _build/nrf_802154_critical_section.o
                0x00000000000064d8                nrf_802154_critical_section_enter
 .text.nrf_802154_critical_section_nesting_allow
                0x00000000000064dc       0x4c _build/nrf_802154_critical_section.o
                0x00000000000064dc                nrf_802154_critical_section_nesting_allow
 .text.nrf_802154_debug_init
                0x0000000000006528        0x2 _build/nrf_802154_debug.o
                0x0000000000006528                nrf_802154_debug_init
 *fill*         0x000000000000652a        0x2 
 .text.nrf_802154_pib_init
                0x000000000000652c       0x38 _build/nrf_802154_pib.o
                0x000000000000652c                nrf_802154_pib_init
 .text.nrf_802154_pib_promiscuous_get
                0x0000000000006564       0x10 _build/nrf_802154_pib.o
                0x0000000000006564                nrf_802154_pib_promiscuous_get
 .text.nrf_802154_pib_promiscuous_set
                0x0000000000006574       0x10 _build/nrf_802154_pib.o
                0x0000000000006574                nrf_802154_pib_promiscuous_set
 .text.nrf_802154_pib_auto_ack_get
                0x0000000000006584       0x10 _build/nrf_802154_pib.o
                0x0000000000006584                nrf_802154_pib_auto_ack_get
 .text.nrf_802154_pib_auto_ack_set
                0x0000000000006594       0x10 _build/nrf_802154_pib.o
                0x0000000000006594                nrf_802154_pib_auto_ack_set
 .text.nrf_802154_pib_pan_coord_get
                0x00000000000065a4       0x10 _build/nrf_802154_pib.o
                0x00000000000065a4                nrf_802154_pib_pan_coord_get
 .text.nrf_802154_pib_channel_get
                0x00000000000065b4        0xc _build/nrf_802154_pib.o
                0x00000000000065b4                nrf_802154_pib_channel_get
 .text.nrf_802154_pib_channel_set
                0x00000000000065c0       0x10 _build/nrf_802154_pib.o
                0x00000000000065c0                nrf_802154_pib_channel_set
 .text.nrf_802154_pib_tx_power_get
                0x00000000000065d0       0x5c _build/nrf_802154_pib.o
                0x00000000000065d0                nrf_802154_pib_tx_power_get
 .text.nrf_802154_pib_pan_id_get
                0x000000000000662c        0x8 _build/nrf_802154_pib.o
                0x000000000000662c                nrf_802154_pib_pan_id_get
 .text.nrf_802154_pib_pan_id_set
                0x0000000000006634       0x10 _build/nrf_802154_pib.o
                0x0000000000006634                nrf_802154_pib_pan_id_set
 .text.nrf_802154_pib_extended_address_get
                0x0000000000006644        0x8 _build/nrf_802154_pib.o
                0x0000000000006644                nrf_802154_pib_extended_address_get
 .text.nrf_802154_pib_extended_address_set
                0x000000000000664c       0x10 _build/nrf_802154_pib.o
                0x000000000000664c                nrf_802154_pib_extended_address_set
 .text.nrf_802154_pib_short_address_get
                0x000000000000665c        0x8 _build/nrf_802154_pib.o
                0x000000000000665c                nrf_802154_pib_short_address_get
 .text.nrf_802154_pib_cca_cfg_get
                0x0000000000006664        0xc _build/nrf_802154_pib.o
                0x0000000000006664                nrf_802154_pib_cca_cfg_get
 .text.nrf_802154_rssi_sample_temp_corr_value_get
                0x0000000000006670       0x42 _build/nrf_802154_rssi.o
                0x0000000000006670                nrf_802154_rssi_sample_temp_corr_value_get
 .text.nrf_802154_rssi_sample_corrected_get
                0x00000000000066b2        0xe _build/nrf_802154_rssi.o
                0x00000000000066b2                nrf_802154_rssi_sample_corrected_get
 .text.nrf_802154_rssi_lqi_corrected_get
                0x00000000000066c0        0xe _build/nrf_802154_rssi.o
                0x00000000000066c0                nrf_802154_rssi_lqi_corrected_get
 .text.nrf_802154_rssi_ed_corrected_get
                0x00000000000066ce        0xe _build/nrf_802154_rssi.o
                0x00000000000066ce                nrf_802154_rssi_ed_corrected_get
 .text.nrf_802154_rssi_cca_ed_threshold_corrected_get
                0x00000000000066dc        0xe _build/nrf_802154_rssi.o
                0x00000000000066dc                nrf_802154_rssi_cca_ed_threshold_corrected_get
 *fill*         0x00000000000066ea        0x2 
 .text.nrf_802154_rx_buffer_init
                0x00000000000066ec       0x1c _build/nrf_802154_rx_buffer.o
                0x00000000000066ec                nrf_802154_rx_buffer_init
 .text.nrf_802154_rx_buffer_free_find
                0x0000000000006708       0x24 _build/nrf_802154_rx_buffer.o
                0x0000000000006708                nrf_802154_rx_buffer_free_find
 .text.nrf_802154_timer_coord_init
                0x000000000000672c       0x48 _build/nrf_802154_timer_coord.o
                0x000000000000672c                nrf_802154_timer_coord_init
 .text.nrf_802154_timer_coord_start
                0x0000000000006774       0x1c _build/nrf_802154_timer_coord.o
                0x0000000000006774                nrf_802154_timer_coord_start
 .text.nrf_802154_timer_coord_stop
                0x0000000000006790        0xe _build/nrf_802154_timer_coord.o
                0x0000000000006790                nrf_802154_timer_coord_stop
 *fill*         0x000000000000679e        0x2 
 .text.nrf_802154_timer_coord_timestamp_prepare
                0x00000000000067a0       0x28 _build/nrf_802154_timer_coord.o
                0x00000000000067a0                nrf_802154_timer_coord_timestamp_prepare
 .text.nrf_802154_timer_coord_timestamp_get
                0x00000000000067c8       0xb8 _build/nrf_802154_timer_coord.o
                0x00000000000067c8                nrf_802154_timer_coord_timestamp_get
 .text.nrf_802154_lp_timer_synchronized
                0x0000000000006880       0xc0 _build/nrf_802154_timer_coord.o
                0x0000000000006880                nrf_802154_lp_timer_synchronized
 .text.nrf_802154_fal_tx_power_get
                0x0000000000006940        0x4 _build/nrf_802154_fal.o
                0x0000000000006940                nrf_802154_fal_tx_power_get
 .text.random_backoff_start
                0x0000000000006944       0x44 _build/nrf_802154_csma_ca.o
 .text.channel_busy.part.0
                0x0000000000006988       0x3c _build/nrf_802154_csma_ca.o
 .text.frame_transmit
                0x00000000000069c4       0x3c _build/nrf_802154_csma_ca.o
 .text.notify_busy_channel
                0x0000000000006a00       0x20 _build/nrf_802154_csma_ca.o
 .text.nrf_802154_csma_ca_abort
                0x0000000000006a20       0x2c _build/nrf_802154_csma_ca.o
                0x0000000000006a20                nrf_802154_csma_ca_abort
 .text.nrf_802154_csma_ca_tx_failed_hook
                0x0000000000006a4c       0x20 _build/nrf_802154_csma_ca.o
                0x0000000000006a4c                nrf_802154_csma_ca_tx_failed_hook
 .text.nrf_802154_csma_ca_tx_started_hook
                0x0000000000006a6c       0x40 _build/nrf_802154_csma_ca.o
                0x0000000000006a6c                nrf_802154_csma_ca_tx_started_hook
 .text.dly_rx_state_set
                0x0000000000006aac       0x38 _build/nrf_802154_delayed_trx.o
 .text.nrf_802154_delayed_trx_abort
                0x0000000000006ae4       0x4c _build/nrf_802154_delayed_trx.o
                0x0000000000006ae4                nrf_802154_delayed_trx_abort
 .text.nrf_802154_delayed_trx_rx_started_hook
                0x0000000000006b30       0x2c _build/nrf_802154_delayed_trx.o
                0x0000000000006b30                nrf_802154_delayed_trx_rx_started_hook
 .text.nrf_802154_filter_frame_part
                0x0000000000006b5c      0x144 _build/nrf_802154_filter.o
                0x0000000000006b5c                nrf_802154_filter_frame_part
 .text.addressing_offset_get
                0x0000000000006ca0       0x1a _build/nrf_802154_frame_parser.o
 .text.src_addr_size_get
                0x0000000000006cba       0x22 _build/nrf_802154_frame_parser.o
 .text.dst_addr_size_get
                0x0000000000006cdc       0x10 _build/nrf_802154_frame_parser.o
 .text.dst_panid_is_present
                0x0000000000006cec       0x3c _build/nrf_802154_frame_parser.o
 .text.src_panid_is_present
                0x0000000000006d28       0x28 _build/nrf_802154_frame_parser.o
 .text.nrf_802154_frame_parser_src_addr_is_extended
                0x0000000000006d50       0x10 _build/nrf_802154_frame_parser.o
                0x0000000000006d50                nrf_802154_frame_parser_src_addr_is_extended
 .text.nrf_802154_frame_parser_src_addr_is_short
                0x0000000000006d60       0x10 _build/nrf_802154_frame_parser.o
                0x0000000000006d60                nrf_802154_frame_parser_src_addr_is_short
 .text.nrf_802154_frame_parser_dsn_suppress_bit_is_set
                0x0000000000006d70        0x8 _build/nrf_802154_frame_parser.o
                0x0000000000006d70                nrf_802154_frame_parser_dsn_suppress_bit_is_set
 .text.nrf_802154_frame_parser_ar_bit_is_set
                0x0000000000006d78        0x8 _build/nrf_802154_frame_parser.o
                0x0000000000006d78                nrf_802154_frame_parser_ar_bit_is_set
 .text.nrf_802154_frame_parser_dst_panid_offset_get
                0x0000000000006d80       0x16 _build/nrf_802154_frame_parser.o
                0x0000000000006d80                nrf_802154_frame_parser_dst_panid_offset_get
 .text.nrf_802154_frame_parser_dst_addr_offset_get
                0x0000000000006d96       0x24 _build/nrf_802154_frame_parser.o
                0x0000000000006d96                nrf_802154_frame_parser_dst_addr_offset_get
 .text.nrf_802154_frame_parser_dst_addr_end_offset_get
                0x0000000000006dba       0x2a _build/nrf_802154_frame_parser.o
                0x0000000000006dba                nrf_802154_frame_parser_dst_addr_end_offset_get
 .text.nrf_802154_frame_parser_src_panid_offset_get
                0x0000000000006de4       0x4c _build/nrf_802154_frame_parser.o
                0x0000000000006de4                nrf_802154_frame_parser_src_panid_offset_get
 .text.nrf_802154_frame_parser_src_addr_offset_get
                0x0000000000006e30       0x58 _build/nrf_802154_frame_parser.o
                0x0000000000006e30                nrf_802154_frame_parser_src_addr_offset_get
 .text.nrf_802154_frame_parser_src_addr_get
                0x0000000000006e88       0x2c _build/nrf_802154_frame_parser.o
                0x0000000000006e88                nrf_802154_frame_parser_src_addr_get
 .text.nrf_802154_frame_parser_mhr_parse
                0x0000000000006eb4       0xa2 _build/nrf_802154_frame_parser.o
                0x0000000000006eb4                nrf_802154_frame_parser_mhr_parse
 *fill*         0x0000000000006f56        0x2 
 .text.timeout_timer_stop
                0x0000000000006f58       0x18 _build/nrf_802154_precise_ack_timeout.o
 .text.notify_tx_error
                0x0000000000006f70       0x14 _build/nrf_802154_precise_ack_timeout.o
 .text.timeout_timer_fired
                0x0000000000006f84       0x60 _build/nrf_802154_precise_ack_timeout.o
 .text.nrf_802154_ack_timeout_tx_started_hook
                0x0000000000006fe4       0x50 _build/nrf_802154_precise_ack_timeout.o
                0x0000000000006fe4                nrf_802154_ack_timeout_tx_started_hook
 .text.nrf_802154_ack_timeout_abort
                0x0000000000007034       0x28 _build/nrf_802154_precise_ack_timeout.o
                0x0000000000007034                nrf_802154_ack_timeout_abort
 .text.nrf_802154_ack_timeout_transmitted_hook
                0x000000000000705c       0x38 _build/nrf_802154_precise_ack_timeout.o
                0x000000000000705c                nrf_802154_ack_timeout_transmitted_hook
 .text.nrf_802154_ack_timeout_rx_ack_started_hook
                0x0000000000007094       0x2c _build/nrf_802154_precise_ack_timeout.o
                0x0000000000007094                nrf_802154_ack_timeout_rx_ack_started_hook
 .text.nrf_802154_ack_timeout_tx_failed_hook
                0x00000000000070c0       0x38 _build/nrf_802154_precise_ack_timeout.o
                0x00000000000070c0                nrf_802154_ack_timeout_tx_failed_hook
 .text.addr_index_find
                0x00000000000070f8       0xc0 _build/nrf_802154_ack_data.o
 .text.nrf_802154_ack_data_init
                0x00000000000071b8       0x34 _build/nrf_802154_ack_data.o
                0x00000000000071b8                nrf_802154_ack_data_init
 .text.nrf_802154_ack_data_pending_bit_should_be_set
                0x00000000000071ec       0xa4 _build/nrf_802154_ack_data.o
                0x00000000000071ec                nrf_802154_ack_data_pending_bit_should_be_set
 .text.nrf_802154_ack_data_ie_get
                0x0000000000007290       0x4c _build/nrf_802154_ack_data.o
                0x0000000000007290                nrf_802154_ack_data_ie_get
 .text.nrf_802154_ack_generator_init
                0x00000000000072dc        0xe _build/nrf_802154_ack_generator.o
                0x00000000000072dc                nrf_802154_ack_generator_init
 *fill*         0x00000000000072ea        0x2 
 .text.nrf_802154_ack_generator_create
                0x00000000000072ec       0x48 _build/nrf_802154_ack_generator.o
                0x00000000000072ec                nrf_802154_ack_generator_create
 .text.nrf_802154_enh_ack_generator_init
                0x0000000000007334        0x2 _build/nrf_802154_enh_ack_generator.o
                0x0000000000007334                nrf_802154_enh_ack_generator_init
 *fill*         0x0000000000007336        0x2 
 .text.nrf_802154_enh_ack_generator_create
                0x0000000000007338      0x1f0 _build/nrf_802154_enh_ack_generator.o
                0x0000000000007338                nrf_802154_enh_ack_generator_create
 .text.nrf_802154_imm_ack_generator_init
                0x0000000000007528       0x28 _build/nrf_802154_imm_ack_generator.o
                0x0000000000007528                nrf_802154_imm_ack_generator_init
 .text.nrf_802154_imm_ack_generator_create
                0x0000000000007550       0x20 _build/nrf_802154_imm_ack_generator.o
                0x0000000000007550                nrf_802154_imm_ack_generator_create
 .text.prec_approved_prio_set
                0x0000000000007570       0x38 _build/nrf_802154_rsch.o
 .text.all_prec_update
                0x00000000000075a8      0x104 _build/nrf_802154_rsch.o
 .text.notify_core
                0x00000000000076ac       0x88 _build/nrf_802154_rsch.o
 .text.nrf_802154_rsch_init
                0x0000000000007734       0x50 _build/nrf_802154_rsch.o
                0x0000000000007734                nrf_802154_rsch_init
 .text.nrf_802154_rsch_continuous_mode_priority_set
                0x0000000000007784       0x1c _build/nrf_802154_rsch.o
                0x0000000000007784                nrf_802154_rsch_continuous_mode_priority_set
 .text.nrf_802154_rsch_continuous_ended
                0x00000000000077a0        0x4 _build/nrf_802154_rsch.o
                0x00000000000077a0                nrf_802154_rsch_continuous_ended
 .text.nrf_802154_rsch_timeslot_request
                0x00000000000077a4        0x4 _build/nrf_802154_rsch.o
                0x00000000000077a4                nrf_802154_rsch_timeslot_request
 .text.nrf_802154_rsch_timeslot_is_requested
                0x00000000000077a8       0x1c _build/nrf_802154_rsch.o
                0x00000000000077a8                nrf_802154_rsch_timeslot_is_requested
 .text.nrf_802154_rsch_prec_is_approved
                0x00000000000077c4       0x34 _build/nrf_802154_rsch.o
                0x00000000000077c4                nrf_802154_rsch_prec_is_approved
 .text.nrf_802154_rsch_timeslot_us_left_get
                0x00000000000077f8        0x4 _build/nrf_802154_rsch.o
                0x00000000000077f8                nrf_802154_rsch_timeslot_us_left_get
 .text.nrf_raal_timeslot_started
                0x00000000000077fc       0x12 _build/nrf_802154_rsch.o
                0x00000000000077fc                nrf_raal_timeslot_started
 .text.nrf_802154_clock_hfclk_ready
                0x000000000000780e       0x12 _build/nrf_802154_rsch.o
                0x000000000000780e                nrf_802154_clock_hfclk_ready
 .text.nrf_802154_rsch_crit_sect_init
                0x0000000000007820        0xc _build/nrf_802154_rsch_crit_sect.o
                0x0000000000007820                nrf_802154_rsch_crit_sect_init
 .text.nrf_802154_rsch_crit_sect_prio_request
                0x000000000000782c        0x4 _build/nrf_802154_rsch_crit_sect.o
                0x000000000000782c                nrf_802154_rsch_crit_sect_prio_request
 .text.nrf_802154_rsch_continuous_prio_changed
                0x0000000000007830       0x44 _build/nrf_802154_rsch_crit_sect.o
                0x0000000000007830                nrf_802154_rsch_continuous_prio_changed
 .text.nrf_802154_critical_section_rsch_enter
                0x0000000000007874        0x2 _build/nrf_802154_rsch_crit_sect.o
                0x0000000000007874                nrf_802154_critical_section_rsch_enter
 *fill*         0x0000000000007876        0x2 
 .text.nrf_802154_critical_section_rsch_exit
                0x0000000000007878       0x20 _build/nrf_802154_rsch_crit_sect.o
                0x0000000000007878                nrf_802154_critical_section_rsch_exit
 .text.nrf_802154_critical_section_rsch_event_is_pending
                0x0000000000007898       0x10 _build/nrf_802154_rsch_crit_sect.o
                0x0000000000007898                nrf_802154_critical_section_rsch_event_is_pending
 .text.mutex_trylock
                0x00000000000078a8       0x2e _build/nrf_802154_timer_sched.o
 *fill*         0x00000000000078d6        0x2 
 .text.queue_cntr_bump
                0x00000000000078d8       0x2c _build/nrf_802154_timer_sched.o
 .text.handle_timer
                0x0000000000007904       0x48 _build/nrf_802154_timer_sched.o
 .text.timer_remove
                0x000000000000794c       0xcc _build/nrf_802154_timer_sched.o
 .text.nrf_802154_timer_sched_init
                0x0000000000007a18       0x24 _build/nrf_802154_timer_sched.o
                0x0000000000007a18                nrf_802154_timer_sched_init
 .text.nrf_802154_timer_sched_time_get
                0x0000000000007a3c        0x4 _build/nrf_802154_timer_sched.o
                0x0000000000007a3c                nrf_802154_timer_sched_time_get
 .text.nrf_802154_timer_sched_granularity_get
                0x0000000000007a40        0x4 _build/nrf_802154_timer_sched.o
                0x0000000000007a40                nrf_802154_timer_sched_granularity_get
 .text.nrf_802154_timer_sched_time_is_in_future
                0x0000000000007a44        0xe _build/nrf_802154_timer_sched.o
                0x0000000000007a44                nrf_802154_timer_sched_time_is_in_future
 *fill*         0x0000000000007a52        0x2 
 .text.nrf_802154_timer_sched_add
                0x0000000000007a54       0xc8 _build/nrf_802154_timer_sched.o
                0x0000000000007a54                nrf_802154_timer_sched_add
 .text.nrf_802154_timer_sched_remove
                0x0000000000007b1c       0x12 _build/nrf_802154_timer_sched.o
                0x0000000000007b1c                nrf_802154_timer_sched_remove
 *fill*         0x0000000000007b2e        0x2 
 .text.nrf_802154_timer_sched_is_running
                0x0000000000007b30       0x30 _build/nrf_802154_timer_sched.o
                0x0000000000007b30                nrf_802154_timer_sched_is_running
 .text.nrf_802154_lp_timer_fired
                0x0000000000007b60       0x44 _build/nrf_802154_timer_sched.o
                0x0000000000007b60                nrf_802154_lp_timer_fired
 .text.nrf_802154_notification_init
                0x0000000000007ba4        0x2 _build/nrf_802154_notification_direct.o
                0x0000000000007ba4                nrf_802154_notification_init
 .text.nrf_802154_notify_received
                0x0000000000007ba6        0x4 _build/nrf_802154_notification_direct.o
                0x0000000000007ba6                nrf_802154_notify_received
 .text.nrf_802154_notify_receive_failed
                0x0000000000007baa        0x4 _build/nrf_802154_notification_direct.o
                0x0000000000007baa                nrf_802154_notify_receive_failed
 .text.nrf_802154_notify_transmitted
                0x0000000000007bae        0x4 _build/nrf_802154_notification_direct.o
                0x0000000000007bae                nrf_802154_notify_transmitted
 .text.nrf_802154_notify_transmit_failed
                0x0000000000007bb2        0x4 _build/nrf_802154_notification_direct.o
                0x0000000000007bb2                nrf_802154_notify_transmit_failed
 .text.nrf_802154_notify_energy_detected
                0x0000000000007bb6        0x4 _build/nrf_802154_notification_direct.o
                0x0000000000007bb6                nrf_802154_notify_energy_detected
 .text.nrf_802154_notify_energy_detection_failed
                0x0000000000007bba        0x4 _build/nrf_802154_notification_direct.o
                0x0000000000007bba                nrf_802154_notify_energy_detection_failed
 .text.nrf_802154_notify_cca
                0x0000000000007bbe        0x4 _build/nrf_802154_notification_direct.o
                0x0000000000007bbe                nrf_802154_notify_cca
 .text.nrf_802154_notify_cca_failed
                0x0000000000007bc2        0x4 _build/nrf_802154_notification_direct.o
                0x0000000000007bc2                nrf_802154_notify_cca_failed
 .text.nrf_802154_priority_drop_init
                0x0000000000007bc6        0x2 _build/nrf_802154_priority_drop_direct.o
                0x0000000000007bc6                nrf_802154_priority_drop_init
 .text.nrf_802154_priority_drop_hfclk_stop
                0x0000000000007bc8        0x4 _build/nrf_802154_priority_drop_direct.o
                0x0000000000007bc8                nrf_802154_priority_drop_hfclk_stop
 .text.nrf_802154_priority_drop_hfclk_stop_terminate
                0x0000000000007bcc        0x2 _build/nrf_802154_priority_drop_direct.o
                0x0000000000007bcc                nrf_802154_priority_drop_hfclk_stop_terminate
 .text.nrf_802154_request_init
                0x0000000000007bce        0x2 _build/nrf_802154_request_direct.o
                0x0000000000007bce                nrf_802154_request_init
 .text.nrf_802154_request_receive
                0x0000000000007bd0        0x4 _build/nrf_802154_request_direct.o
                0x0000000000007bd0                nrf_802154_request_receive
 .text.nrf_802154_request_transmit
                0x0000000000007bd4       0x10 _build/nrf_802154_request_direct.o
                0x0000000000007bd4                nrf_802154_request_transmit
 .text.nrf_802154_request_buffer_free
                0x0000000000007be4        0x4 _build/nrf_802154_request_direct.o
                0x0000000000007be4                nrf_802154_request_buffer_free
 .text.nrf_802154_request_channel_update
                0x0000000000007be8        0x4 _build/nrf_802154_request_direct.o
                0x0000000000007be8                nrf_802154_request_channel_update
 .text.nrf_raal_init
                0x0000000000007bec        0xc _build/single_phy.o
                0x0000000000007bec                nrf_raal_init
 .text.nrf_raal_continuous_mode_enter
                0x0000000000007bf8       0x30 _build/single_phy.o
                0x0000000000007bf8                nrf_raal_continuous_mode_enter
 .text.nrf_raal_continuous_mode_exit
                0x0000000000007c28       0x2c _build/single_phy.o
                0x0000000000007c28                nrf_raal_continuous_mode_exit
 .text.nrf_raal_continuous_ended
                0x0000000000007c54        0x2 _build/single_phy.o
                0x0000000000007c54                nrf_raal_continuous_ended
 *fill*         0x0000000000007c56        0x2 
 .text.nrf_raal_timeslot_request
                0x0000000000007c58       0x28 _build/single_phy.o
                0x0000000000007c58                nrf_raal_timeslot_request
 .text.nrf_raal_timeslot_us_left_get
                0x0000000000007c80        0x6 _build/single_phy.o
                0x0000000000007c80                nrf_raal_timeslot_us_left_get
 *fill*         0x0000000000007c86        0x2 
 .text.nrf_802154_clock_init
                0x0000000000007c88       0x2c _build/nrf_802154_clock_nodrv.o
                0x0000000000007c88                nrf_802154_clock_init
 .text.nrf_802154_clock_hfclk_start
                0x0000000000007cb4       0x1c _build/nrf_802154_clock_nodrv.o
                0x0000000000007cb4                nrf_802154_clock_hfclk_start
 .text.nrf_802154_clock_hfclk_stop
                0x0000000000007cd0        0xa _build/nrf_802154_clock_nodrv.o
                0x0000000000007cd0                nrf_802154_clock_hfclk_stop
 .text.nrf_802154_clock_lfclk_start
                0x0000000000007cda       0x1c _build/nrf_802154_clock_nodrv.o
                0x0000000000007cda                nrf_802154_clock_lfclk_start
 .text.POWER_CLOCK_IRQHandler
                0x0000000000007cf6       0x40 _build/nrf_802154_clock_nodrv.o
                0x0000000000007cf6                POWER_CLOCK_IRQHandler
 .text.nrf_802154_wifi_coex_init
                0x0000000000007d36        0x2 _build/nrf_802154_wifi_coex_none.o
                0x0000000000007d36                nrf_802154_wifi_coex_init
 .text.nrf_802154_wifi_coex_prio_request
                0x0000000000007d38        0x2 _build/nrf_802154_wifi_coex_none.o
                0x0000000000007d38                nrf_802154_wifi_coex_prio_request
 .text.nrf_802154_hp_timer_init
                0x0000000000007d3a        0x2 _build/nrf_802154_hp_timer.o
                0x0000000000007d3a                nrf_802154_hp_timer_init
 .text.nrf_802154_hp_timer_start
                0x0000000000007d3c       0x34 _build/nrf_802154_hp_timer.o
                0x0000000000007d3c                nrf_802154_hp_timer_start
 .text.nrf_802154_hp_timer_stop
                0x0000000000007d70        0xc _build/nrf_802154_hp_timer.o
                0x0000000000007d70                nrf_802154_hp_timer_stop
 .text.nrf_802154_hp_timer_sync_task_get
                0x0000000000007d7c        0x8 _build/nrf_802154_hp_timer.o
                0x0000000000007d7c                nrf_802154_hp_timer_sync_task_get
 .text.nrf_802154_hp_timer_sync_prepare
                0x0000000000007d84       0x20 _build/nrf_802154_hp_timer.o
                0x0000000000007d84                nrf_802154_hp_timer_sync_prepare
 .text.nrf_802154_hp_timer_sync_time_get
                0x0000000000007da4       0x3c _build/nrf_802154_hp_timer.o
                0x0000000000007da4                nrf_802154_hp_timer_sync_time_get
 .text.nrf_802154_hp_timer_timestamp_task_get
                0x0000000000007de0        0x8 _build/nrf_802154_hp_timer.o
                0x0000000000007de0                nrf_802154_hp_timer_timestamp_task_get
 .text.nrf_802154_hp_timer_timestamp_get
                0x0000000000007de8        0xc _build/nrf_802154_hp_timer.o
                0x0000000000007de8                nrf_802154_hp_timer_timestamp_get
 .text.NRF_802154_US_TO_RTC_TICKS
                0x0000000000007df4       0x8c _build/nrf_802154_lp_timer_nodrv.o
 .text.timer_start_at
                0x0000000000007e80       0x98 _build/nrf_802154_lp_timer_nodrv.o
 .text.nrf_rtc_event_clear.constprop.0
                0x0000000000007f18       0x18 _build/nrf_802154_lp_timer_nodrv.o
 .text.overflow_counter_get
                0x0000000000007f30       0xb4 _build/nrf_802154_lp_timer_nodrv.o
 .text.offset_and_counter_get
                0x0000000000007fe4       0x38 _build/nrf_802154_lp_timer_nodrv.o
 .text.curr_time_get
                0x000000000000801c       0x34 _build/nrf_802154_lp_timer_nodrv.o
 .text.nrf_802154_lp_timer_init
                0x0000000000008050       0x80 _build/nrf_802154_lp_timer_nodrv.o
                0x0000000000008050                nrf_802154_lp_timer_init
 .text.nrf_802154_lp_timer_critical_section_enter
                0x00000000000080d0       0x28 _build/nrf_802154_lp_timer_nodrv.o
                0x00000000000080d0                nrf_802154_lp_timer_critical_section_enter
 .text.nrf_802154_lp_timer_critical_section_exit
                0x00000000000080f8       0x1c _build/nrf_802154_lp_timer_nodrv.o
                0x00000000000080f8                nrf_802154_lp_timer_critical_section_exit
 .text.nrf_802154_lp_timer_time_get
                0x0000000000008114        0x8 _build/nrf_802154_lp_timer_nodrv.o
                0x0000000000008114                nrf_802154_lp_timer_time_get
 .text.nrf_802154_lp_timer_granularity_get
                0x000000000000811c        0x4 _build/nrf_802154_lp_timer_nodrv.o
                0x000000000000811c                nrf_802154_lp_timer_granularity_get
 .text.nrf_802154_lp_timer_start
                0x0000000000008120       0xa0 _build/nrf_802154_lp_timer_nodrv.o
                0x0000000000008120                nrf_802154_lp_timer_start
 .text.nrf_802154_lp_timer_stop
                0x00000000000081c0       0x1c _build/nrf_802154_lp_timer_nodrv.o
                0x00000000000081c0                nrf_802154_lp_timer_stop
 .text.nrf_802154_lp_timer_sync_start_now
                0x00000000000081dc       0x60 _build/nrf_802154_lp_timer_nodrv.o
                0x00000000000081dc                nrf_802154_lp_timer_sync_start_now
 .text.nrf_802154_lp_timer_sync_start_at
                0x000000000000823c       0x2c _build/nrf_802154_lp_timer_nodrv.o
                0x000000000000823c                nrf_802154_lp_timer_sync_start_at
 .text.nrf_802154_lp_timer_sync_stop
                0x0000000000008268       0x1c _build/nrf_802154_lp_timer_nodrv.o
                0x0000000000008268                nrf_802154_lp_timer_sync_stop
 .text.nrf_802154_lp_timer_sync_event_get
                0x0000000000008284        0x8 _build/nrf_802154_lp_timer_nodrv.o
                0x0000000000008284                nrf_802154_lp_timer_sync_event_get
 .text.nrf_802154_lp_timer_sync_time_get
                0x000000000000828c        0xc _build/nrf_802154_lp_timer_nodrv.o
                0x000000000000828c                nrf_802154_lp_timer_sync_time_get
 .text.nrf_802154_clock_lfclk_ready
                0x0000000000008298        0xc _build/nrf_802154_lp_timer_nodrv.o
                0x0000000000008298                nrf_802154_clock_lfclk_ready
 .text.RTC2_IRQHandler
                0x00000000000082a4       0xa8 _build/nrf_802154_lp_timer_nodrv.o
                0x00000000000082a4                RTC2_IRQHandler
 .text.nrf_802154_random_init
                0x000000000000834c       0x20 _build/nrf_802154_random_stdlib.o
                0x000000000000834c                nrf_802154_random_init
 .text.nrf_802154_random_get
                0x000000000000836c        0x4 _build/nrf_802154_random_stdlib.o
                0x000000000000836c                nrf_802154_random_get
 .text.nrf_802154_temperature_init
                0x0000000000008370        0x2 _build/nrf_802154_temperature_none.o
                0x0000000000008370                nrf_802154_temperature_init
 .text.nrf_802154_temperature_get
                0x0000000000008372        0x4 _build/nrf_802154_temperature_none.o
                0x0000000000008372                nrf_802154_temperature_get
 *fill*         0x0000000000008376        0x2 
 .text.__NVIC_SystemReset
                0x0000000000008378       0x24 _build/system_nrf52833.o
 .text.errata_36
                0x000000000000839c       0x1a _build/system_nrf52833.o
 *fill*         0x00000000000083b6        0x2 
 .text.SystemInit
                0x00000000000083b8      0x19c _build/system_nrf52833.o
                0x00000000000083b8                SystemInit
 .text          0x0000000000008554       0x3c _build/gcc_startup_nrf52833.os
                0x0000000000008554                Reset_Handler
                0x000000000000857c                NMI_Handler
                0x0000000000008580                MemoryManagement_Handler
                0x0000000000008582                BusFault_Handler
                0x0000000000008584                UsageFault_Handler
                0x0000000000008586                SVC_Handler
                0x0000000000008588                DebugMon_Handler
                0x000000000000858a                PendSV_Handler
                0x000000000000858c                SysTick_Handler
                0x000000000000858e                TIMER2_IRQHandler
                0x000000000000858e                RTC0_IRQHandler
                0x000000000000858e                SWI2_EGU2_IRQHandler
                0x000000000000858e                PDM_IRQHandler
                0x000000000000858e                TEMP_IRQHandler
                0x000000000000858e                QDEC_IRQHandler
                0x000000000000858e                TIMER3_IRQHandler
                0x000000000000858e                PWM3_IRQHandler
                0x000000000000858e                FPU_IRQHandler
                0x000000000000858e                USBD_IRQHandler
                0x000000000000858e                TIMER4_IRQHandler
                0x000000000000858e                I2S_IRQHandler
                0x000000000000858e                SWI4_EGU4_IRQHandler
                0x000000000000858e                SPIM3_IRQHandler
                0x000000000000858e                PWM2_IRQHandler
                0x000000000000858e                ECB_IRQHandler
                0x000000000000858e                Default_Handler
                0x000000000000858e                CCM_AAR_IRQHandler
                0x000000000000858e                WDT_IRQHandler
                0x000000000000858e                SWI5_EGU5_IRQHandler
                0x000000000000858e                RNG_IRQHandler
                0x000000000000858e                SWI3_EGU3_IRQHandler
                0x000000000000858e                SWI1_EGU1_IRQHandler
                0x000000000000858e                NFCT_IRQHandler
                0x000000000000858e                MWU_IRQHandler
                0x000000000000858e                COMP_LPCOMP_IRQHandler
 .text          0x0000000000008590       0x4c /usr/lib/gcc/arm-none-eabi/10.3.1/../../../arm-none-eabi/lib/thumb/v7e-m+fp/hard/libc.a(lib_a-assert.o)
                0x0000000000008590                __assert_func
                0x00000000000085d0                __assert
 .text          0x00000000000085dc        0xc /usr/lib/gcc/arm-none-eabi/10.3.1/../../../arm-none-eabi/lib/thumb/v7e-m+fp/hard/libc.a(lib_a-atexit.o)
                0x00000000000085dc                atexit
 .text          0x00000000000085e8       0x20 /usr/lib/gcc/arm-none-eabi/10.3.1/../../../arm-none-eabi/lib/thumb/v7e-m+fp/hard/libc.a(lib_a-exit.o)
                0x00000000000085e8                exit
 .text          0x0000000000008608       0x2c /usr/lib/gcc/arm-none-eabi/10.3.1/../../../arm-none-eabi/lib/thumb/v7e-m+fp/hard/libc.a(lib_a-fini.o)
                0x0000000000008608                __libc_fini_array
 .text          0x0000000000008634       0x44 /usr/lib/gcc/arm-none-eabi/10.3.1/../../../arm-none-eabi/lib/thumb/v7e-m+fp/hard/libc.a(lib_a-fiprintf.o)
                0x0000000000008634                _fiprintf_r
                0x0000000000008650                fiprintf
 .text          0x0000000000008678       0x48 /usr/lib/gcc/arm-none-eabi/10.3.1/../../../arm-none-eabi/lib/thumb/v7e-m+fp/hard/libc.a(lib_a-init.o)
                0x0000000000008678                __libc_init_array
 .text          0x00000000000086c0       0x64 /usr/lib/gcc/arm-none-eabi/10.3.1/../../../arm-none-eabi/lib/thumb/v7e-m+fp/hard/libc.a(lib_a-memcmp.o)
                0x00000000000086c0                memcmp
 .text          0x0000000000008724      0x134 /usr/lib/gcc/arm-none-eabi/10.3.1/../../../arm-none-eabi/lib/thumb/v7e-m+fp/hard/libc.a(lib_a-memcpy.o)
                0x0000000000008724                memcpy
 .text          0x0000000000008858       0xf8 /usr/lib/gcc/arm-none-eabi/10.3.1/../../../arm-none-eabi/lib/thumb/v7e-m+fp/hard/libc.a(lib_a-memmove.o)
                0x0000000000008858                memmove
 .text          0x0000000000008950       0xa4 /usr/lib/gcc/arm-none-eabi/10.3.1/../../../arm-none-eabi/lib/thumb/v7e-m+fp/hard/libc.a(lib_a-memset.o)
                0x0000000000008950                memset
 .text          0x00000000000089f4       0x48 /usr/lib/gcc/arm-none-eabi/10.3.1/../../../arm-none-eabi/lib/thumb/v7e-m+fp/hard/libc.a(lib_a-printf.o)
                0x00000000000089f4                _printf_r
                0x0000000000008a14                printf
 .text          0x0000000000008a3c       0x4c /usr/lib/gcc/arm-none-eabi/10.3.1/../../../arm-none-eabi/lib/thumb/v7e-m+fp/hard/libc.a(lib_a-rand.o)
                0x0000000000008a3c                srand
                0x0000000000008a4c                rand
 .text          0x0000000000008a88       0x10 /usr/lib/gcc/arm-none-eabi/10.3.1/../../../arm-none-eabi/lib/thumb/v7e-m+fp/hard/libc.a(lib_a-setbuf.o)
                0x0000000000008a88                setbuf
 .text          0x0000000000008a98      0x174 /usr/lib/gcc/arm-none-eabi/10.3.1/../../../arm-none-eabi/lib/thumb/v7e-m+fp/hard/libc.a(lib_a-setvbuf.o)
                0x0000000000008a98                setvbuf
 *fill*         0x0000000000008c0c       0x34 
 .text          0x0000000000008c40       0xdc /usr/lib/gcc/arm-none-eabi/10.3.1/../../../arm-none-eabi/lib/thumb/v7e-m+fp/hard/libc.a(lib_a-strlen.o)
                0x0000000000008c40                strlen
 .text          0x0000000000008d1c      0xd44 /usr/lib/gcc/arm-none-eabi/10.3.1/../../../arm-none-eabi/lib/thumb/v7e-m+fp/hard/libc.a(lib_a-vfiprintf.o)
                0x0000000000008d94                __sprint_r
                0x0000000000008dac                _vfiprintf_r
                0x00000000000099d8                vfiprintf
 .text          0x0000000000009a60     0x159c /usr/lib/gcc/arm-none-eabi/10.3.1/../../../arm-none-eabi/lib/thumb/v7e-m+fp/hard/libc.a(lib_a-vfprintf.o)
                0x0000000000009a60                _vfprintf_r
                0x000000000000af74                vfprintf
 .text          0x000000000000affc       0xd4 /usr/lib/gcc/arm-none-eabi/10.3.1/../../../arm-none-eabi/lib/thumb/v7e-m+fp/hard/libc.a(lib_a-wsetup.o)
                0x000000000000affc                __swsetup_r
 .text          0x000000000000b0d0       0x68 /usr/lib/gcc/arm-none-eabi/10.3.1/../../../arm-none-eabi/lib/thumb/v7e-m+fp/hard/libc.a(lib_a-__atexit.o)
                0x000000000000b0d0                __register_exitproc
 .text          0x000000000000b138       0xb8 /usr/lib/gcc/arm-none-eabi/10.3.1/../../../arm-none-eabi/lib/thumb/v7e-m+fp/hard/libc.a(lib_a-__call_atexit.o)
                0x000000000000b138                __call_exitprocs
 .text.startup  0x000000000000b1f0       0x14 /usr/lib/gcc/arm-none-eabi/10.3.1/../../../arm-none-eabi/lib/thumb/v7e-m+fp/hard/libc.a(lib_a-__call_atexit.o)
 .text          0x000000000000b204       0x10 /usr/lib/gcc/arm-none-eabi/10.3.1/../../../arm-none-eabi/lib/thumb/v7e-m+fp/hard/libc.a(lib_a-abort.o)
                0x000000000000b204                abort
 *fill*         0x000000000000b214        0x4 
 .text          0x000000000000b218     0x1064 /usr/lib/gcc/arm-none-eabi/10.3.1/../../../arm-none-eabi/lib/thumb/v7e-m+fp/hard/libc.a(lib_a-dtoa.o)
                0x000000000000b340                _dtoa_r
 .text          0x000000000000c27c      0x1ac /usr/lib/gcc/arm-none-eabi/10.3.1/../../../arm-none-eabi/lib/thumb/v7e-m+fp/hard/libc.a(lib_a-fflush.o)
                0x000000000000c27c                __sflush_r
                0x000000000000c3ac                _fflush_r
                0x000000000000c3d8                fflush
 .text          0x000000000000c428      0x218 /usr/lib/gcc/arm-none-eabi/10.3.1/../../../arm-none-eabi/lib/thumb/v7e-m+fp/hard/libc.a(lib_a-findfp.o)
                0x000000000000c42c                _cleanup_r
                0x000000000000c514                __sfmoreglue
                0x000000000000c544                __sfp
                0x000000000000c5ec                _cleanup
                0x000000000000c600                __sinit
                0x000000000000c608                __sfp_lock_acquire
                0x000000000000c60c                __sfp_lock_release
                0x000000000000c610                __sinit_lock_acquire
                0x000000000000c614                __sinit_lock_release
                0x000000000000c618                __fp_lock_all
                0x000000000000c62c                __fp_unlock_all
 .text          0x000000000000c640      0x118 /usr/lib/gcc/arm-none-eabi/10.3.1/../../../arm-none-eabi/lib/thumb/v7e-m+fp/hard/libc.a(lib_a-fputwc.o)
                0x000000000000c640                __fputwc
                0x000000000000c6e8                _fputwc_r
                0x000000000000c710                fputwc
 .text          0x000000000000c758      0x2ac /usr/lib/gcc/arm-none-eabi/10.3.1/../../../arm-none-eabi/lib/thumb/v7e-m+fp/hard/libc.a(lib_a-freer.o)
                0x000000000000c758                _malloc_trim_r
                0x000000000000c7f8                _free_r
 .text          0x000000000000ca04      0x2f0 /usr/lib/gcc/arm-none-eabi/10.3.1/../../../arm-none-eabi/lib/thumb/v7e-m+fp/hard/libc.a(lib_a-fvwrite.o)
                0x000000000000ca04                __sfvwrite_r
 .text          0x000000000000ccf4       0x88 /usr/lib/gcc/arm-none-eabi/10.3.1/../../../arm-none-eabi/lib/thumb/v7e-m+fp/hard/libc.a(lib_a-fwalk.o)
                0x000000000000ccf4                _fwalk
                0x000000000000cd34                _fwalk_reent
 .text          0x000000000000cd7c       0x8c /usr/lib/gcc/arm-none-eabi/10.3.1/../../../arm-none-eabi/lib/thumb/v7e-m+fp/hard/libc.a(lib_a-locale.o)
                0x000000000000cd7c                _setlocale_r
                0x000000000000cdbc                __locale_mb_cur_max
                0x000000000000cdc8                setlocale
 .text          0x000000000000ce08       0x14 /usr/lib/gcc/arm-none-eabi/10.3.1/../../../arm-none-eabi/lib/thumb/v7e-m+fp/hard/libc.a(lib_a-localeconv.o)
                0x000000000000ce08                __localeconv_l
                0x000000000000ce0c                _localeconv_r
                0x000000000000ce14                localeconv
 .text          0x000000000000ce1c      0x140 /usr/lib/gcc/arm-none-eabi/10.3.1/../../../arm-none-eabi/lib/thumb/v7e-m+fp/hard/libc.a(lib_a-makebuf.o)
                0x000000000000ce1c                __smakebuf_r
                0x000000000000cefc                __swhatbuf_r
 .text          0x000000000000cf5c       0x20 /usr/lib/gcc/arm-none-eabi/10.3.1/../../../arm-none-eabi/lib/thumb/v7e-m+fp/hard/libc.a(lib_a-malloc.o)
                0x000000000000cf5c                malloc
                0x000000000000cf6c                free
 .text          0x000000000000cf7c      0x554 /usr/lib/gcc/arm-none-eabi/10.3.1/../../../arm-none-eabi/lib/thumb/v7e-m+fp/hard/libc.a(lib_a-mallocr.o)
                0x000000000000cf7c                _malloc_r
 .text          0x000000000000d4d0       0x40 /usr/lib/gcc/arm-none-eabi/10.3.1/../../../arm-none-eabi/lib/thumb/v7e-m+fp/hard/libc.a(lib_a-mbtowc_r.o)
                0x000000000000d4d0                _mbtowc_r
                0x000000000000d4e4                __ascii_mbtowc
 .text          0x000000000000d510       0xa0 /usr/lib/gcc/arm-none-eabi/10.3.1/../../../arm-none-eabi/lib/thumb/v7e-m+fp/hard/libc.a(lib_a-memchr.o)
                0x000000000000d510                memchr
 .text          0x000000000000d5b0        0x8 /usr/lib/gcc/arm-none-eabi/10.3.1/../../../arm-none-eabi/lib/thumb/v7e-m+fp/hard/libc.a(lib_a-mlock.o)
                0x000000000000d5b0                __malloc_lock
                0x000000000000d5b4                __malloc_unlock
 .text          0x000000000000d5b8      0xaa0 /usr/lib/gcc/arm-none-eabi/10.3.1/../../../arm-none-eabi/lib/thumb/v7e-m+fp/hard/libc.a(lib_a-mprec.o)
                0x000000000000d5b8                _Balloc
                0x000000000000d604                _Bfree
                0x000000000000d618                __multadd
                0x000000000000d6c0                __s2b
                0x000000000000d774                __hi0bits
                0x000000000000d7b4                __lo0bits
                0x000000000000d814                __i2b
                0x000000000000d870                __multiply
                0x000000000000d9cc                __pow5mult
                0x000000000000da8c                __lshift
                0x000000000000db7c                __mcmp
                0x000000000000dbc0                __mdiff
                0x000000000000dd0c                __ulp
                0x000000000000dd6c                __b2d
                0x000000000000de2c                __d2b
                0x000000000000defc                __ratio
                0x000000000000df58                _mprec_log10
                0x000000000000df98                __copybits
                0x000000000000dff4                __any_on
 .text          0x000000000000e058      0x3d8 /usr/lib/gcc/arm-none-eabi/10.3.1/../../../arm-none-eabi/lib/thumb/v7e-m+fp/hard/libc.a(lib_a-reallocr.o)
                0x000000000000e058                _realloc_r
 .text          0x000000000000e430       0x24 /usr/lib/gcc/arm-none-eabi/10.3.1/../../../arm-none-eabi/lib/thumb/v7e-m+fp/hard/libc.a(lib_a-sbrkr.o)
                0x000000000000e430                _sbrk_r
 .text          0x000000000000e454      0x288 /usr/lib/gcc/arm-none-eabi/10.3.1/../../../arm-none-eabi/lib/thumb/v7e-m+fp/hard/libc.a(lib_a-signal.o)
                0x000000000000e454                _init_signal_r
                0x000000000000e484                _signal_r
                0x000000000000e4d0                _raise_r
                0x000000000000e528                __sigtramp_r
                0x000000000000e58c                raise
                0x000000000000e5e8                signal
                0x000000000000e63c                _init_signal
                0x000000000000e674                __sigtramp
 .text          0x000000000000e6dc       0x30 /usr/lib/gcc/arm-none-eabi/10.3.1/../../../arm-none-eabi/lib/thumb/v7e-m+fp/hard/libc.a(lib_a-signalr.o)
                0x000000000000e6dc                _kill_r
                0x000000000000e708                _getpid_r
 .text          0x000000000000e70c       0x90 /usr/lib/gcc/arm-none-eabi/10.3.1/../../../arm-none-eabi/lib/thumb/v7e-m+fp/hard/libc.a(lib_a-stdio.o)
                0x000000000000e70c                __sread
                0x000000000000e730                __seofread
                0x000000000000e734                __swrite
                0x000000000000e774                __sseek
                0x000000000000e794                __sclose
 *fill*         0x000000000000e79c        0x4 
 .text          0x000000000000e7a0      0x2dc /usr/lib/gcc/arm-none-eabi/10.3.1/../../../arm-none-eabi/lib/thumb/v7e-m+fp/hard/libc.a(lib_a-strcmp.o)
                0x000000000000e7a8                strcmp
 .text          0x000000000000ea7c       0xc8 /usr/lib/gcc/arm-none-eabi/10.3.1/../../../arm-none-eabi/lib/thumb/v7e-m+fp/hard/libc.a(lib_a-wbuf.o)
                0x000000000000ea7c                __swbuf_r
                0x000000000000eb2c                __swbuf
 .text          0x000000000000eb44       0x88 /usr/lib/gcc/arm-none-eabi/10.3.1/../../../arm-none-eabi/lib/thumb/v7e-m+fp/hard/libc.a(lib_a-wcrtomb.o)
                0x000000000000eb44                _wcrtomb_r
                0x000000000000eb80                wcrtomb
 .text          0x000000000000ebcc       0x30 /usr/lib/gcc/arm-none-eabi/10.3.1/../../../arm-none-eabi/lib/thumb/v7e-m+fp/hard/libc.a(lib_a-wctomb_r.o)
                0x000000000000ebcc                _wctomb_r
                0x000000000000ebe0                __ascii_wctomb
 .text          0x000000000000ebfc       0x2c /usr/lib/gcc/arm-none-eabi/10.3.1/../../../arm-none-eabi/lib/thumb/v7e-m+fp/hard/libc.a(lib_a-writer.o)
                0x000000000000ebfc                _write_r
 .text          0x000000000000ec28       0x60 /usr/lib/gcc/arm-none-eabi/10.3.1/../../../arm-none-eabi/lib/thumb/v7e-m+fp/hard/libc.a(lib_a-callocr.o)
                0x000000000000ec28                _calloc_r
 .text          0x000000000000ec88       0x24 /usr/lib/gcc/arm-none-eabi/10.3.1/../../../arm-none-eabi/lib/thumb/v7e-m+fp/hard/libc.a(lib_a-closer.o)
                0x000000000000ec88                _close_r
 .text          0x000000000000ecac       0xd4 /usr/lib/gcc/arm-none-eabi/10.3.1/../../../arm-none-eabi/lib/thumb/v7e-m+fp/hard/libc.a(lib_a-fclose.o)
                0x000000000000ed10                _fclose_r
                0x000000000000ed44                fclose
 .text          0x000000000000ed80       0x2c /usr/lib/gcc/arm-none-eabi/10.3.1/../../../arm-none-eabi/lib/thumb/v7e-m+fp/hard/libc.a(lib_a-fstatr.o)
                0x000000000000ed80                _fstat_r
 .text          0x000000000000edac       0x24 /usr/lib/gcc/arm-none-eabi/10.3.1/../../../arm-none-eabi/lib/thumb/v7e-m+fp/hard/libc.a(lib_a-isattyr.o)
                0x000000000000edac                _isatty_r
 .text          0x000000000000edd0       0x2c /usr/lib/gcc/arm-none-eabi/10.3.1/../../../arm-none-eabi/lib/thumb/v7e-m+fp/hard/libc.a(lib_a-lseekr.o)
                0x000000000000edd0                _lseek_r
 .text          0x000000000000edfc       0x2c /usr/lib/gcc/arm-none-eabi/10.3.1/../../../arm-none-eabi/lib/thumb/v7e-m+fp/hard/libc.a(lib_a-readr.o)
                0x000000000000edfc                _read_r
 .text          0x000000000000ee28       0x10 /usr/lib/gcc/arm-none-eabi/10.3.1/../../../arm-none-eabi/lib/thumb/v7e-m+fp/hard/libnosys.a(close.o)
                0x000000000000ee28                _close
 .text          0x000000000000ee38       0x10 /usr/lib/gcc/arm-none-eabi/10.3.1/../../../arm-none-eabi/lib/thumb/v7e-m+fp/hard/libnosys.a(fstat.o)
                0x000000000000ee38                _fstat
 .text          0x000000000000ee48       0x10 /usr/lib/gcc/arm-none-eabi/10.3.1/../../../arm-none-eabi/lib/thumb/v7e-m+fp/hard/libnosys.a(getpid.o)
                0x000000000000ee48                _getpid
 .text          0x000000000000ee58       0x10 /usr/lib/gcc/arm-none-eabi/10.3.1/../../../arm-none-eabi/lib/thumb/v7e-m+fp/hard/libnosys.a(isatty.o)
                0x000000000000ee58                _isatty
 .text          0x000000000000ee68       0x10 /usr/lib/gcc/arm-none-eabi/10.3.1/../../../arm-none-eabi/lib/thumb/v7e-m+fp/hard/libnosys.a(kill.o)
                0x000000000000ee68                _kill
 .text          0x000000000000ee78       0x10 /usr/lib/gcc/arm-none-eabi/10.3.1/../../../arm-none-eabi/lib/thumb/v7e-m+fp/hard/libnosys.a(lseek.o)
                0x000000000000ee78                _lseek
 .text          0x000000000000ee88       0x1c /usr/lib/gcc/arm-none-eabi/10.3.1/../../../arm-none-eabi/lib/thumb/v7e-m+fp/hard/libnosys.a(sbrk.o)
                0x000000000000ee88                _sbrk
 .text          0x000000000000eea4        0x4 /usr/lib/gcc/arm-none-eabi/10.3.1/../../../arm-none-eabi/lib/thumb/v7e-m+fp/hard/libnosys.a(_exit.o)
                0x000000000000eea4                _exit
 .text          0x000000000000eea8      0x378 /usr/lib/gcc/arm-none-eabi/10.3.1/thumb/v7e-m+fp/hard/libgcc.a(_arm_addsubdf3.o)
                0x000000000000eea8                __aeabi_drsub
                0x000000000000eeb0                __aeabi_dsub
                0x000000000000eeb0                __subdf3
                0x000000000000eeb4                __adddf3
                0x000000000000eeb4                __aeabi_dadd
                0x000000000000f12c                __aeabi_ui2d
                0x000000000000f12c                __floatunsidf
                0x000000000000f14c                __floatsidf
                0x000000000000f14c                __aeabi_i2d
                0x000000000000f170                __extendsfdf2
                0x000000000000f170                __aeabi_f2d
                0x000000000000f1b4                __aeabi_ul2d
                0x000000000000f1b4                __floatundidf
                0x000000000000f1c4                __floatdidf
                0x000000000000f1c4                __aeabi_l2d
 .text          0x000000000000f220      0x424 /usr/lib/gcc/arm-none-eabi/10.3.1/thumb/v7e-m+fp/hard/libgcc.a(_arm_muldivdf3.o)
                0x000000000000f220                __aeabi_dmul
                0x000000000000f220                __muldf3
                0x000000000000f474                __aeabi_ddiv
                0x000000000000f474                __divdf3
 .text          0x000000000000f644      0x110 /usr/lib/gcc/arm-none-eabi/10.3.1/thumb/v7e-m+fp/hard/libgcc.a(_arm_cmpdf2.o)
                0x000000000000f644                __gtdf2
                0x000000000000f644                __gedf2
                0x000000000000f64c                __ltdf2
                0x000000000000f64c                __ledf2
                0x000000000000f654                __cmpdf2
                0x000000000000f654                __eqdf2
                0x000000000000f654                __nedf2
                0x000000000000f6d0                __aeabi_cdrcmple
                0x000000000000f6e0                __aeabi_cdcmple
                0x000000000000f6e0                __aeabi_cdcmpeq
                0x000000000000f6f0                __aeabi_dcmpeq
                0x000000000000f704                __aeabi_dcmplt
                0x000000000000f718                __aeabi_dcmple
                0x000000000000f72c                __aeabi_dcmpge
                0x000000000000f740                __aeabi_dcmpgt
 .text          0x000000000000f754       0x2c /usr/lib/gcc/arm-none-eabi/10.3.1/thumb/v7e-m+fp/hard/libgcc.a(_arm_unorddf2.o)
                0x000000000000f754                __aeabi_dcmpun
                0x000000000000f754                __unorddf2
 .text          0x000000000000f780       0x50 /usr/lib/gcc/arm-none-eabi/10.3.1/thumb/v7e-m+fp/hard/libgcc.a(_arm_fixdfsi.o)
                0x000000000000f780                __fixdfsi
                0x000000000000f780                __aeabi_d2iz
 .text          0x000000000000f7d0       0xa0 /usr/lib/gcc/arm-none-eabi/10.3.1/thumb/v7e-m+fp/hard/libgcc.a(_aeabi_ldivmod.o)
                0x000000000000f7d0                __aeabi_ldivmod
 .text          0x000000000000f870       0x30 /usr/lib/gcc/arm-none-eabi/10.3.1/thumb/v7e-m+fp/hard/libgcc.a(_aeabi_uldivmod.o)
                0x000000000000f870                __aeabi_uldivmod
 .text          0x000000000000f8a0      0x2d0 /usr/lib/gcc/arm-none-eabi/10.3.1/thumb/v7e-m+fp/hard/libgcc.a(_udivmoddi4.o)
                0x000000000000f8a0                __udivmoddi4
 .text          0x000000000000fb70        0x4 /usr/lib/gcc/arm-none-eabi/10.3.1/thumb/v7e-m+fp/hard/libgcc.a(_dvmd_tls.o)
                0x000000000000fb70                __aeabi_ldiv0
                0x000000000000fb70                __aeabi_idiv0
 *(.init)
 .init          0x000000000000fb74        0x4 /usr/lib/gcc/arm-none-eabi/10.3.1/thumb/v7e-m+fp/hard/crti.o
                0x000000000000fb74                _init
 .init          0x000000000000fb78        0x8 /usr/lib/gcc/arm-none-eabi/10.3.1/thumb/v7e-m+fp/hard/crtn.o
 *(.fini)
 .fini          0x000000000000fb80        0x4 /usr/lib/gcc/arm-none-eabi/10.3.1/thumb/v7e-m+fp/hard/crti.o
                0x000000000000fb80                _fini
 .fini          0x000000000000fb84        0x8 /usr/lib/gcc/arm-none-eabi/10.3.1/thumb/v7e-m+fp/hard/crtn.o
 *crtbegin.o(.ctors)
 *crtbegin?.o(.ctors)
 *(EXCLUDE_FILE(*crtend.o *crtend?.o) .ctors)
 *(SORT_BY_NAME(.ctors.*))
 *(.ctors)
 *crtbegin.o(.dtors)
 *crtbegin?.o(.dtors)
 *(EXCLUDE_FILE(*crtend.o *crtend?.o) .dtors)
 *(SORT_BY_NAME(.dtors.*))
 *(.dtors)
 *(.rodata*)
 .rodata.control_motors.str1.1
                0x000000000000fb8c       0x32 _build/main.o
 .rodata.nrf_802154_received_raw.str1.1
                0x000000000000fbbe        0xe _build/main.o
 .rodata.main.str1.1
                0x000000000000fbcc       0xa6 _build/main.o
 *fill*         0x000000000000fc72        0x2 
 .rodata        0x000000000000fc74       0x1c _build/main.o
 .rodata.PWM_INST
                0x000000000000fc90        0x8 _build/main.o
 *fill*         0x000000000000fc98        0x8 
 .rodata.delay_machine_code.0
                0x000000000000fca0        0x6 _build/main.o
 *fill*         0x000000000000fca6        0x2 
 .rodata.motobit_twi_mngr_instance
                0x000000000000fca8       0x18 _build/main.o
 .rodata.my_timer_1
                0x000000000000fcc0        0x4 _build/main.o
 .rodata.my_timer_2
                0x000000000000fcc4        0x4 _build/main.o
 *fill*         0x000000000000fcc8        0x8 
 .rodata.delay_machine_code.0
                0x000000000000fcd0        0x6 _build/motobit.o
 .rodata.nrf_gpio_pin_port_decode.str1.1
                0x000000000000fcd6       0x43 _build/better_error_handling.o
 .rodata.app_error_fault_handler.str1.1
                0x000000000000fd19       0x78 _build/better_error_handling.o
 .rodata.HardFault_c_handler.str1.1
                0x000000000000fd91      0x12e _build/better_error_handling.o
 .rodata.str1.1
                0x000000000000febf      0x4b6 _build/better_error_handling.o
 .rodata.LED_COLS
                0x0000000000010375        0x5 _build/better_error_handling.o
 .rodata.LED_ROWS
                0x000000000001037a        0x5 _build/better_error_handling.o
 *fill*         0x000000000001037f        0x1 
 .rodata.cfsr_msgs.0
                0x0000000000010380       0x68 _build/better_error_handling.o
 *fill*         0x00000000000103e8        0x8 
 .rodata.delay_machine_code.1
                0x00000000000103f0        0x6 _build/better_error_handling.o
 .rodata.called_first.str1.1
                0x00000000000103f6       0xa4 _build/microbit_before_startup.o
 *fill*         0x000000000001049a        0x6 
 .rodata.delay_machine_code.0