Archive member included to satisfy reference by file (symbol)

/usr/lib/gcc/arm-none-eabi/10.3.1/../../../arm-none-eabi/lib/thumb/v7e-m+fp/hard/libc.a(lib_a-atexit.o)
                              /usr/lib/gcc/arm-none-eabi/10.3.1/../../../arm-none-eabi/lib/thumb/v7e-m+fp/hard/crt0.o (atexit)
/usr/lib/gcc/arm-none-eabi/10.3.1/../../../arm-none-eabi/lib/thumb/v7e-m+fp/hard/libc.a(lib_a-ctype_.o)
                              _build/nrf_log_str_formatter.o (_ctype_)
/usr/lib/gcc/arm-none-eabi/10.3.1/../../../arm-none-eabi/lib/thumb/v7e-m+fp/hard/libc.a(lib_a-exit.o)
                              /usr/lib/gcc/arm-none-eabi/10.3.1/../../../arm-none-eabi/lib/thumb/v7e-m+fp/hard/crt0.o (exit)
/usr/lib/gcc/arm-none-eabi/10.3.1/../../../arm-none-eabi/lib/thumb/v7e-m+fp/hard/libc.a(lib_a-fini.o)
                              /usr/lib/gcc/arm-none-eabi/10.3.1/../../../arm-none-eabi/lib/thumb/v7e-m+fp/hard/crt0.o (__libc_fini_array)
/usr/lib/gcc/arm-none-eabi/10.3.1/../../../arm-none-eabi/lib/thumb/v7e-m+fp/hard/libc.a(lib_a-impure.o)
                              /usr/lib/gcc/arm-none-eabi/10.3.1/../../../arm-none-eabi/lib/thumb/v7e-m+fp/hard/libc.a(lib_a-exit.o) (_global_impure_ptr)
/usr/lib/gcc/arm-none-eabi/10.3.1/../../../arm-none-eabi/lib/thumb/v7e-m+fp/hard/libc.a(lib_a-init.o)
                              /usr/lib/gcc/arm-none-eabi/10.3.1/../../../arm-none-eabi/lib/thumb/v7e-m+fp/hard/crt0.o (__libc_init_array)
/usr/lib/gcc/arm-none-eabi/10.3.1/../../../arm-none-eabi/lib/thumb/v7e-m+fp/hard/libc.a(lib_a-memcmp.o)
                              _build/nrf_twi_mngr.o (memcmp)
/usr/lib/gcc/arm-none-eabi/10.3.1/../../../arm-none-eabi/lib/thumb/v7e-m+fp/hard/libc.a(lib_a-memcpy.o)
                              _build/app_scheduler.o (memcpy)
/usr/lib/gcc/arm-none-eabi/10.3.1/../../../arm-none-eabi/lib/thumb/v7e-m+fp/hard/libc.a(lib_a-memset.o)
                              /usr/lib/gcc/arm-none-eabi/10.3.1/../../../arm-none-eabi/lib/thumb/v7e-m+fp/hard/crt0.o (memset)
/usr/lib/gcc/arm-none-eabi/10.3.1/../../../arm-none-eabi/lib/thumb/v7e-m+fp/hard/libc.a(lib_a-printf.o)
                              _build/main.o (printf)
/usr/lib/gcc/arm-none-eabi/10.3.1/../../../arm-none-eabi/lib/thumb/v7e-m+fp/hard/libc.a(lib_a-setbuf.o)
                              _build/microbit_before_startup.o (setbuf)
/usr/lib/gcc/arm-none-eabi/10.3.1/../../../arm-none-eabi/lib/thumb/v7e-m+fp/hard/libc.a(lib_a-setvbuf.o)
                              /usr/lib/gcc/arm-none-eabi/10.3.1/../../../arm-none-eabi/lib/thumb/v7e-m+fp/hard/libc.a(lib_a-setbuf.o) (setvbuf)
/usr/lib/gcc/arm-none-eabi/10.3.1/../../../arm-none-eabi/lib/thumb/v7e-m+fp/hard/libc.a(lib_a-strlen.o)
                              _build/nrf_fprintf_format.o (strlen)
/usr/lib/gcc/arm-none-eabi/10.3.1/../../../arm-none-eabi/lib/thumb/v7e-m+fp/hard/libc.a(lib_a-vfprintf.o)
                              /usr/lib/gcc/arm-none-eabi/10.3.1/../../../arm-none-eabi/lib/thumb/v7e-m+fp/hard/libc.a(lib_a-printf.o) (_vfprintf_r)
/usr/lib/gcc/arm-none-eabi/10.3.1/../../../arm-none-eabi/lib/thumb/v7e-m+fp/hard/libc.a(lib_a-wsetup.o)
                              /usr/lib/gcc/arm-none-eabi/10.3.1/../../../arm-none-eabi/lib/thumb/v7e-m+fp/hard/libc.a(lib_a-vfprintf.o) (__swsetup_r)
/usr/lib/gcc/arm-none-eabi/10.3.1/../../../arm-none-eabi/lib/thumb/v7e-m+fp/hard/libc.a(lib_a-__atexit.o)
                              /usr/lib/gcc/arm-none-eabi/10.3.1/../../../arm-none-eabi/lib/thumb/v7e-m+fp/hard/libc.a(lib_a-atexit.o) (__register_exitproc)
/usr/lib/gcc/arm-none-eabi/10.3.1/../../../arm-none-eabi/lib/thumb/v7e-m+fp/hard/libc.a(lib_a-__call_atexit.o)
                              /usr/lib/gcc/arm-none-eabi/10.3.1/../../../arm-none-eabi/lib/thumb/v7e-m+fp/hard/libc.a(lib_a-exit.o) (__call_exitprocs)
/usr/lib/gcc/arm-none-eabi/10.3.1/../../../arm-none-eabi/lib/thumb/v7e-m+fp/hard/libc.a(lib_a-dtoa.o)
                              /usr/lib/gcc/arm-none-eabi/10.3.1/../../../arm-none-eabi/lib/thumb/v7e-m+fp/hard/libc.a(lib_a-vfprintf.o) (_dtoa_r)
/usr/lib/gcc/arm-none-eabi/10.3.1/../../../arm-none-eabi/lib/thumb/v7e-m+fp/hard/libc.a(lib_a-fflush.o)
                              /usr/lib/gcc/arm-none-eabi/10.3.1/../../../arm-none-eabi/lib/thumb/v7e-m+fp/hard/libc.a(lib_a-setvbuf.o) (_fflush_r)
/usr/lib/gcc/arm-none-eabi/10.3.1/../../../arm-none-eabi/lib/thumb/v7e-m+fp/hard/libc.a(lib_a-findfp.o)
                              /usr/lib/gcc/arm-none-eabi/10.3.1/../../../arm-none-eabi/lib/thumb/v7e-m+fp/hard/libc.a(lib_a-setvbuf.o) (__sinit)
/usr/lib/gcc/arm-none-eabi/10.3.1/../../../arm-none-eabi/lib/thumb/v7e-m+fp/hard/libc.a(lib_a-freer.o)
                              /usr/lib/gcc/arm-none-eabi/10.3.1/../../../arm-none-eabi/lib/thumb/v7e-m+fp/hard/libc.a(lib_a-setvbuf.o) (_free_r)
/usr/lib/gcc/arm-none-eabi/10.3.1/../../../arm-none-eabi/lib/thumb/v7e-m+fp/hard/libc.a(lib_a-fwalk.o)
[...]
Memory Configuration

Name             Origin             Length             Attributes
FLASH            0x0000000000000000 0x0000000000080000 xr
RAM              0x0000000020000000 0x0000000000020000 xrw
*default*        0x0000000000000000 0xffffffffffffffff

Linker script and memory map

                0x000000000007f000                __stop_ot_flash_data = ((ORIGIN (FLASH) + LENGTH (FLASH)) - FLASH_PAGE_SIZE)
                0x000000000007b000                __start_ot_flash_data = (__stop_ot_flash_data - (FLASH_PAGE_SIZE * FLASH_DATA_PAGES_USED))
                0x0000000000000001                ASSERT ((__start_ot_flash_data >= (__etext + SIZEOF (.data))), Error: Code overlaps flash data area.)

.text           0x0000000000000000     0xc0d4
 *(.isr_vector)
 .isr_vector    0x0000000000000000      0x200 _build/gcc_startup_nrf52833.os
                0x0000000000000000                __isr_vector
 *(.text*)
 .text          0x0000000000000200       0x88 /usr/lib/gcc/arm-none-eabi/10.3.1/thumb/v7e-m+fp/hard/crtbegin.o
 .text          0x0000000000000288       0x70 /usr/lib/gcc/arm-none-eabi/10.3.1/../../../arm-none-eabi/lib/thumb/v7e-m+fp/hard/crt0.o
                0x0000000000000288                _stack_init
                0x0000000000000290                _mainCRTStartup
                0x0000000000000290                _start
 .text.startup.main
                0x00000000000002f8       0x60 _build/main.o
                0x00000000000002f8                main
 .text.nrf_gpio_pin_port_decode
                0x0000000000000358       0x30 _build/better_error_handling.o
 .text.nrf_gpio_pin_clear
                0x0000000000000388       0x1a _build/better_error_handling.o
 .text.nrf_gpio_pin_set
                0x00000000000003a2       0x1a _build/better_error_handling.o
 .text.nrf_delay_ms.part.0
                0x00000000000003bc       0x1c _build/better_error_handling.o
 .text.error_blink_pattern
                0x00000000000003d8      0x104 _build/better_error_handling.o
 .text.app_error_fault_handler
                0x00000000000004dc       0x74 _build/better_error_handling.o
                0x00000000000004dc                app_error_fault_handler
 .text.HardFault_process
                0x0000000000000550        0x6 _build/better_error_handling.o
                0x0000000000000550                HardFault_process
 *fill*         0x0000000000000556        0x2 
 .text.startup.called_first
                0x0000000000000558       0x48 _build/microbit_before_startup.o
                0x0000000000000558                called_first
 .text.nrf_log_backend_uart_flush
                0x00000000000005a0        0x2 _build/microbit_nrf_log_backend_uart.o
 *fill*         0x00000000000005a2        0x2 
 .text.nrf_log_backend_uart_put
                0x00000000000005a4       0x1c _build/microbit_nrf_log_backend_uart.o
 .text.uart_init.constprop.0
                0x00000000000005c0       0x54 _build/microbit_nrf_log_backend_uart.o
 .text.serial_tx
                0x0000000000000614       0x50 _build/microbit_nrf_log_backend_uart.o
 .text.nrf_log_backend_uart_panic_set
                0x0000000000000664       0x2c _build/microbit_nrf_log_backend_uart.o
 .text.nrf_log_backend_uart_init
                0x0000000000000690        0x4 _build/microbit_nrf_log_backend_uart.o
                0x0000000000000690                nrf_log_backend_uart_init
 .text._write   0x0000000000000694       0x2c _build/microbit_retarget.o
                0x0000000000000694                _write
 .text._read    0x00000000000006c0       0x30 _build/microbit_retarget.o
                0x00000000000006c0                _read
 .text.app_error_handler
                0x00000000000006f0       0x1a _build/app_error_handler_gcc.o
                0x00000000000006f0                app_error_handler
 *fill*         0x000000000000070a        0x2 
 .text.nrfx_coredep_delay_us.part.0.constprop.0
                0x000000000000070c       0x10 _build/app_timer.o
 .text.RTC1_IRQHandler
                0x000000000000071c       0x9c _build/app_timer.o
                0x000000000000071c                RTC1_IRQHandler
 .text.SWI0_EGU0_IRQHandler
                0x00000000000007b8      0x2b8 _build/app_timer.o
                0x00000000000007b8                SWI0_EGU0_IRQHandler
 .text.app_util_disable_irq
                0x0000000000000a70       0x10 _build/app_util_platform.o
                0x0000000000000a70                app_util_disable_irq
 .text.app_util_enable_irq
                0x0000000000000a80       0x14 _build/app_util_platform.o
                0x0000000000000a80                app_util_enable_irq
 .text.privilege_level_get
                0x0000000000000a94       0x1a _build/app_util_platform.o
                0x0000000000000a94                privilege_level_get
 *fill*         0x0000000000000aae        0x2 
 .text.app_util_critical_region_enter
                0x0000000000000ab0       0x20 _build/app_util_platform.o
                0x0000000000000ab0                app_util_critical_region_enter
 .text.app_util_critical_region_exit
                0x0000000000000ad0       0x20 _build/app_util_platform.o
                0x0000000000000ad0                app_util_critical_region_exit
 .text.HardFault_Handler
                0x0000000000000af0       0x34 _build/hardfault_handler_gcc.o
                0x0000000000000af0                HardFault_Handler
 .text.HardFault_c_handler
                0x0000000000000b24      0x104 _build/hardfault_implementation.o
                0x0000000000000b24                HardFault_c_handler
 .text.assert_nrf_callback
                0x0000000000000c28       0x1a _build/nrf_assert.o
                0x0000000000000c28                assert_nrf_callback
 .text.nrf_atomic_u32_fetch_store
                0x0000000000000c42       0x16 _build/nrf_atomic.o
                0x0000000000000c42                nrf_atomic_u32_fetch_store
 .text.nrf_atomic_u32_or
                0x0000000000000c58       0x18 _build/nrf_atomic.o
                0x0000000000000c58                nrf_atomic_u32_or
 .text.nrf_atomic_u32_fetch_and
                0x0000000000000c70       0x18 _build/nrf_atomic.o
                0x0000000000000c70                nrf_atomic_u32_fetch_and
 .text.nrf_atomic_u32_add
                0x0000000000000c88       0x18 _build/nrf_atomic.o
                0x0000000000000c88                nrf_atomic_u32_add
 .text.nrf_atomic_u32_sub
                0x0000000000000ca0       0x18 _build/nrf_atomic.o
                0x0000000000000ca0                nrf_atomic_u32_sub
 .text.nrf_atomic_flag_set
                0x0000000000000cb8        0x6 _build/nrf_atomic.o
                0x0000000000000cb8                nrf_atomic_flag_set
 .text.nrf_atomic_flag_clear_fetch
                0x0000000000000cbe        0x6 _build/nrf_atomic.o
                0x0000000000000cbe                nrf_atomic_flag_clear_fetch
 .text.nrf_balloc_init
                0x0000000000000cc4       0x7c _build/nrf_balloc.o
                0x0000000000000cc4                nrf_balloc_init
 .text.nrf_balloc_alloc
                0x0000000000000d40       0x54 _build/nrf_balloc.o
                0x0000000000000d40                nrf_balloc_alloc
 .text.nrf_balloc_free
                0x0000000000000d94       0x48 _build/nrf_balloc.o
                0x0000000000000d94                nrf_balloc_free
 .text.uarte_evt_handler
                0x0000000000000ddc       0x34 _build/nrf_drv_uart.o
 .text.uart_evt_handler
                0x0000000000000e10       0x34 _build/nrf_drv_uart.o
 .text.nrf_drv_uart_init
                0x0000000000000e44       0x7c _build/nrf_drv_uart.o
                0x0000000000000e44                nrf_drv_uart_init
 .text.nrf_fprintf_buffer_flush
                0x0000000000000ec0       0x24 _build/nrf_fprintf.o
                0x0000000000000ec0                nrf_fprintf_buffer_flush
 .text.nrf_fprintf
                0x0000000000000ee4       0x54 _build/nrf_fprintf.o
                0x0000000000000ee4                nrf_fprintf
 .text.buffer_add
                0x0000000000000f38       0x1e _build/nrf_fprintf_format.o
 *fill*         0x0000000000000f56        0x2 
 .text.unsigned_print
                0x0000000000000f58       0xb4 _build/nrf_fprintf_format.o
 .text.nrf_fprintf_fmt
                0x000000000000100c      0x2d0 _build/nrf_fprintf_format.o
                0x000000000000100c                nrf_fprintf_fmt
 .text.nrf_log_backend_serial_put
                0x00000000000012dc       0xc2 _build/nrf_log_backend_serial.o
                0x00000000000012dc                nrf_log_backend_serial_put
 *fill*         0x000000000000139e        0x2 
 .text.nrf_log_default_backends_init
                0x00000000000013a0       0x30 _build/nrf_log_default_backends.o
                0x00000000000013a0                nrf_log_default_backends_init
 .text.invalid_packets_omit
                0x00000000000013d0       0x3a _build/nrf_log_frontend.o
 *fill*         0x000000000000140a        0x2 
 .text.buf_prealloc
                0x000000000000140c      0x144 _build/nrf_log_frontend.o
 .text.nrf_log_init
                0x0000000000001550       0x3c _build/nrf_log_frontend.o
                0x0000000000001550                nrf_log_init
 .text.nrf_log_module_name_get
                0x000000000000158c       0x38 _build/nrf_log_frontend.o
                0x000000000000158c                nrf_log_module_name_get
 .text.nrf_log_color_id_get
                0x00000000000015c4       0x2c _build/nrf_log_frontend.o
                0x00000000000015c4                nrf_log_color_id_get
 .text.buffer_is_empty
                0x00000000000015f0       0x14 _build/nrf_log_frontend.o
                0x00000000000015f0                buffer_is_empty
 .text.nrf_log_frontend_dequeue
                0x0000000000001604      0x224 _build/nrf_log_frontend.o
                0x0000000000001604                nrf_log_frontend_dequeue
 .text.std_n    0x0000000000001828       0xb8 _build/nrf_log_frontend.o
 .text.nrf_log_frontend_std_0
                0x00000000000018e0        0x8 _build/nrf_log_frontend.o
                0x00000000000018e0                nrf_log_frontend_std_0
 .text.nrf_log_frontend_std_1
                0x00000000000018e8       0x12 _build/nrf_log_frontend.o
                0x00000000000018e8                nrf_log_frontend_std_1
 .text.nrf_log_frontend_std_3
                0x00000000000018fa       0x18 _build/nrf_log_frontend.o
                0x00000000000018fa                nrf_log_frontend_std_3
 .text.nrf_log_frontend_std_4
                0x0000000000001912       0x1c _build/nrf_log_frontend.o
                0x0000000000001912                nrf_log_frontend_std_4
 *fill*         0x000000000000192e        0x2 
 .text.nrf_log_backend_add
                0x0000000000001930       0x54 _build/nrf_log_frontend.o
                0x0000000000001930                nrf_log_backend_add
 .text.nrf_log_panic
                0x0000000000001984       0x28 _build/nrf_log_frontend.o
                0x0000000000001984                nrf_log_panic
 .text.prefix_process
                0x00000000000019ac       0x7c _build/nrf_log_str_formatter.o
 .text.postfix_process
                0x0000000000001a28       0x44 _build/nrf_log_str_formatter.o
 .text.nrf_log_std_entry_process
                0x0000000000001a6c       0xc8 _build/nrf_log_str_formatter.o
                0x0000000000001a6c                nrf_log_std_entry_process
 .text.nrf_log_hexdump_entry_process
                0x0000000000001b34       0xc0 _build/nrf_log_str_formatter.o
                0x0000000000001b34                nrf_log_hexdump_entry_process
 .text.memobj_op
                0x0000000000001bf4       0xa8 _build/nrf_memobj.o
 .text.nrf_memobj_pool_init
                0x0000000000001c9c        0x4 _build/nrf_memobj.o
                0x0000000000001c9c                nrf_memobj_pool_init
 .text.nrf_memobj_free
                0x0000000000001ca0       0x2c _build/nrf_memobj.o
                0x0000000000001ca0                nrf_memobj_free
 .text.nrf_memobj_alloc
                0x0000000000001ccc       0x5e _build/nrf_memobj.o
                0x0000000000001ccc                nrf_memobj_alloc
 .text.nrf_memobj_get
                0x0000000000001d2a        0x8 _build/nrf_memobj.o
                0x0000000000001d2a                nrf_memobj_get
 .text.nrf_memobj_put
                0x0000000000001d32       0x1c _build/nrf_memobj.o
                0x0000000000001d32                nrf_memobj_put
 *fill*         0x0000000000001d4e        0x2 
 .text.nrf_memobj_write
                0x0000000000001d50       0x28 _build/nrf_memobj.o
                0x0000000000001d50                nrf_memobj_write
 .text.nrf_memobj_read
                0x0000000000001d78       0x28 _build/nrf_memobj.o
                0x0000000000001d78                nrf_memobj_read
 .text.nrf_ringbuf_init
                0x0000000000001da0       0x1c _build/nrf_ringbuf.o
                0x0000000000001da0                nrf_ringbuf_init
 .text.nrf_strerror_find
                0x0000000000001dbc       0x3c _build/nrf_strerror.o
                0x0000000000001dbc                nrf_strerror_find
 .text.nrf_strerror_get
                0x0000000000001df8       0x14 _build/nrf_strerror.o
                0x0000000000001df8                nrf_strerror_get
 .text.POWER_CLOCK_IRQHandler
                0x0000000000001e0c       0x5c _build/nrfx_clock.o
                0x0000000000001e0c                POWER_CLOCK_IRQHandler
 .text.nrf_gpiote_event_clear
                0x0000000000001e68       0x18 _build/nrfx_gpiote.o
 .text.nrf_bitmask_bit_set
                0x0000000000001e80       0x14 _build/nrfx_gpiote.o
 .text.nrf_gpio_pin_port_decode
                0x0000000000001e94       0x30 _build/nrfx_gpiote.o
 .text.nrf_gpio_cfg_sense_set
                0x0000000000001ec4       0x2e _build/nrfx_gpiote.o
 *fill*         0x0000000000001ef2        0x2 
 .text.nrf_gpio_ports_read.constprop.0
                0x0000000000001ef4       0x18 _build/nrfx_gpiote.o
 .text.GPIOTE_IRQHandler
                0x0000000000001f0c      0x19c _build/nrfx_gpiote.o
                0x0000000000001f0c                GPIOTE_IRQHandler
 .text.UARTE0_UART0_IRQHandler
                0x00000000000020a8       0x20 _build/nrfx_prs.o
                0x00000000000020a8                UARTE0_UART0_IRQHandler
 .text.nrfx_prs_acquire
                0x00000000000020c8       0x44 _build/nrfx_prs.o
                0x00000000000020c8                nrfx_prs_acquire
 .text.nrfx_prs_release
                0x000000000000210c       0x28 _build/nrfx_prs.o
                0x000000000000210c                nrfx_prs_release
 .text.nrf_pwm_event_clear
                0x0000000000002134       0x10 _build/nrfx_pwm.o
 .text.irq_handler
                0x0000000000002144       0x80 _build/nrfx_pwm.o
 .text.PWM0_IRQHandler
                0x00000000000021c4       0x10 _build/nrfx_pwm.o
                0x00000000000021c4                PWM0_IRQHandler
 .text.PWM1_IRQHandler
                0x00000000000021d4       0x10 _build/nrfx_pwm.o
                0x00000000000021d4                PWM1_IRQHandler
 .text.nrf_saadc_event_clear
                0x00000000000021e4       0x18 _build/nrfx_saadc.o
 .text.SAADC_IRQHandler
                0x00000000000021fc      0x154 _build/nrfx_saadc.o
                0x00000000000021fc                SAADC_IRQHandler
 .text.nrf_gpio_pin_port_decode
                0x0000000000002350       0x30 _build/nrfx_spim.o
 .text.nrf_gpio_pin_clear
                0x0000000000002380       0x1a _build/nrfx_spim.o
 .text.nrf_gpio_pin_set
                0x000000000000239a       0x1a _build/nrfx_spim.o
 .text.SPIM2_SPIS2_SPI2_IRQHandler
                0x00000000000023b4       0x64 _build/nrfx_spim.o
                0x00000000000023b4                SPIM2_SPIS2_SPI2_IRQHandler
 .text.irq_handler.constprop.0
                0x0000000000002418       0x4c _build/nrfx_timer.o
 .text.TIMER0_IRQHandler
                0x0000000000002464       0x10 _build/nrfx_timer.o
                0x0000000000002464                TIMER0_IRQHandler
 .text.TIMER1_IRQHandler
                0x0000000000002474       0x10 _build/nrfx_timer.o
                0x0000000000002474                TIMER1_IRQHandler
 .text.nrf_twim_event_clear
                0x0000000000002484       0x10 _build/nrfx_twim.o
 .text.xfer_completeness_check
                0x0000000000002494       0x6c _build/nrfx_twim.o
 .text.twim_irq_handler
                0x0000000000002500      0x138 _build/nrfx_twim.o
 .text.SPIM0_SPIS0_TWIM0_TWIS0_SPI0_TWI0_IRQHandler
                0x0000000000002638       0x10 _build/nrfx_twim.o
                0x0000000000002638                SPIM0_SPIS0_TWIM0_TWIS0_SPI0_TWI0_IRQHandler
 .text.SPIM1_SPIS1_TWIM1_TWIS1_SPI1_TWI1_IRQHandler
                0x0000000000002648       0x10 _build/nrfx_twim.o
                0x0000000000002648                SPIM1_SPIS1_TWIM1_TWIS1_SPI1_TWI1_IRQHandler
 .text.nrf_uart_event_clear
                0x0000000000002658       0x10 _build/nrfx_uart.o
 .text.tx_byte  0x0000000000002668       0x1e _build/nrfx_uart.o
 .text.rx_enable
                0x0000000000002686       0x20 _build/nrfx_uart.o
 *fill*         0x00000000000026a6        0x2 
 .text.nrf_gpio_pin_port_decode
                0x00000000000026a8       0x30 _build/nrfx_uart.o
 .text.nrf_gpio_cfg_default
                0x00000000000026d8       0x1c _build/nrfx_uart.o
 .text.rx_byte  0x00000000000026f4       0x2c _build/nrfx_uart.o
 .text.rx_done_event.constprop.0
                0x0000000000002720       0x20 _build/nrfx_uart.o
 .text.nrfx_uart_0_irq_handler
                0x0000000000002740      0x144 _build/nrfx_uart.o
                0x0000000000002740                nrfx_uart_0_irq_handler
 .text.nrfx_uart_init
                0x0000000000002884      0x1e0 _build/nrfx_uart.o
                0x0000000000002884                nrfx_uart_init
 .text.nrfx_uart_uninit
                0x0000000000002a64       0xc0 _build/nrfx_uart.o
                0x0000000000002a64                nrfx_uart_uninit
 .text.nrfx_uart_tx_in_progress
                0x0000000000002b24       0x18 _build/nrfx_uart.o
                0x0000000000002b24                nrfx_uart_tx_in_progress
 .text.nrfx_uart_tx
                0x0000000000002b3c       0xe0 _build/nrfx_uart.o
                0x0000000000002b3c                nrfx_uart_tx
 .text.nrfx_uart_rx
                0x0000000000002c1c      0x134 _build/nrfx_uart.o
                0x0000000000002c1c                nrfx_uart_rx
 .text.nrf_uarte_event_clear
                0x0000000000002d50       0x10 _build/nrfx_uarte.o
 .text.nrf_gpio_pin_port_decode
                0x0000000000002d60       0x30 _build/nrfx_uarte.o
 .text.nrf_gpio_cfg_default
                0x0000000000002d90       0x1c _build/nrfx_uarte.o
 .text.rx_done_event.constprop.0
                0x0000000000002dac       0x20 _build/nrfx_uarte.o
 .text.nrfx_uarte_0_irq_handler
                0x0000000000002dcc      0x118 _build/nrfx_uarte.o
                0x0000000000002dcc                nrfx_uarte_0_irq_handler
 .text.nrfx_uarte_init
                0x0000000000002ee4      0x1f8 _build/nrfx_uarte.o
                0x0000000000002ee4                nrfx_uarte_init
 .text.nrfx_uarte_uninit
                0x00000000000030dc       0xec _build/nrfx_uarte.o
                0x00000000000030dc                nrfx_uarte_uninit
 .text.nrfx_uarte_tx_in_progress
                0x00000000000031c8       0x18 _build/nrfx_uarte.o
                0x00000000000031c8                nrfx_uarte_tx_in_progress
 .text.nrfx_uarte_tx
                0x00000000000031e0       0xf4 _build/nrfx_uarte.o
                0x00000000000031e0                nrfx_uarte_tx
 .text.nrfx_uarte_rx
                0x00000000000032d4      0x130 _build/nrfx_uarte.o
                0x00000000000032d4                nrfx_uarte_rx
 .text.__NVIC_SystemReset
                0x0000000000003404       0x24 _build/system_nrf52833.o
 .text.errata_36
                0x0000000000003428       0x1a _build/system_nrf52833.o
 *fill*         0x0000000000003442        0x2 
 .text.SystemInit
                0x0000000000003444      0x19c _build/system_nrf52833.o
                0x0000000000003444                SystemInit
 .text          0x00000000000035e0       0x3c _build/gcc_startup_nrf52833.os
                0x00000000000035e0                Reset_Handler
                0x0000000000003608                NMI_Handler
                0x000000000000360c                MemoryManagement_Handler
                0x000000000000360e                BusFault_Handler
                0x0000000000003610                UsageFault_Handler
                0x0000000000003612                SVC_Handler
                0x0000000000003614                DebugMon_Handler
                0x0000000000003616                PendSV_Handler
                0x0000000000003618                SysTick_Handler
                0x000000000000361a                TIMER2_IRQHandler
                0x000000000000361a                RTC0_IRQHandler
                0x000000000000361a                SWI2_EGU2_IRQHandler
                0x000000000000361a                RADIO_IRQHandler
                0x000000000000361a                PDM_IRQHandler
                0x000000000000361a                TEMP_IRQHandler
                0x000000000000361a                QDEC_IRQHandler
                0x000000000000361a                TIMER3_IRQHandler
                0x000000000000361a                PWM3_IRQHandler
                0x000000000000361a                FPU_IRQHandler
                0x000000000000361a                USBD_IRQHandler
                0x000000000000361a                TIMER4_IRQHandler
                0x000000000000361a                I2S_IRQHandler
                0x000000000000361a                SWI4_EGU4_IRQHandler
                0x000000000000361a                UARTE1_IRQHandler
                0x000000000000361a                SPIM3_IRQHandler
                0x000000000000361a                PWM2_IRQHandler
                0x000000000000361a                ECB_IRQHandler
                0x000000000000361a                Default_Handler
                0x000000000000361a                CCM_AAR_IRQHandler
                0x000000000000361a                WDT_IRQHandler
                0x000000000000361a                SWI5_EGU5_IRQHandler
                0x000000000000361a                RNG_IRQHandler
                0x000000000000361a                RTC2_IRQHandler
                0x000000000000361a                SWI3_EGU3_IRQHandler
                0x000000000000361a                SWI1_EGU1_IRQHandler
                0x000000000000361a                NFCT_IRQHandler
                0x000000000000361a                MWU_IRQHandler
                0x000000000000361a                COMP_LPCOMP_IRQHandler
 .text          0x000000000000361c        0xc /usr/lib/gcc/arm-none-eabi/10.3.1/../../../arm-none-eabi/lib/thumb/v7e-m+fp/hard/libc.a(lib_a-atexit.o)
                0x000000000000361c                atexit
 .text          0x0000000000003628       0x20 /usr/lib/gcc/arm-none-eabi/10.3.1/../../../arm-none-eabi/lib/thumb/v7e-m+fp/hard/libc.a(lib_a-exit.o)
                0x0000000000003628                exit
 .text          0x0000000000003648       0x2c /usr/lib/gcc/arm-none-eabi/10.3.1/../../../arm-none-eabi/lib/thumb/v7e-m+fp/hard/libc.a(lib_a-fini.o)
                0x0000000000003648                __libc_fini_array
 .text          0x0000000000003674       0x48 /usr/lib/gcc/arm-none-eabi/10.3.1/../../../arm-none-eabi/lib/thumb/v7e-m+fp/hard/libc.a(lib_a-init.o)
                0x0000000000003674                __libc_init_array
 .text          0x00000000000036bc      0x134 /usr/lib/gcc/arm-none-eabi/10.3.1/../../../arm-none-eabi/lib/thumb/v7e-m+fp/hard/libc.a(lib_a-memcpy.o)
                0x00000000000036bc                memcpy
 .text          0x00000000000037f0       0xa4 /usr/lib/gcc/arm-none-eabi/10.3.1/../../../arm-none-eabi/lib/thumb/v7e-m+fp/hard/libc.a(lib_a-memset.o)
                0x00000000000037f0                memset
 .text          0x0000000000003894       0x48 /usr/lib/gcc/arm-none-eabi/10.3.1/../../../arm-none-eabi/lib/thumb/v7e-m+fp/hard/libc.a(lib_a-printf.o)
                0x0000000000003894                _printf_r
                0x00000000000038b4                printf
 .text          0x00000000000038dc       0x10 /usr/lib/gcc/arm-none-eabi/10.3.1/../../../arm-none-eabi/lib/thumb/v7e-m+fp/hard/libc.a(lib_a-setbuf.o)
                0x00000000000038dc                setbuf
 .text          0x00000000000038ec      0x174 /usr/lib/gcc/arm-none-eabi/10.3.1/../../../arm-none-eabi/lib/thumb/v7e-m+fp/hard/libc.a(lib_a-setvbuf.o)
                0x00000000000038ec                setvbuf
 *fill*         0x0000000000003a60       0x20 
 .text          0x0000000000003a80       0xdc /usr/lib/gcc/arm-none-eabi/10.3.1/../../../arm-none-eabi/lib/thumb/v7e-m+fp/hard/libc.a(lib_a-strlen.o)
                0x0000000000003a80                strlen
 *fill*         0x0000000000003b5c        0x4 
 .text          0x0000000000003b60     0x159c /usr/lib/gcc/arm-none-eabi/10.3.1/../../../arm-none-eabi/lib/thumb/v7e-m+fp/hard/libc.a(lib_a-vfprintf.o)
                0x0000000000003b60                _vfprintf_r
                0x0000000000005074                vfprintf
 .text          0x00000000000050fc       0xd4 /usr/lib/gcc/arm-none-eabi/10.3.1/../../../arm-none-eabi/lib/thumb/v7e-m+fp/hard/libc.a(lib_a-wsetup.o)
                0x00000000000050fc                __swsetup_r
 .text          0x00000000000051d0       0x68 /usr/lib/gcc/arm-none-eabi/10.3.1/../../../arm-none-eabi/lib/thumb/v7e-m+fp/hard/libc.a(lib_a-__atexit.o)
                0x00000000000051d0                __register_exitproc
 .text          0x0000000000005238       0xb8 /usr/lib/gcc/arm-none-eabi/10.3.1/../../../arm-none-eabi/lib/thumb/v7e-m+fp/hard/libc.a(lib_a-__call_atexit.o)
                0x0000000000005238                __call_exitprocs
 .text.startup  0x00000000000052f0       0x14 /usr/lib/gcc/arm-none-eabi/10.3.1/../../../arm-none-eabi/lib/thumb/v7e-m+fp/hard/libc.a(lib_a-__call_atexit.o)
 *fill*         0x0000000000005304        0x4 
 .text          0x0000000000005308     0x1064 /usr/lib/gcc/arm-none-eabi/10.3.1/../../../arm-none-eabi/lib/thumb/v7e-m+fp/hard/libc.a(lib_a-dtoa.o)
                0x0000000000005430                _dtoa_r
 .text          0x000000000000636c      0x1ac /usr/lib/gcc/arm-none-eabi/10.3.1/../../../arm-none-eabi/lib/thumb/v7e-m+fp/hard/libc.a(lib_a-fflush.o)
                0x000000000000636c                __sflush_r
                0x000000000000649c                _fflush_r
                0x00000000000064c8                fflush
 .text          0x0000000000006518      0x218 /usr/lib/gcc/arm-none-eabi/10.3.1/../../../arm-none-eabi/lib/thumb/v7e-m+fp/hard/libc.a(lib_a-findfp.o)
                0x000000000000651c                _cleanup_r
                0x0000000000006604                __sfmoreglue
                0x0000000000006634                __sfp
                0x00000000000066dc                _cleanup
                0x00000000000066f0                __sinit
                0x00000000000066f8                __sfp_lock_acquire
                0x00000000000066fc                __sfp_lock_release
                0x0000000000006700                __sinit_lock_acquire
                0x0000000000006704                __sinit_lock_release
                0x0000000000006708                __fp_lock_all
                0x000000000000671c                __fp_unlock_all
 .text          0x0000000000006730      0x2ac /usr/lib/gcc/arm-none-eabi/10.3.1/../../../arm-none-eabi/lib/thumb/v7e-m+fp/hard/libc.a(lib_a-freer.o)
                0x0000000000006730                _malloc_trim_r
                0x00000000000067d0                _free_r
 .text          0x00000000000069dc       0x88 /usr/lib/gcc/arm-none-eabi/10.3.1/../../../arm-none-eabi/lib/thumb/v7e-m+fp/hard/libc.a(lib_a-fwalk.o)
                0x00000000000069dc                _fwalk
                0x0000000000006a1c                _fwalk_reent
 .text          0x0000000000006a64       0x14 /usr/lib/gcc/arm-none-eabi/10.3.1/../../../arm-none-eabi/lib/thumb/v7e-m+fp/hard/libc.a(lib_a-localeconv.o)
                0x0000000000006a64                __localeconv_l
                0x0000000000006a68                _localeconv_r
                0x0000000000006a70                localeconv
 .text          0x0000000000006a78      0x140 /usr/lib/gcc/arm-none-eabi/10.3.1/../../../arm-none-eabi/lib/thumb/v7e-m+fp/hard/libc.a(lib_a-makebuf.o)
                0x0000000000006a78                __smakebuf_r
                0x0000000000006b58                __swhatbuf_r
 .text          0x0000000000006bb8       0x20 /usr/lib/gcc/arm-none-eabi/10.3.1/../../../arm-none-eabi/lib/thumb/v7e-m+fp/hard/libc.a(lib_a-malloc.o)
                0x0000000000006bb8                malloc
                0x0000000000006bc8                free
 .text          0x0000000000006bd8      0x554 /usr/lib/gcc/arm-none-eabi/10.3.1/../../../arm-none-eabi/lib/thumb/v7e-m+fp/hard/libc.a(lib_a-mallocr.o)
                0x0000000000006bd8                _malloc_r
 *fill*         0x000000000000712c        0x4 
 .text          0x0000000000007130       0xa0 /usr/lib/gcc/arm-none-eabi/10.3.1/../../../arm-none-eabi/lib/thumb/v7e-m+fp/hard/libc.a(lib_a-memchr.o)
                0x0000000000007130                memchr
 .text          0x00000000000071d0        0x8 /usr/lib/gcc/arm-none-eabi/10.3.1/../../../arm-none-eabi/lib/thumb/v7e-m+fp/hard/libc.a(lib_a-mlock.o)
                0x00000000000071d0                __malloc_lock
                0x00000000000071d4                __malloc_unlock
 .text          0x00000000000071d8      0xaa0 /usr/lib/gcc/arm-none-eabi/10.3.1/../../../arm-none-eabi/lib/thumb/v7e-m+fp/hard/libc.a(lib_a-mprec.o)
                0x00000000000071d8                _Balloc
                0x0000000000007224                _Bfree
                0x0000000000007238                __multadd
                0x00000000000072e0                __s2b
                0x0000000000007394                __hi0bits
                0x00000000000073d4                __lo0bits
                0x0000000000007434                __i2b
                0x0000000000007490                __multiply
                0x00000000000075ec                __pow5mult
                0x00000000000076ac                __lshift
                0x000000000000779c                __mcmp
                0x00000000000077e0                __mdiff
                0x000000000000792c                __ulp
                0x000000000000798c                __b2d
                0x0000000000007a4c                __d2b
                0x0000000000007b1c                __ratio
                0x0000000000007b78                _mprec_log10
                0x0000000000007bb8                __copybits
                0x0000000000007c14                __any_on
 .text          0x0000000000007c78       0x24 /usr/lib/gcc/arm-none-eabi/10.3.1/../../../arm-none-eabi/lib/thumb/v7e-m+fp/hard/libc.a(lib_a-sbrkr.o)
                0x0000000000007c78                _sbrk_r
 .text          0x0000000000007c9c       0x90 /usr/lib/gcc/arm-none-eabi/10.3.1/../../../arm-none-eabi/lib/thumb/v7e-m+fp/hard/libc.a(lib_a-stdio.o)
                0x0000000000007c9c                __sread
                0x0000000000007cc0                __seofread
                0x0000000000007cc4                __swrite
                0x0000000000007d04                __sseek
                0x0000000000007d24                __sclose
 .text          0x0000000000007d2c      0xd44 /usr/lib/gcc/arm-none-eabi/10.3.1/../../../arm-none-eabi/lib/thumb/v7e-m+fp/hard/libc.a(lib_a-vfiprintf.o)
                0x0000000000007da4                __sprint_r
                0x0000000000007dbc                _vfiprintf_r
                0x00000000000089e8                vfiprintf
 .text          0x0000000000008a70       0x2c /usr/lib/gcc/arm-none-eabi/10.3.1/../../../arm-none-eabi/lib/thumb/v7e-m+fp/hard/libc.a(lib_a-writer.o)
                0x0000000000008a70                _write_r
 .text          0x0000000000008a9c       0x4c /usr/lib/gcc/arm-none-eabi/10.3.1/../../../arm-none-eabi/lib/thumb/v7e-m+fp/hard/libc.a(lib_a-assert.o)
                0x0000000000008a9c                __assert_func
                0x0000000000008adc                __assert
 .text          0x0000000000008ae8       0x60 /usr/lib/gcc/arm-none-eabi/10.3.1/../../../arm-none-eabi/lib/thumb/v7e-m+fp/hard/libc.a(lib_a-callocr.o)
                0x0000000000008ae8                _calloc_r
 .text          0x0000000000008b48       0x24 /usr/lib/gcc/arm-none-eabi/10.3.1/../../../arm-none-eabi/lib/thumb/v7e-m+fp/hard/libc.a(lib_a-closer.o)
                0x0000000000008b48                _close_r
 .text          0x0000000000008b6c       0xd4 /usr/lib/gcc/arm-none-eabi/10.3.1/../../../arm-none-eabi/lib/thumb/v7e-m+fp/hard/libc.a(lib_a-fclose.o)
                0x0000000000008bd0                _fclose_r
                0x0000000000008c04                fclose
 .text          0x0000000000008c40       0x44 /usr/lib/gcc/arm-none-eabi/10.3.1/../../../arm-none-eabi/lib/thumb/v7e-m+fp/hard/libc.a(lib_a-fiprintf.o)
                0x0000000000008c40                _fiprintf_r
                0x0000000000008c5c                fiprintf
 .text          0x0000000000008c84      0x118 /usr/lib/gcc/arm-none-eabi/10.3.1/../../../arm-none-eabi/lib/thumb/v7e-m+fp/hard/libc.a(lib_a-fputwc.o)
                0x0000000000008c84                __fputwc
                0x0000000000008d2c                _fputwc_r
                0x0000000000008d54                fputwc
 .text          0x0000000000008d9c       0x2c /usr/lib/gcc/arm-none-eabi/10.3.1/../../../arm-none-eabi/lib/thumb/v7e-m+fp/hard/libc.a(lib_a-fstatr.o)
                0x0000000000008d9c                _fstat_r
 .text          0x0000000000008dc8      0x2f0 /usr/lib/gcc/arm-none-eabi/10.3.1/../../../arm-none-eabi/lib/thumb/v7e-m+fp/hard/libc.a(lib_a-fvwrite.o)
                0x0000000000008dc8                __sfvwrite_r
 .text          0x00000000000090b8       0x24 /usr/lib/gcc/arm-none-eabi/10.3.1/../../../arm-none-eabi/lib/thumb/v7e-m+fp/hard/libc.a(lib_a-isattyr.o)
                0x00000000000090b8                _isatty_r
 .text          0x00000000000090dc       0x8c /usr/lib/gcc/arm-none-eabi/10.3.1/../../../arm-none-eabi/lib/thumb/v7e-m+fp/hard/libc.a(lib_a-locale.o)
                0x00000000000090dc                _setlocale_r
                0x000000000000911c                __locale_mb_cur_max
                0x0000000000009128                setlocale
 .text          0x0000000000009168       0x2c /usr/lib/gcc/arm-none-eabi/10.3.1/../../../arm-none-eabi/lib/thumb/v7e-m+fp/hard/libc.a(lib_a-lseekr.o)
                0x0000000000009168                _lseek_r
 .text          0x0000000000009194       0x40 /usr/lib/gcc/arm-none-eabi/10.3.1/../../../arm-none-eabi/lib/thumb/v7e-m+fp/hard/libc.a(lib_a-mbtowc_r.o)
                0x0000000000009194                _mbtowc_r
                0x00000000000091a8                __ascii_mbtowc
 .text          0x00000000000091d4       0xf8 /usr/lib/gcc/arm-none-eabi/10.3.1/../../../arm-none-eabi/lib/thumb/v7e-m+fp/hard/libc.a(lib_a-memmove.o)
                0x00000000000091d4                memmove
 .text          0x00000000000092cc       0x2c /usr/lib/gcc/arm-none-eabi/10.3.1/../../../arm-none-eabi/lib/thumb/v7e-m+fp/hard/libc.a(lib_a-readr.o)
                0x00000000000092cc                _read_r
 .text          0x00000000000092f8      0x3d8 /usr/lib/gcc/arm-none-eabi/10.3.1/../../../arm-none-eabi/lib/thumb/v7e-m+fp/hard/libc.a(lib_a-reallocr.o)
                0x00000000000092f8                _realloc_r
 *fill*         0x00000000000096d0       0x10 
 .text          0x00000000000096e0      0x2dc /usr/lib/gcc/arm-none-eabi/10.3.1/../../../arm-none-eabi/lib/thumb/v7e-m+fp/hard/libc.a(lib_a-strcmp.o)
                0x00000000000096e8                strcmp
 .text          0x00000000000099bc       0xc8 /usr/lib/gcc/arm-none-eabi/10.3.1/../../../arm-none-eabi/lib/thumb/v7e-m+fp/hard/libc.a(lib_a-wbuf.o)
                0x00000000000099bc                __swbuf_r
                0x0000000000009a6c                __swbuf
 .text          0x0000000000009a84       0x88 /usr/lib/gcc/arm-none-eabi/10.3.1/../../../arm-none-eabi/lib/thumb/v7e-m+fp/hard/libc.a(lib_a-wcrtomb.o)
                0x0000000000009a84                _wcrtomb_r
                0x0000000000009ac0                wcrtomb
 .text          0x0000000000009b0c       0x30 /usr/lib/gcc/arm-none-eabi/10.3.1/../../../arm-none-eabi/lib/thumb/v7e-m+fp/hard/libc.a(lib_a-wctomb_r.o)
                0x0000000000009b0c                _wctomb_r
                0x0000000000009b20                __ascii_wctomb
 .text          0x0000000000009b3c       0x10 /usr/lib/gcc/arm-none-eabi/10.3.1/../../../arm-none-eabi/lib/thumb/v7e-m+fp/hard/libc.a(lib_a-abort.o)
                0x0000000000009b3c                abort
 .text          0x0000000000009b4c      0x288 /usr/lib/gcc/arm-none-eabi/10.3.1/../../../arm-none-eabi/lib/thumb/v7e-m+fp/hard/libc.a(lib_a-signal.o)
                0x0000000000009b4c                _init_signal_r
                0x0000000000009b7c                _signal_r
                0x0000000000009bc8                _raise_r
                0x0000000000009c20                __sigtramp_r
                0x0000000000009c84                raise
                0x0000000000009ce0                signal
                0x0000000000009d34                _init_signal
                0x0000000000009d6c                __sigtramp
 .text          0x0000000000009dd4       0x30 /usr/lib/gcc/arm-none-eabi/10.3.1/../../../arm-none-eabi/lib/thumb/v7e-m+fp/hard/libc.a(lib_a-signalr.o)
                0x0000000000009dd4                _kill_r
                0x0000000000009e00                _getpid_r
 .text          0x0000000000009e04       0x10 /usr/lib/gcc/arm-none-eabi/10.3.1/../../../arm-none-eabi/lib/thumb/v7e-m+fp/hard/libnosys.a(close.o)
                0x0000000000009e04                _close
 .text          0x0000000000009e14       0x10 /usr/lib/gcc/arm-none-eabi/10.3.1/../../../arm-none-eabi/lib/thumb/v7e-m+fp/hard/libnosys.a(fstat.o)
                0x0000000000009e14                _fstat
 .text          0x0000000000009e24       0x10 /usr/lib/gcc/arm-none-eabi/10.3.1/../../../arm-none-eabi/lib/thumb/v7e-m+fp/hard/libnosys.a(getpid.o)
                0x0000000000009e24                _getpid
 .text          0x0000000000009e34       0x10 /usr/lib/gcc/arm-none-eabi/10.3.1/../../../arm-none-eabi/lib/thumb/v7e-m+fp/hard/libnosys.a(isatty.o)
                0x0000000000009e34                _isatty
 .text          0x0000000000009e44       0x10 /usr/lib/gcc/arm-none-eabi/10.3.1/../../../arm-none-eabi/lib/thumb/v7e-m+fp/hard/libnosys.a(kill.o)
                0x0000000000009e44                _kill
 .text          0x0000000000009e54       0x10 /usr/lib/gcc/arm-none-eabi/10.3.1/../../../arm-none-eabi/lib/thumb/v7e-m+fp/hard/libnosys.a(lseek.o)
                0x0000000000009e54                _lseek
 .text          0x0000000000009e64       0x1c /usr/lib/gcc/arm-none-eabi/10.3.1/../../../arm-none-eabi/lib/thumb/v7e-m+fp/hard/libnosys.a(sbrk.o)
                0x0000000000009e64                _sbrk
 .text          0x0000000000009e80        0x4 /usr/lib/gcc/arm-none-eabi/10.3.1/../../../arm-none-eabi/lib/thumb/v7e-m+fp/hard/libnosys.a(_exit.o)
                0x0000000000009e80                _exit
 .text          0x0000000000009e84      0x378 /usr/lib/gcc/arm-none-eabi/10.3.1/thumb/v7e-m+fp/hard/libgcc.a(_arm_addsubdf3.o)
                0x0000000000009e84                __aeabi_drsub
                0x0000000000009e8c                __aeabi_dsub
                0x0000000000009e8c                __subdf3
                0x0000000000009e90                __adddf3
                0x0000000000009e90                __aeabi_dadd
                0x000000000000a108                __aeabi_ui2d
                0x000000000000a108                __floatunsidf
                0x000000000000a128                __floatsidf
                0x000000000000a128                __aeabi_i2d
                0x000000000000a14c                __extendsfdf2
                0x000000000000a14c                __aeabi_f2d
                0x000000000000a190                __aeabi_ul2d
                0x000000000000a190                __floatundidf
                0x000000000000a1a0                __floatdidf
                0x000000000000a1a0                __aeabi_l2d
 .text          0x000000000000a1fc      0x424 /usr/lib/gcc/arm-none-eabi/10.3.1/thumb/v7e-m+fp/hard/libgcc.a(_arm_muldivdf3.o)
                0x000000000000a1fc                __aeabi_dmul
                0x000000000000a1fc                __muldf3
                0x000000000000a450                __aeabi_ddiv
                0x000000000000a450                __divdf3
 .text          0x000000000000a620      0x110 /usr/lib/gcc/arm-none-eabi/10.3.1/thumb/v7e-m+fp/hard/libgcc.a(_arm_cmpdf2.o)
                0x000000000000a620                __gtdf2
                0x000000000000a620                __gedf2
                0x000000000000a628                __ltdf2
                0x000000000000a628                __ledf2
                0x000000000000a630                __cmpdf2
                0x000000000000a630                __eqdf2
                0x000000000000a630                __nedf2
                0x000000000000a6ac                __aeabi_cdrcmple
                0x000000000000a6bc                __aeabi_cdcmple
                0x000000000000a6bc                __aeabi_cdcmpeq
                0x000000000000a6cc                __aeabi_dcmpeq
                0x000000000000a6e0                __aeabi_dcmplt
                0x000000000000a6f4                __aeabi_dcmple
                0x000000000000a708                __aeabi_dcmpge
                0x000000000000a71c                __aeabi_dcmpgt
 .text          0x000000000000a730       0x2c /usr/lib/gcc/arm-none-eabi/10.3.1/thumb/v7e-m+fp/hard/libgcc.a(_arm_unorddf2.o)
                0x000000000000a730                __aeabi_dcmpun
                0x000000000000a730                __unorddf2
 .text          0x000000000000a75c       0x50 /usr/lib/gcc/arm-none-eabi/10.3.1/thumb/v7e-m+fp/hard/libgcc.a(_arm_fixdfsi.o)
                0x000000000000a75c                __fixdfsi
                0x000000000000a75c                __aeabi_d2iz
 .text          0x000000000000a7ac       0x30 /usr/lib/gcc/arm-none-eabi/10.3.1/thumb/v7e-m+fp/hard/libgcc.a(_aeabi_uldivmod.o)
                0x000000000000a7ac                __aeabi_uldivmod
 .text          0x000000000000a7dc      0x2d0 /usr/lib/gcc/arm-none-eabi/10.3.1/thumb/v7e-m+fp/hard/libgcc.a(_udivmoddi4.o)
                0x000000000000a7dc                __udivmoddi4
 .text          0x000000000000aaac        0x4 /usr/lib/gcc/arm-none-eabi/10.3.1/thumb/v7e-m+fp/hard/libgcc.a(_dvmd_tls.o)
                0x000000000000aaac                __aeabi_ldiv0
                0x000000000000aaac                __aeabi_idiv0
 *(.init)
 .init          0x000000000000aab0        0x4 /usr/lib/gcc/arm-none-eabi/10.3.1/thumb/v7e-m+fp/hard/crti.o
                0x000000000000aab0                _init
 .init          0x000000000000aab4        0x8 /usr/lib/gcc/arm-none-eabi/10.3.1/thumb/v7e-m+fp/hard/crtn.o
 *(.fini)
 .fini          0x000000000000aabc        0x4 /usr/lib/gcc/arm-none-eabi/10.3.1/thumb/v7e-m+fp/hard/crti.o
                0x000000000000aabc                _fini
 .fini          0x000000000000aac0        0x8 /usr/lib/gcc/arm-none-eabi/10.3.1/thumb/v7e-m+fp/hard/crtn.o
 *crtbegin.o(.ctors)
 *crtbegin?.o(.ctors)
 *(EXCLUDE_FILE(*crtend.o *crtend?.o) .ctors)
 *(SORT_BY_NAME(.ctors.*))
 *(.ctors)
 *crtbegin.o(.dtors)
 *crtbegin?.o(.dtors)
 *(EXCLUDE_FILE(*crtend.o *crtend?.o) .dtors)
 *(SORT_BY_NAME(.dtors.*))
 *(.dtors)
 *(.rodata*)
 .rodata.main.str1.1
                0x000000000000aac8       0x20 _build/main.o
 *fill*         0x000000000000aae8        0x8 
 .rodata.delay_machine_code.0
                0x000000000000aaf0        0x6 _build/main.o
 .rodata.nrf_gpio_pin_port_decode.str1.1
                0x000000000000aaf6       0x43 _build/better_error_handling.o
 .rodata.app_error_fault_handler.str1.1
                0x000000000000ab39       0x78 _build/better_error_handling.o
 .rodata.LED_COLS
                0x000000000000abb1        0x5 _build/better_error_handling.o
 .rodata.LED_ROWS
                0x000000000000abb6        0x5 _build/better_error_handling.o
 *fill*         0x000000000000abbb        0x5 
 .rodata.delay_machine_code.0
                0x000000000000abc0        0x6 _build/better_error_handling.o
 .rodata.called_first.str1.1
                0x000000000000abc6       0x67 _build/microbit_before_startup.o
 *fill*         0x000000000000ac2d        0x3 
 .rodata.delay_machine_code.0
                0x000000000000ac30        0x6 _build/microbit_before_startup.o
 .rodata.uart_init.constprop.0.str1.1
                0x000000000000ac36       0x6d _build/microbit_nrf_log_backend_uart.o
 *fill*         0x000000000000aca3        0x1 
 .rodata        0x000000000000aca4       0x20 _build/microbit_nrf_log_backend_uart.o
 .rodata.nrf_log_backend_uart_api
                0x000000000000acc4        0xc _build/microbit_nrf_log_backend_uart.o
                0x000000000000acc4                nrf_log_backend_uart_api
 .rodata.delay_machine_code.0
                0x000000000000acd0        0x6 _build/app_timer.o
 .rodata.app_util_critical_region_enter.str1.1
                0x000000000000acd6       0x55 _build/app_util_platform.o
 .rodata.HardFault_c_handler.str1.1
                0x000000000000ad2b      0x12e _build/hardfault_implementation.o
 .rodata.str1.1
                0x000000000000ae59      0x4c0 _build/hardfault_implementation.o
 *fill*         0x000000000000b319        0x3 
 .rodata.cfsr_msgs.0
                0x000000000000b31c       0x68 _build/hardfault_implementation.o
 .rodata.nrf_balloc_init.str1.1
                0x000000000000b384       0x50 _build/nrf_balloc.o
 .rodata.str1.1
                0x000000000000b3d4        0x6 _build/nrf_drv_clock.o
 .rodata.nrf_fprintf_buffer_flush.str1.1
                0x000000000000b3da       0x46 _build/nrf_fprintf.o
 .rodata.nrf_fprintf_fmt.str1.1
                0x000000000000b420       0x4d _build/nrf_fprintf_format.o
 .rodata._aV2C.0
                0x000000000000b46d       0x10 _build/nrf_fprintf_format.o
 .rodata.nrf_log_default_backends_init.str1.1
                0x000000000000b47d       0x5f _build/nrf_log_default_backends.o
 .rodata.str1.1
                0x000000000000b4dc       0x11 _build/nrf_log_default_backends.o
 .rodata.buf_prealloc.str1.1
                0x000000000000b4ed       0x57 _build/nrf_log_frontend.o
 .rodata.nrf_log_frontend_dequeue.str1.1
                0x000000000000b544       0x11 _build/nrf_log_frontend.o
 .rodata.str1.1
                0x000000000000b555        0x4 _build/nrf_log_frontend.o
 *fill*         0x000000000000b559        0x3 
 .rodata.m_log_push_ringbuf
                0x000000000000b55c        0xc _build/nrf_log_frontend.o
 .rodata.prefix_process.str1.1
                0x000000000000b568       0x32 _build/nrf_log_str_formatter.o
 .rodata.postfix_process.str1.1
                0x000000000000b59a       0x32 _build/nrf_log_str_formatter.o
                                          0x3 (size before relaxing)
 .rodata.nrf_log_hexdump_entry_process.str1.1
                0x000000000000b59a        0xf _build/nrf_log_str_formatter.o
                                         0x11 (size before relaxing)
 .rodata.str1.1
                0x000000000000b5a9       0x4b _build/nrf_log_str_formatter.o
                                         0x51 (size before relaxing)
 .rodata.m_colors
                0x000000000000b5f4       0x24 _build/nrf_log_str_formatter.o
 .rodata.severity_names
                0x000000000000b618       0x14 _build/nrf_log_str_formatter.o
 .rodata.memobj_op.str1.1
                0x000000000000b62c       0x50 _build/nrf_memobj.o
 .rodata.str1.1
                0x000000000000b67c        0x9 _build/nrf_pwr_mgmt.o
 .rodata.str1.1
                0x000000000000b685      0x391 _build/nrf_strerror.o
 .rodata.m_unknown_str
                0x000000000000ba16       0x13 _build/nrf_strerror.o
 *fill*         0x000000000000ba29        0x3 
 .rodata.nrf_strerror_array
                0x000000000000ba2c      0x118 _build/nrf_strerror.o
 .rodata.str1.1
                0x000000000000bb44        0x6 _build/nrfx_clock.o
 .rodata.nrf_gpio_pin_port_decode.str1.1
                0x000000000000bb4a       0x43 _build/nrfx_gpiote.o
 .rodata.str1.1
                0x000000000000bb4a        0x7 _build/nrfx_gpiote.o
 .rodata.UARTE0_UART0_IRQHandler.str1.1
                0x000000000000bb51       0x4f _build/nrfx_prs.o
 .rodata.str1.1
                0x000000000000bba0        0x4 _build/nrfx_prs.o
 .rodata.str1.1
                0x000000000000bba4        0x4 _build/nrfx_pwm.o
 .rodata.str1.1
                0x000000000000bba8        0x6 _build/nrfx_saadc.o
 .rodata.nrf_gpio_pin_port_decode.str1.1
                0x000000000000bbae       0x43 _build/nrfx_spim.o
 .rodata.SPIM2_SPIS2_SPI2_IRQHandler.str1.1
                0x000000000000bbae       0x4c _build/nrfx_spim.o
 .rodata.str1.1
                0x000000000000bbfa        0x5 _build/nrfx_spim.o
 .rodata.str1.1
                0x000000000000bbff        0x6 _build/nrfx_timer.o
 .rodata.twim_irq_handler.str1.1
                0x000000000000bc05       0x4c _build/nrfx_twim.o
 .rodata.str1.1
                0x000000000000bc51        0x5 _build/nrfx_twim.o
 .rodata.nrf_gpio_pin_port_decode.str1.1
                0x000000000000bc56       0x43 _build/nrfx_uart.o
 .rodata.nrfx_uart_init.str1.1
                0x000000000000bc56       0x90 _build/nrfx_uart.o
 .rodata.str1.1
                0x000000000000bce6        0x5 _build/nrfx_uart.o
 .rodata.nrf_gpio_pin_port_decode.str1.1
                0x000000000000bceb       0x43 _build/nrfx_uarte.o
 .rodata.nrfx_uarte_init.str1.1
                0x000000000000bceb       0x4d _build/nrfx_uarte.o
                                         0x91 (size before relaxing)
 .rodata.str1.1
                0x000000000000bd38        0x6 _build/nrfx_uarte.o
 *fill*         0x000000000000bd3e        0x2 
 .rodata        0x000000000000bd40      0x101 /usr/lib/gcc/arm-none-eabi/10.3.1/../../../arm-none-eabi/lib/thumb/v7e-m+fp/hard/libc.a(lib_a-ctype_.o)
                0x000000000000bd40                _ctype_
 *fill*         0x000000000000be41        0x3 
 .rodata        0x000000000000be44        0x4 /usr/lib/gcc/arm-none-eabi/10.3.1/../../../arm-none-eabi/lib/thumb/v7e-m+fp/hard/libc.a(lib_a-impure.o)
                0x000000000000be44                _global_impure_ptr
 .rodata.str1.4
                0x000000000000be48       0x42 /usr/lib/gcc/arm-none-eabi/10.3.1/../../../arm-none-eabi/lib/thumb/v7e-m+fp/hard/libc.a(lib_a-vfprintf.o)
 *fill*         0x000000000000be8a        0x2 
 .rodata        0x000000000000be8c       0x20 /usr/lib/gcc/arm-none-eabi/10.3.1/../../../arm-none-eabi/lib/thumb/v7e-m+fp/hard/libc.a(lib_a-vfprintf.o)
 .rodata.str1.4
                0x000000000000beac       0x56 /usr/lib/gcc/arm-none-eabi/10.3.1/../../../arm-none-eabi/lib/thumb/v7e-m+fp/hard/libc.a(lib_a-dtoa.o)
                                         0x5a (size before relaxing)
 *fill*         0x000000000000bf02        0x2 
 .rodata.str1.4
                0x000000000000bf04       0x33 /usr/lib/gcc/arm-none-eabi/10.3.1/../../../arm-none-eabi/lib/thumb/v7e-m+fp/hard/libc.a(lib_a-mprec.o)
                                         0x47 (size before relaxing)
 *fill*         0x000000000000bf37        0x1 
 .rodata        0x000000000000bf38      0x128 /usr/lib/gcc/arm-none-eabi/10.3.1/../../../arm-none-eabi/lib/thumb/v7e-m+fp/hard/libc.a(lib_a-mprec.o)
                0x000000000000bf48                __mprec_tens
                0x000000000000c010                __mprec_tinytens
                0x000000000000c038                __mprec_bigtens
 .rodata.str1.4
                0x000000000000c060       0x2f /usr/lib/gcc/arm-none-eabi/10.3.1/../../../arm-none-eabi/lib/thumb/v7e-m+fp/hard/libc.a(lib_a-vfiprintf.o)
 .rodata        0x000000000000c060       0x20 /usr/lib/gcc/arm-none-eabi/10.3.1/../../../arm-none-eabi/lib/thumb/v7e-m+fp/hard/libc.a(lib_a-vfiprintf.o)
 .rodata.str1.4
                0x000000000000c080       0x3f /usr/lib/gcc/arm-none-eabi/10.3.1/../../../arm-none-eabi/lib/thumb/v7e-m+fp/hard/libc.a(lib_a-assert.o)
                                         0x43 (size before relaxing)
 *fill*         0x000000000000c0bf        0x1 
 .rodata.str1.4
                0x000000000000c0c0        0xe /usr/lib/gcc/arm-none-eabi/10.3.1/../../../arm-none-eabi/lib/thumb/v7e-m+fp/hard/libc.a(lib_a-locale.o)
                                         0x12 (size before relaxing)
 *(.eh_frame*)
 *fill*         0x000000000000c0ce        0x2 
 .eh_frame      0x000000000000c0d0        0x0 /usr/lib/gcc/arm-none-eabi/10.3.1/thumb/v7e-m+fp/hard/crtbegin.o
 .eh_frame      0x000000000000c0d0        0x4 /usr/lib/gcc/arm-none-eabi/10.3.1/thumb/v7e-m+fp/hard/crtend.o

.glue_7         0x000000000000c0d4        0x0
 .glue_7        0x000000000000c0d4        0x0 linker stubs

.glue_7t        0x000000000000c0d4        0x0
 .glue_7t       0x000000000000c0d4        0x0 linker stubs

.vfp11_veneer   0x000000000000c0d4        0x0
 .vfp11_veneer  0x000000000000c0d4        0x0 linker stubs

.v4_bx          0x000000000000c0d4        0x0
 .v4_bx         0x000000000000c0d4        0x0 linker stubs

.iplt           0x000000000000c0d4        0x0
 .iplt          0x000000000000c0d4        0x0 /usr/lib/gcc/arm-none-eabi/10.3.1/thumb/v7e-m+fp/hard/crtbegin.o

.pwr_mgmt_data  0x000000000000c0d4        0x0
                0x000000000000c0d4                PROVIDE (__start_pwr_mgmt_data = .)
 *(SORT_BY_NAME(.pwr_mgmt_data*))
                0x000000000000c0d4                PROVIDE (__stop_pwr_mgmt_data = .)

.log_const_data
                0x000000000000c0d4       0x70
                0x000000000000c0d4                PROVIDE (__start_log_const_data = .)
 *(SORT_BY_NAME(.log_const_data*))
 .log_const_data_CLOCK
                0x000000000000c0d4        0x8 _build/nrfx_clock.o
                0x000000000000c0d4                m_nrf_log_CLOCK_logs_data_const
 .log_const_data_GPIOTE
                0x000000000000c0dc        0x8 _build/nrfx_gpiote.o
                0x000000000000c0dc                m_nrf_log_GPIOTE_logs_data_const
 .log_const_data_PRS
                0x000000000000c0e4        0x8 _build/nrfx_prs.o
                0x000000000000c0e4                m_nrf_log_PRS_logs_data_const
 .log_const_data_PWM
                0x000000000000c0ec        0x8 _build/nrfx_pwm.o
                0x000000000000c0ec                m_nrf_log_PWM_logs_data_const
 .log_const_data_SAADC
                0x000000000000c0f4        0x8 _build/nrfx_saadc.o
                0x000000000000c0f4                m_nrf_log_SAADC_logs_data_const
 .log_const_data_SPIM
                0x000000000000c0fc        0x8 _build/nrfx_spim.o
                0x000000000000c0fc                m_nrf_log_SPIM_logs_data_const
 .log_const_data_TIMER
                0x000000000000c104        0x8 _build/nrfx_timer.o
                0x000000000000c104                m_nrf_log_TIMER_logs_data_const
 .log_const_data_TWIM
                0x000000000000c10c        0x8 _build/nrfx_twim.o
                0x000000000000c10c                m_nrf_log_TWIM_logs_data_const
 .log_const_data_UART
                0x000000000000c114        0x8 _build/nrfx_uart.o
                0x000000000000c114                m_nrf_log_UART_logs_data_const
 .log_const_data_UARTE
                0x000000000000c11c        0x8 _build/nrfx_uarte.o
                0x000000000000c11c                m_nrf_log_UARTE_logs_data_const
 .log_const_data_app
                0x000000000000c124        0x8 _build/nrf_log_frontend.o
                0x000000000000c124                m_nrf_log_app_logs_data_const
 .log_const_data_clock
                0x000000000000c12c        0x8 _build/nrf_drv_clock.o
                0x000000000000c12c                m_nrf_log_clock_logs_data_const
 .log_const_data_hardfault
                0x000000000000c134        0x8 _build/hardfault_implementation.o
                0x000000000000c134                m_nrf_log_hardfault_logs_data_const
 .log_const_data_pwr_mgmt
                0x000000000000c13c        0x8 _build/nrf_pwr_mgmt.o
                0x000000000000c13c                m_nrf_log_pwr_mgmt_logs_data_const
                0x000000000000c144                PROVIDE (__stop_log_const_data = .)

.nrf_balloc     0x000000000000c144       0x14
                [!provide]                        PROVIDE (__start_nrf_balloc = .)
 *(.nrf_balloc)
 .nrf_balloc    0x000000000000c144       0x14 _build/nrf_log_frontend.o
                0x000000000000c144                log_mempool
                [!provide]                        PROVIDE (__stop_nrf_balloc = .)

.log_backends   0x000000000000c158       0x10
 .log_backends  0x000000000000c158       0x10 _build/nrf_log_default_backends.o

.nrf_queue      0x000000000000c168        0x0
                [!provide]                        PROVIDE (__start_nrf_queue = .)
 *(.nrf_queue)
                [!provide]                        PROVIDE (__stop_nrf_queue = .)

.cli_command    0x000000000000c168        0x0
                [!provide]                        PROVIDE (__start_cli_command = .)
 *(.cli_command)
                [!provide]                        PROVIDE (__stop_cli_command = .)

.sdh_stack_observers
                0x000000000000c168        0x0
                [!provide]                        PROVIDE (__start_sdh_stack_observers = .)
 *(SORT_BY_NAME(.sdh_stack_observers*))
                [!provide]                        PROVIDE (__stop_sdh_stack_observers = .)

.sdh_req_observers
                0x000000000000c168        0x0
                [!provide]                        PROVIDE (__start_sdh_req_observers = .)
 *(SORT_BY_NAME(.sdh_req_observers*))
                [!provide]                        PROVIDE (__stop_sdh_req_observers = .)

.sdh_state_observers
                0x000000000000c168        0x0
                [!provide]                        PROVIDE (__start_sdh_state_observers = .)
 *(SORT_BY_NAME(.sdh_state_observers*))
                [!provide]                        PROVIDE (__stop_sdh_state_observers = .)

.sdh_ant_observers
                0x000000000000c168        0x0
                [!provide]                        PROVIDE (__start_sdh_ant_observers = .)
 *(SORT_BY_NAME(.sdh_ant_observers*))
                [!provide]                        PROVIDE (__stop_sdh_ant_observers = .)

.sdh_ble_observers
                0x000000000000c168        0x0
                [!provide]                        PROVIDE (__start_sdh_ble_observers = .)
 *(SORT_BY_NAME(.sdh_ble_observers*))
                [!provide]                        PROVIDE (__stop_sdh_ble_observers = .)

.sdh_soc_observers
                0x000000000000c168        0x0
                [!provide]                        PROVIDE (__start_sdh_soc_observers = .)
 *(SORT_BY_NAME(.sdh_soc_observers*))
                [!provide]                        PROVIDE (__stop_sdh_soc_observers = .)

.crypto_data    0x000000000000c168        0x0
                [!provide]                        PROVIDE (__start_crypto_data = .)
 *(SORT_BY_NAME(.crypto_data*))
                [!provide]                        PROVIDE (__stop_crypto_data = .)

.ARM.extab
 *(.ARM.extab* .gnu.linkonce.armextab.*)
                0x000000000000c168                __exidx_start = .

.ARM.exidx      0x000000000000c168        0x8
 *(.ARM.exidx* .gnu.linkonce.armexidx.*)
 .ARM.exidx     0x000000000000c168        0x8 /usr/lib/gcc/arm-none-eabi/10.3.1/../../../arm-none-eabi/lib/thumb/v7e-m+fp/hard/crt0.o
                                         0x10 (size before relaxing)
 .ARM.exidx     0x000000000000c170        0x0 /usr/lib/gcc/arm-none-eabi/10.3.1/thumb/v7e-m+fp/hard/libgcc.a(_udivmoddi4.o)
                                          0x8 (size before relaxing)
                0x000000000000c170                __exidx_end = .
                0x000000000000c170                __etext = .

.rel.dyn        0x000000000000c170        0x0
 .rel.iplt      0x000000000000c170        0x0 /usr/lib/gcc/arm-none-eabi/10.3.1/thumb/v7e-m+fp/hard/crtbegin.o

.data           0x0000000020000000      0x9dc load address 0x000000000000c170
                0x0000000020000000                __data_start__ = .
 *(vtable)
 *(.data*)
 .data.m_uart   0x0000000020000000       0x14 _build/microbit_nrf_log_backend_uart.o
                0x0000000020000000                m_uart
 .data.log_backend_cb_uart_log_backend
                0x0000000020000014        0x8 _build/nrf_log_default_backends.o
 .data.SystemCoreClock
                0x000000002000001c        0x4 _build/system_nrf52833.o
                0x000000002000001c                SystemCoreClock
 .data          0x0000000020000020      0x430 /usr/lib/gcc/arm-none-eabi/10.3.1/../../../arm-none-eabi/lib/thumb/v7e-m+fp/hard/libc.a(lib_a-impure.o)
                0x0000000020000020                _impure_ptr
 .data          0x0000000020000450      0x410 /usr/lib/gcc/arm-none-eabi/10.3.1/../../../arm-none-eabi/lib/thumb/v7e-m+fp/hard/libc.a(lib_a-mallocr.o)
                0x0000000020000450                __malloc_av_
                0x0000000020000858                __malloc_sbrk_base
                0x000000002000085c                __malloc_trim_threshold
 .data          0x0000000020000860      0x16c /usr/lib/gcc/arm-none-eabi/10.3.1/../../../arm-none-eabi/lib/thumb/v7e-m+fp/hard/libc.a(lib_a-locale.o)
                0x0000000020000860                __global_locale
                0x00000000200009cc                . = ALIGN (0x4)
                0x00000000200009cc                PROVIDE (__preinit_array_start = .)
 *(.preinit_array)
                0x00000000200009cc                PROVIDE (__preinit_array_end = .)
                0x00000000200009cc                . = ALIGN (0x4)
                0x00000000200009cc                PROVIDE (__init_array_start = .)
 *(SORT_BY_NAME(.init_array.*))
 .init_array.00000
                0x00000000200009cc        0x4 /usr/lib/gcc/arm-none-eabi/10.3.1/../../../arm-none-eabi/lib/thumb/v7e-m+fp/hard/libc.a(lib_a-__call_atexit.o)
 *(.init_array)
 .init_array    0x00000000200009d0        0x4 /usr/lib/gcc/arm-none-eabi/10.3.1/thumb/v7e-m+fp/hard/crtbegin.o
 .init_array    0x00000000200009d4        0x4 _build/microbit_before_startup.o
                0x00000000200009d8                PROVIDE (__init_array_end = .)
                0x00000000200009d8                . = ALIGN (0x4)
                0x00000000200009d8                PROVIDE (__fini_array_start = .)
 *(SORT_BY_NAME(.fini_array.*))
 *(.fini_array)
 .fini_array    0x00000000200009d8        0x4 /usr/lib/gcc/arm-none-eabi/10.3.1/thumb/v7e-m+fp/hard/crtbegin.o
                0x00000000200009dc                PROVIDE (__fini_array_end = .)
 *(.jcr*)
                0x00000000200009dc                . = ALIGN (0x4)
                0x00000000200009dc                __data_end__ = .
LOAD /usr/lib/gcc/arm-none-eabi/10.3.1/thumb/v7e-m+fp/hard/crti.o
LOAD /usr/lib/gcc/arm-none-eabi/10.3.1/thumb/v7e-m+fp/hard/crtbegin.o
LOAD /usr/lib/gcc/arm-none-eabi/10.3.1/../../../arm-none-eabi/lib/thumb/v7e-m+fp/hard/crt0.o
START GROUP
LOAD _build/main.o
LOAD _build/better_error_handling.o
LOAD _build/microbit_before_startup.o
LOAD _build/microbit_nrf_log_backend_uart.o
LOAD _build/microbit_retarget.o
LOAD _build/app_error_handler_gcc.o
LOAD _build/app_fifo.o
LOAD _build/app_scheduler.o
LOAD _build/app_timer.o
LOAD _build/app_uart_fifo.o
LOAD _build/app_util_platform.o
LOAD _build/hardfault_handler_gcc.o
LOAD _build/hardfault_implementation.o
LOAD _build/nrf_assert.o
LOAD _build/nrf_atomic.o
LOAD _build/nrf_balloc.o
LOAD _build/nrf_drv_clock.o
LOAD _build/nrf_drv_twi.o
LOAD _build/nrf_drv_uart.o
LOAD _build/nrf_fprintf.o
LOAD _build/nrf_fprintf_format.o
LOAD _build/nrf_log_backend_rtt.o
LOAD _build/nrf_log_backend_serial.o
LOAD _build/nrf_log_default_backends.o
LOAD _build/nrf_log_frontend.o
LOAD _build/nrf_log_str_formatter.o
LOAD _build/nrf_memobj.o
LOAD _build/nrf_nvmc.o
LOAD _build/nrf_pwr_mgmt.o
LOAD _build/nrf_queue.o
LOAD _build/nrf_ringbuf.o
LOAD _build/nrf_sdh.o
LOAD _build/nrf_section_iter.o
LOAD _build/nrf_serial.o
LOAD _build/nrf_strerror.o
LOAD _build/nrf_twi_mngr.o
LOAD _build/nrfx_clock.o
LOAD _build/nrfx_gpiote.o
LOAD _build/nrfx_ppi.o
LOAD _build/nrfx_prs.o
LOAD _build/nrfx_pwm.o
LOAD _build/nrfx_saadc.o
LOAD _build/nrfx_spim.o
LOAD _build/nrfx_timer.o
LOAD _build/nrfx_twi.o
LOAD _build/nrfx_twim.o
LOAD _build/nrfx_uart.o
LOAD _build/nrfx_uarte.o
LOAD _build/system_nrf52833.o
LOAD _build/app_error_weak.o
LOAD _build/gcc_startup_nrf52833.os
LOAD /usr/lib/gcc/arm-none-eabi/10.3.1/../../../arm-none-eabi/lib/thumb/v7e-m+fp/hard/libc.a
LOAD /usr/lib/gcc/arm-none-eabi/10.3.1/../../../arm-none-eabi/lib/thumb/v7e-m+fp/hard/libnosys.a
LOAD /usr/lib/gcc/arm-none-eabi/10.3.1/../../../arm-none-eabi/lib/thumb/v7e-m+fp/hard/libm.a
LOAD /usr/lib/gcc/arm-none-eabi/10.3.1/../../../arm-none-eabi/lib/thumb/v7e-m+fp/hard/libstdc++.a
END GROUP
START GROUP
LOAD /usr/lib/gcc/arm-none-eabi/10.3.1/thumb/v7e-m+fp/hard/libgcc.a
LOAD /usr/lib/gcc/arm-none-eabi/10.3.1/../../../arm-none-eabi/lib/thumb/v7e-m+fp/hard/libc.a
END GROUP
LOAD /usr/lib/gcc/arm-none-eabi/10.3.1/thumb/v7e-m+fp/hard/crtend.o
LOAD /usr/lib/gcc/arm-none-eabi/10.3.1/thumb/v7e-m+fp/hard/crtn.o
START GROUP
LOAD /usr/lib/gcc/arm-none-eabi/10.3.1/thumb/v7e-m+fp/hard/libgcc.a
LOAD /usr/lib/gcc/arm-none-eabi/10.3.1/../../../arm-none-eabi/lib/thumb/v7e-m+fp/hard/libc.a
LOAD /usr/lib/gcc/arm-none-eabi/10.3.1/../../../arm-none-eabi/lib/thumb/v7e-m+fp/hard/libnosys.a
END GROUP
                0x0000000000001000                FLASH_PAGE_SIZE = 0x1000
                0x0000000000000004                FLASH_DATA_PAGES_USED = 0x4

.tm_clone_table
                0x00000000200009dc        0x0 load address 0x000000000000cb4c
 .tm_clone_table
                0x00000000200009dc        0x0 /usr/lib/gcc/arm-none-eabi/10.3.1/thumb/v7e-m+fp/hard/crtbegin.o
 .tm_clone_table
                0x00000000200009dc        0x0 /usr/lib/gcc/arm-none-eabi/10.3.1/thumb/v7e-m+fp/hard/crtend.o

.igot.plt       0x00000000200009dc        0x0 load address 0x000000000000cb4c
 .igot.plt      0x00000000200009dc        0x0 /usr/lib/gcc/arm-none-eabi/10.3.1/thumb/v7e-m+fp/hard/crtbegin.o
                0x00000000200009dc                . = ALIGN (0x4)

.svc_data       0x00000000200009dc        0x0
                [!provide]                        PROVIDE (__start_svc_data = .)
 *(.svc_data)
                [!provide]                        PROVIDE (__stop_svc_data = .)

.fs_data        0x00000000200009dc        0x0
                [!provide]                        PROVIDE (__start_fs_data = .)
 *(.fs_data)
                [!provide]                        PROVIDE (__stop_fs_data = .)

.log_dynamic_data
                0x00000000200009dc        0x0
                0x00000000200009dc                PROVIDE (__start_log_dynamic_data = .)
 *(SORT_BY_NAME(.log_dynamic_data*))
                [!provide]                        PROVIDE (__stop_log_dynamic_data = .)

.cli_sorted_cmd_ptrs
                0x00000000200009dc        0x0
                [!provide]                        PROVIDE (__start_cli_sorted_cmd_ptrs = .)
 *(.cli_sorted_cmd_ptrs)
                [!provide]                        PROVIDE (__stop_cli_sorted_cmd_ptrs = .)

.bss            0x00000000200009dc      0x910 load address 0x000000000000cb4c
                0x00000000200009dc                . = ALIGN (0x4)
                0x00000000200009dc                __bss_start__ = .
 *(.bss*)
 .bss           0x00000000200009dc       0x1c /usr/lib/gcc/arm-none-eabi/10.3.1/thumb/v7e-m+fp/hard/crtbegin.o
 .bss.m_async_mode
                0x00000000200009f8        0x1 _build/microbit_nrf_log_backend_uart.o
 .bss.m_string_buff
                0x00000000200009f9       0x40 _build/microbit_nrf_log_backend_uart.o
 .bss.m_xfer_done
                0x0000000020000a39        0x1 _build/microbit_nrf_log_backend_uart.o
 *fill*         0x0000000020000a3a        0x2 
 .bss.m_op_queue
                0x0000000020000a3c      0x10c _build/app_timer.o
 .bss.m_rtc1_reset
                0x0000000020000b48        0x1 _build/app_timer.o
 .bss.m_rtc1_running
                0x0000000020000b49        0x1 _build/app_timer.o
 *fill*         0x0000000020000b4a        0x2 
 .bss.m_ticks_elapsed
                0x0000000020000b4c        0x8 _build/app_timer.o
 .bss.m_ticks_elapsed_q_read_ind
                0x0000000020000b54        0x1 _build/app_timer.o
 .bss.m_ticks_elapsed_q_write_ind
                0x0000000020000b55        0x1 _build/app_timer.o
 *fill*         0x0000000020000b56        0x2 
 .bss.m_ticks_latest
                0x0000000020000b58        0x4 _build/app_timer.o
 .bss.mp_timer_id_head
                0x0000000020000b5c        0x4 _build/app_timer.o
 .bss.m_in_critical_region
                0x0000000020000b60        0x4 _build/app_util_platform.o
 .bss.m_contexts
                0x0000000020000b64        0x8 _build/nrf_drv_uart.o
 .bss.m_handlers
                0x0000000020000b6c        0x8 _build/nrf_drv_uart.o
 .bss.nrf_drv_uart_use_easy_dma
                0x0000000020000b74        0x2 _build/nrf_drv_uart.o
                0x0000000020000b74                nrf_drv_uart_use_easy_dma
 *fill*         0x0000000020000b76        0x2 
 .bss.log_mempool_nrf_balloc_cb
                0x0000000020000b78        0x8 _build/nrf_log_frontend.o
 .bss.log_mempool_nrf_balloc_pool_mem
                0x0000000020000b80       0xc0 _build/nrf_log_frontend.o
 .bss.log_mempool_nrf_balloc_pool_stack
                0x0000000020000c40        0x8 _build/nrf_log_frontend.o
 .bss.m_log_data
                0x0000000020000c48      0x424 _build/nrf_log_frontend.o
 .bss.m_log_push_ringbuf_buf
                0x000000002000106c       0x80 _build/nrf_log_frontend.o
 .bss.m_log_push_ringbuf_cb
                0x00000000200010ec       0x18 _build/nrf_log_frontend.o
 .bss.m_clock_cb
                0x0000000020001104        0x8 _build/nrfx_clock.o
 .bss.m_cb      0x000000002000110c       0x68 _build/nrfx_gpiote.o
 .bss.m_prs_box_4
                0x0000000020001174        0x8 _build/nrfx_prs.o
 .bss.m_cb      0x000000002000117c       0x10 _build/nrfx_pwm.o
 .bss.m_cb      0x000000002000118c       0x30 _build/nrfx_saadc.o
 .bss.m_cb      0x00000000200011bc       0x24 _build/nrfx_spim.o
 .bss.m_cb      0x00000000200011e0       0x18 _build/nrfx_timer.o
 .bss.m_cb      0x00000000200011f8       0x68 _build/nrfx_twim.o
 .bss.m_cb      0x0000000020001260       0x2c _build/nrfx_uart.o
 .bss.m_cb      0x000000002000128c       0x24 _build/nrfx_uarte.o
 .bss           0x00000000200012b0       0x34 /usr/lib/gcc/arm-none-eabi/10.3.1/../../../arm-none-eabi/lib/thumb/v7e-m+fp/hard/libc.a(lib_a-mallocr.o)
                0x00000000200012b0                __malloc_top_pad
                0x00000000200012b4                __malloc_current_mallinfo
                0x00000000200012dc                __malloc_max_sbrked_mem
                0x00000000200012e0                __malloc_max_total_mem
 .bss           0x00000000200012e4        0x4 /usr/lib/gcc/arm-none-eabi/10.3.1/../../../arm-none-eabi/lib/thumb/v7e-m+fp/hard/libc.a(lib_a-reent.o)
                0x00000000200012e4                errno
 .bss           0x00000000200012e8        0x4 /usr/lib/gcc/arm-none-eabi/10.3.1/../../../arm-none-eabi/lib/thumb/v7e-m+fp/hard/libnosys.a(sbrk.o)
 *(COMMON)
                0x00000000200012ec                . = ALIGN (0x4)
                0x00000000200012ec                __bss_end__ = .

.heap           0x00000000200012f0     0x2000
                0x00000000200012f0                __HeapBase = .
                0x00000000200012f0                __end__ = .
                0x00000000200012f0                PROVIDE (end = .)
 *(.heap*)
 .heap          0x00000000200012f0     0x2000 _build/gcc_startup_nrf52833.os
                0x00000000200032f0                __HeapLimit = .

.stack_dummy    0x00000000200012f0     0x2000
 *(.stack*)
 .stack         0x00000000200012f0     0x2000 _build/gcc_startup_nrf52833.os
                0x0000000020020000                __StackTop = (ORIGIN (RAM) + LENGTH (RAM))
                0x000000002001e000                __StackLimit = (__StackTop - SIZEOF (.stack_dummy))
                0x0000000020020000                PROVIDE (__stack = __StackTop)
                0x0000000000000001                ASSERT ((__StackLimit >= __HeapLimit), region RAM overflowed with stack)
                0x00000000000009dc                DataInitFlashUsed = (__bss_start__ - __data_start__)
                0x000000000000c170                CodeFlashUsed = (__etext - ORIGIN (FLASH))
                0x000000000000cb4c                TotalFlashUsed = (CodeFlashUsed + DataInitFlashUsed)
                0x0000000000000001                ASSERT ((TotalFlashUsed <= LENGTH (FLASH)), region FLASH overflowed with .data and user data)
OUTPUT(_build/printf_sdk16_blank.elf elf32-littlearm)
LOAD linker stubs

.ARM.attributes
                0x0000000000000000       0x30
 .ARM.attributes
                0x0000000000000000       0x1e /usr/lib/gcc/arm-none-eabi/10.3.1/thumb/v7e-m+fp/hard/crti.o
 .ARM.attributes
                0x000000000000001e       0x34 /usr/lib/gcc/arm-none-eabi/10.3.1/thumb/v7e-m+fp/hard/crtbegin.o
 .ARM.attributes
                0x0000000000000052       0x1c /usr/lib/gcc/arm-none-eabi/10.3.1/../../../arm-none-eabi/lib/thumb/v7e-m+fp/hard/crt0.o
 .ARM.attributes
                0x000000000000006e       0x34 _build/main.o
 .ARM.attributes
                0x00000000000000a2       0x34 _build/better_error_handling.o
 .ARM.attributes
                0x00000000000000d6       0x34 _build/microbit_before_startup.o
 .ARM.attributes
                0x000000000000010a       0x34 _build/microbit_nrf_log_backend_uart.o
 .ARM.attributes
                0x000000000000013e       0x34 _build/microbit_retarget.o
 .ARM.attributes
                0x0000000000000172       0x34 _build/app_error_handler_gcc.o
 .ARM.attributes
                0x00000000000001a6       0x34 _build/app_timer.o
 .ARM.attributes
                0x00000000000001da       0x34 _build/app_util_platform.o
 .ARM.attributes
                0x000000000000020e       0x34 _build/hardfault_handler_gcc.o
 .ARM.attributes
                0x0000000000000242       0x34 _build/hardfault_implementation.o
 .ARM.attributes
                0x0000000000000276       0x34 _build/nrf_assert.o
 .ARM.attributes
                0x00000000000002aa       0x34 _build/nrf_atomic.o
 .ARM.attributes
                0x00000000000002de       0x34 _build/nrf_balloc.o
 .ARM.attributes
                0x0000000000000312       0x34 _build/nrf_drv_clock.o
 .ARM.attributes
                0x0000000000000346       0x34 _build/nrf_drv_uart.o
 .ARM.attributes
                0x000000000000037a       0x34 _build/nrf_fprintf.o
 .ARM.attributes
                0x00000000000003ae       0x34 _build/nrf_fprintf_format.o
 .ARM.attributes
                0x00000000000003e2       0x34 _build/nrf_log_backend_serial.o
 .ARM.attributes
                0x0000000000000416       0x34 _build/nrf_log_default_backends.o
 .ARM.attributes
                0x000000000000044a       0x34 _build/nrf_log_frontend.o
 .ARM.attributes
                0x000000000000047e       0x34 _build/nrf_log_str_formatter.o
 .ARM.attributes
                0x00000000000004b2       0x34 _build/nrf_memobj.o
 .ARM.attributes
                0x00000000000004e6       0x34 _build/nrf_pwr_mgmt.o
 .ARM.attributes
                0x000000000000051a       0x34 _build/nrf_ringbuf.o
 .ARM.attributes
                0x000000000000054e       0x34 _build/nrf_strerror.o
 .ARM.attributes
                0x0000000000000582       0x34 _build/nrfx_clock.o
 .ARM.attributes
                0x00000000000005b6       0x34 _build/nrfx_gpiote.o
 .ARM.attributes
                0x00000000000005ea       0x34 _build/nrfx_prs.o
 .ARM.attributes
                0x000000000000061e       0x34 _build/nrfx_pwm.o
 .ARM.attributes
                0x0000000000000652       0x34 _build/nrfx_saadc.o
 .ARM.attributes
                0x0000000000000686       0x34 _build/nrfx_spim.o
 .ARM.attributes
                0x00000000000006ba       0x34 _build/nrfx_timer.o
 .ARM.attributes
                0x00000000000006ee       0x34 _build/nrfx_twim.o
 .ARM.attributes
                0x0000000000000722       0x34 _build/nrfx_uart.o
 .ARM.attributes
                0x0000000000000756       0x34 _build/nrfx_uarte.o
 .ARM.attributes
                0x000000000000078a       0x34 _build/system_nrf52833.o
 .ARM.attributes
                0x00000000000007be       0x1c _build/gcc_startup_nrf52833.os
 .ARM.attributes
                0x00000000000007da       0x34 /usr/lib/gcc/arm-none-eabi/10.3.1/../../../arm-none-eabi/lib/thumb/v7e-m+fp/hard/libc.a(lib_a-atexit.o)
 .ARM.attributes
                0x000000000000080e       0x32 /usr/lib/gcc/arm-none-eabi/10.3.1/../../../arm-none-eabi/lib/thumb/v7e-m+fp/hard/libc.a(lib_a-ctype_.o)
 .ARM.attributes
                0x0000000000000840       0x34 /usr/lib/gcc/arm-none-eabi/10.3.1/../../../arm-none-eabi/lib/thumb/v7e-m+fp/hard/libc.a(lib_a-exit.o)
 .ARM.attributes
                0x0000000000000874       0x34 /usr/lib/gcc/arm-none-eabi/10.3.1/../../../arm-none-eabi/lib/thumb/v7e-m+fp/hard/libc.a(lib_a-fini.o)
 .ARM.attributes
                0x00000000000008a8       0x32 /usr/lib/gcc/arm-none-eabi/10.3.1/../../../arm-none-eabi/lib/thumb/v7e-m+fp/hard/libc.a(lib_a-impure.o)
 .ARM.attributes
                0x00000000000008da       0x34 /usr/lib/gcc/arm-none-eabi/10.3.1/../../../arm-none-eabi/lib/thumb/v7e-m+fp/hard/libc.a(lib_a-init.o)
 .ARM.attributes
                0x000000000000090e       0x1c /usr/lib/gcc/arm-none-eabi/10.3.1/../../../arm-none-eabi/lib/thumb/v7e-m+fp/hard/libc.a(lib_a-memcpy.o)
 .ARM.attributes
                0x000000000000092a       0x34 /usr/lib/gcc/arm-none-eabi/10.3.1/../../../arm-none-eabi/lib/thumb/v7e-m+fp/hard/libc.a(lib_a-memset.o)
 .ARM.attributes
                0x000000000000095e       0x34 /usr/lib/gcc/arm-none-eabi/10.3.1/../../../arm-none-eabi/lib/thumb/v7e-m+fp/hard/libc.a(lib_a-printf.o)
 .ARM.attributes
                0x0000000000000992       0x34 /usr/lib/gcc/arm-none-eabi/10.3.1/../../../arm-none-eabi/lib/thumb/v7e-m+fp/hard/libc.a(lib_a-setbuf.o)
 .ARM.attributes
                0x00000000000009c6       0x34 /usr/lib/gcc/arm-none-eabi/10.3.1/../../../arm-none-eabi/lib/thumb/v7e-m+fp/hard/libc.a(lib_a-setvbuf.o)
 .ARM.attributes
                0x00000000000009fa       0x1c /usr/lib/gcc/arm-none-eabi/10.3.1/../../../arm-none-eabi/lib/thumb/v7e-m+fp/hard/libc.a(lib_a-strlen.o)
 .ARM.attributes
                0x0000000000000a16       0x34 /usr/lib/gcc/arm-none-eabi/10.3.1/../../../arm-none-eabi/lib/thumb/v7e-m+fp/hard/libc.a(lib_a-vfprintf.o)
 .ARM.attributes
                0x0000000000000a4a       0x34 /usr/lib/gcc/arm-none-eabi/10.3.1/../../../arm-none-eabi/lib/thumb/v7e-m+fp/hard/libc.a(lib_a-wsetup.o)
 .ARM.attributes
                0x0000000000000a7e       0x34 /usr/lib/gcc/arm-none-eabi/10.3.1/../../../arm-none-eabi/lib/thumb/v7e-m+fp/hard/libc.a(lib_a-__atexit.o)
 .ARM.attributes
                0x0000000000000ab2       0x34 /usr/lib/gcc/arm-none-eabi/10.3.1/../../../arm-none-eabi/lib/thumb/v7e-m+fp/hard/libc.a(lib_a-__call_atexit.o)
 .ARM.attributes
                0x0000000000000ae6       0x34 /usr/lib/gcc/arm-none-eabi/10.3.1/../../../arm-none-eabi/lib/thumb/v7e-m+fp/hard/libc.a(lib_a-dtoa.o)
 .ARM.attributes
                0x0000000000000b1a       0x34 /usr/lib/gcc/arm-none-eabi/10.3.1/../../../arm-none-eabi/lib/thumb/v7e-m+fp/hard/libc.a(lib_a-fflush.o)
 .ARM.attributes
                0x0000000000000b4e       0x34 /usr/lib/gcc/arm-none-eabi/10.3.1/../../../arm-none-eabi/lib/thumb/v7e-m+fp/hard/libc.a(lib_a-findfp.o)
 .ARM.attributes
                0x0000000000000b82       0x34 /usr/lib/gcc/arm-none-eabi/10.3.1/../../../arm-none-eabi/lib/thumb/v7e-m+fp/hard/libc.a(lib_a-freer.o)
 .ARM.attributes
                0x0000000000000bb6       0x34 /usr/lib/gcc/arm-none-eabi/10.3.1/../../../arm-none-eabi/lib/thumb/v7e-m+fp/hard/libc.a(lib_a-fwalk.o)
 .ARM.attributes
                0x0000000000000bea       0x34 /usr/lib/gcc/arm-none-eabi/10.3.1/../../../arm-none-eabi/lib/thumb/v7e-m+fp/hard/libc.a(lib_a-localeconv.o)
 .ARM.attributes
                0x0000000000000c1e       0x34 /usr/lib/gcc/arm-none-eabi/10.3.1/../../../arm-none-eabi/lib/thumb/v7e-m+fp/hard/libc.a(lib_a-makebuf.o)
 .ARM.attributes
                0x0000000000000c52       0x34 /usr/lib/gcc/arm-none-eabi/10.3.1/../../../arm-none-eabi/lib/thumb/v7e-m+fp/hard/libc.a(lib_a-malloc.o)
 .ARM.attributes
                0x0000000000000c86       0x34 /usr/lib/gcc/arm-none-eabi/10.3.1/../../../arm-none-eabi/lib/thumb/v7e-m+fp/hard/libc.a(lib_a-mallocr.o)
 .ARM.attributes
                0x0000000000000cba       0x1c /usr/lib/gcc/arm-none-eabi/10.3.1/../../../arm-none-eabi/lib/thumb/v7e-m+fp/hard/libc.a(lib_a-memchr.o)
 .ARM.attributes
                0x0000000000000cd6       0x34 /usr/lib/gcc/arm-none-eabi/10.3.1/../../../arm-none-eabi/lib/thumb/v7e-m+fp/hard/libc.a(lib_a-mlock.o)
 .ARM.attributes
                0x0000000000000d0a       0x34 /usr/lib/gcc/arm-none-eabi/10.3.1/../../../arm-none-eabi/lib/thumb/v7e-m+fp/hard/libc.a(lib_a-mprec.o)
 .ARM.attributes
                0x0000000000000d3e       0x34 /usr/lib/gcc/arm-none-eabi/10.3.1/../../../arm-none-eabi/lib/thumb/v7e-m+fp/hard/libc.a(lib_a-sbrkr.o)
 .ARM.attributes
                0x0000000000000d72       0x34 /usr/lib/gcc/arm-none-eabi/10.3.1/../../../arm-none-eabi/lib/thumb/v7e-m+fp/hard/libc.a(lib_a-stdio.o)
 .ARM.attributes
                0x0000000000000da6       0x34 /usr/lib/gcc/arm-none-eabi/10.3.1/../../../arm-none-eabi/lib/thumb/v7e-m+fp/hard/libc.a(lib_a-vfiprintf.o)
 .ARM.attributes
                0x0000000000000dda       0x34 /usr/lib/gcc/arm-none-eabi/10.3.1/../../../arm-none-eabi/lib/thumb/v7e-m+fp/hard/libc.a(lib_a-writer.o)
 .ARM.attributes
                0x0000000000000e0e       0x34 /usr/lib/gcc/arm-none-eabi/10.3.1/../../../arm-none-eabi/lib/thumb/v7e-m+fp/hard/libc.a(lib_a-assert.o)
 .ARM.attributes
                0x0000000000000e42       0x34 /usr/lib/gcc/arm-none-eabi/10.3.1/../../../arm-none-eabi/lib/thumb/v7e-m+fp/hard/libc.a(lib_a-callocr.o)
 .ARM.attributes
                0x0000000000000e76       0x34 /usr/lib/gcc/arm-none-eabi/10.3.1/../../../arm-none-eabi/lib/thumb/v7e-m+fp/hard/libc.a(lib_a-closer.o)
 .ARM.attributes
                0x0000000000000eaa       0x34 /usr/lib/gcc/arm-none-eabi/10.3.1/../../../arm-none-eabi/lib/thumb/v7e-m+fp/hard/libc.a(lib_a-fclose.o)
 .ARM.attributes
                0x0000000000000ede       0x34 /usr/lib/gcc/arm-none-eabi/10.3.1/../../../arm-none-eabi/lib/thumb/v7e-m+fp/hard/libc.a(lib_a-fiprintf.o)
 .ARM.attributes
                0x0000000000000f12       0x34 /usr/lib/gcc/arm-none-eabi/10.3.1/../../../arm-none-eabi/lib/thumb/v7e-m+fp/hard/libc.a(lib_a-fputwc.o)
 .ARM.attributes
                0x0000000000000f46       0x34 /usr/lib/gcc/arm-none-eabi/10.3.1/../../../arm-none-eabi/lib/thumb/v7e-m+fp/hard/libc.a(lib_a-fstatr.o)
 .ARM.attributes
                0x0000000000000f7a       0x34 /usr/lib/gcc/arm-none-eabi/10.3.1/../../../arm-none-eabi/lib/thumb/v7e-m+fp/hard/libc.a(lib_a-fvwrite.o)
 .ARM.attributes
                0x0000000000000fae       0x34 /usr/lib/gcc/arm-none-eabi/10.3.1/../../../arm-none-eabi/lib/thumb/v7e-m+fp/hard/libc.a(lib_a-isattyr.o)
 .ARM.attributes
                0x0000000000000fe2       0x34 /usr/lib/gcc/arm-none-eabi/10.3.1/../../../arm-none-eabi/lib/thumb/v7e-m+fp/hard/libc.a(lib_a-locale.o)
 .ARM.attributes
                0x0000000000001016       0x34 /usr/lib/gcc/arm-none-eabi/10.3.1/../../../arm-none-eabi/lib/thumb/v7e-m+fp/hard/libc.a(lib_a-lseekr.o)
 .ARM.attributes
                0x000000000000104a       0x34 /usr/lib/gcc/arm-none-eabi/10.3.1/../../../arm-none-eabi/lib/thumb/v7e-m+fp/hard/libc.a(lib_a-mbtowc_r.o)
 .ARM.attributes
                0x000000000000107e       0x34 /usr/lib/gcc/arm-none-eabi/10.3.1/../../../arm-none-eabi/lib/thumb/v7e-m+fp/hard/libc.a(lib_a-memmove.o)
 .ARM.attributes
                0x00000000000010b2       0x34 /usr/lib/gcc/arm-none-eabi/10.3.1/../../../arm-none-eabi/lib/thumb/v7e-m+fp/hard/libc.a(lib_a-readr.o)
 .ARM.attributes
                0x00000000000010e6       0x34 /usr/lib/gcc/arm-none-eabi/10.3.1/../../../arm-none-eabi/lib/thumb/v7e-m+fp/hard/libc.a(lib_a-reallocr.o)
 .ARM.attributes
                0x000000000000111a       0x34 /usr/lib/gcc/arm-none-eabi/10.3.1/../../../arm-none-eabi/lib/thumb/v7e-m+fp/hard/libc.a(lib_a-reent.o)
 .ARM.attributes
                0x000000000000114e       0x1c /usr/lib/gcc/arm-none-eabi/10.3.1/../../../arm-none-eabi/lib/thumb/v7e-m+fp/hard/libc.a(lib_a-strcmp.o)
 .ARM.attributes
                0x000000000000116a       0x34 /usr/lib/gcc/arm-none-eabi/10.3.1/../../../arm-none-eabi/lib/thumb/v7e-m+fp/hard/libc.a(lib_a-wbuf.o)
 .ARM.attributes
                0x000000000000119e       0x34 /usr/lib/gcc/arm-none-eabi/10.3.1/../../../arm-none-eabi/lib/thumb/v7e-m+fp/hard/libc.a(lib_a-wcrtomb.o)
 .ARM.attributes
                0x00000000000011d2       0x34 /usr/lib/gcc/arm-none-eabi/10.3.1/../../../arm-none-eabi/lib/thumb/v7e-m+fp/hard/libc.a(lib_a-wctomb_r.o)
 .ARM.attributes
                0x0000000000001206       0x34 /usr/lib/gcc/arm-none-eabi/10.3.1/../../../arm-none-eabi/lib/thumb/v7e-m+fp/hard/libc.a(lib_a-abort.o)
 .ARM.attributes
                0x000000000000123a       0x34 /usr/lib/gcc/arm-none-eabi/10.3.1/../../../arm-none-eabi/lib/thumb/v7e-m+fp/hard/libc.a(lib_a-signal.o)
 .ARM.attributes
                0x000000000000126e       0x34 /usr/lib/gcc/arm-none-eabi/10.3.1/../../../arm-none-eabi/lib/thumb/v7e-m+fp/hard/libc.a(lib_a-signalr.o)
 .ARM.attributes
                0x00000000000012a2       0x34 /usr/lib/gcc/arm-none-eabi/10.3.1/../../../arm-none-eabi/lib/thumb/v7e-m+fp/hard/libnosys.a(close.o)
 .ARM.attributes
                0x00000000000012d6       0x34 /usr/lib/gcc/arm-none-eabi/10.3.1/../../../arm-none-eabi/lib/thumb/v7e-m+fp/hard/libnosys.a(fstat.o)
 .ARM.attributes
                0x000000000000130a       0x34 /usr/lib/gcc/arm-none-eabi/10.3.1/../../../arm-none-eabi/lib/thumb/v7e-m+fp/hard/libnosys.a(getpid.o)
 .ARM.attributes
                0x000000000000133e       0x34 /usr/lib/gcc/arm-none-eabi/10.3.1/../../../arm-none-eabi/lib/thumb/v7e-m+fp/hard/libnosys.a(isatty.o)
 .ARM.attributes
                0x0000000000001372       0x34 /usr/lib/gcc/arm-none-eabi/10.3.1/../../../arm-none-eabi/lib/thumb/v7e-m+fp/hard/libnosys.a(kill.o)
 .ARM.attributes
                0x00000000000013a6       0x34 /usr/lib/gcc/arm-none-eabi/10.3.1/../../../arm-none-eabi/lib/thumb/v7e-m+fp/hard/libnosys.a(lseek.o)
 .ARM.attributes
                0x00000000000013da       0x34 /usr/lib/gcc/arm-none-eabi/10.3.1/../../../arm-none-eabi/lib/thumb/v7e-m+fp/hard/libnosys.a(sbrk.o)
 .ARM.attributes
                0x000000000000140e       0x34 /usr/lib/gcc/arm-none-eabi/10.3.1/../../../arm-none-eabi/lib/thumb/v7e-m+fp/hard/libnosys.a(_exit.o)
 .ARM.attributes
                0x0000000000001442       0x1e /usr/lib/gcc/arm-none-eabi/10.3.1/thumb/v7e-m+fp/hard/libgcc.a(_arm_addsubdf3.o)
 .ARM.attributes
                0x0000000000001460       0x1e /usr/lib/gcc/arm-none-eabi/10.3.1/thumb/v7e-m+fp/hard/libgcc.a(_arm_muldivdf3.o)
 .ARM.attributes
                0x000000000000147e       0x1e /usr/lib/gcc/arm-none-eabi/10.3.1/thumb/v7e-m+fp/hard/libgcc.a(_arm_cmpdf2.o)
 .ARM.attributes
                0x000000000000149c       0x1e /usr/lib/gcc/arm-none-eabi/10.3.1/thumb/v7e-m+fp/hard/libgcc.a(_arm_unorddf2.o)
 .ARM.attributes
                0x00000000000014ba       0x1e /usr/lib/gcc/arm-none-eabi/10.3.1/thumb/v7e-m+fp/hard/libgcc.a(_arm_fixdfsi.o)
 .ARM.attributes
                0x00000000000014d8       0x1e /usr/lib/gcc/arm-none-eabi/10.3.1/thumb/v7e-m+fp/hard/libgcc.a(_aeabi_uldivmod.o)
 .ARM.attributes
                0x00000000000014f6       0x34 /usr/lib/gcc/arm-none-eabi/10.3.1/thumb/v7e-m+fp/hard/libgcc.a(_udivmoddi4.o)
 .ARM.attributes
                0x000000000000152a       0x1e /usr/lib/gcc/arm-none-eabi/10.3.1/thumb/v7e-m+fp/hard/libgcc.a(_dvmd_tls.o)
 .ARM.attributes
                0x0000000000001548       0x32 /usr/lib/gcc/arm-none-eabi/10.3.1/thumb/v7e-m+fp/hard/crtend.o
 .ARM.attributes
                0x000000000000157a       0x1e /usr/lib/gcc/arm-none-eabi/10.3.1/thumb/v7e-m+fp/hard/crtn.o

.comment        0x0000000000000000       0x33
 .comment       0x0000000000000000       0x33 /usr/lib/gcc/arm-none-eabi/10.3.1/thumb/v7e-m+fp/hard/crtbegin.o
                                         0x34 (size before relaxing)
 .comment       0x0000000000000033       0x34 _build/main.o
 .comment       0x0000000000000033       0x34 _build/better_error_handling.o
 .comment       0x0000000000000033       0x34 _build/microbit_before_startup.o
 .comment       0x0000000000000033       0x34 _build/microbit_nrf_log_backend_uart.o
 .comment       0x0000000000000033       0x34 _build/microbit_retarget.o
 .comment       0x0000000000000033       0x34 _build/app_error_handler_gcc.o
 .comment       0x0000000000000033       0x34 _build/app_timer.o
 .comment       0x0000000000000033       0x34 _build/app_util_platform.o
 .comment       0x0000000000000033       0x34 _build/hardfault_handler_gcc.o
 .comment       0x0000000000000033       0x34 _build/hardfault_implementation.o
 .comment       0x0000000000000033       0x34 _build/nrf_assert.o
 .comment       0x0000000000000033       0x34 _build/nrf_atomic.o
 .comment       0x0000000000000033       0x34 _build/nrf_balloc.o
 .comment       0x0000000000000033       0x34 _build/nrf_drv_clock.o
 .comment       0x0000000000000033       0x34 _build/nrf_drv_uart.o
 .comment       0x0000000000000033       0x34 _build/nrf_fprintf.o
 .comment       0x0000000000000033       0x34 _build/nrf_fprintf_format.o
 .comment       0x0000000000000033       0x34 _build/nrf_log_backend_serial.o
 .comment       0x0000000000000033       0x34 _build/nrf_log_default_backends.o
 .comment       0x0000000000000033       0x34 _build/nrf_log_frontend.o
 .comment       0x0000000000000033       0x34 _build/nrf_log_str_formatter.o
 .comment       0x0000000000000033       0x34 _build/nrf_memobj.o
 .comment       0x0000000000000033       0x34 _build/nrf_pwr_mgmt.o
 .comment       0x0000000000000033       0x34 _build/nrf_ringbuf.o
 .comment       0x0000000000000033       0x34 _build/nrf_strerror.o
 .comment       0x0000000000000033       0x34 _build/nrfx_clock.o
 .comment       0x0000000000000033       0x34 _build/nrfx_gpiote.o
 .comment       0x0000000000000033       0x34 _build/nrfx_prs.o
 .comment       0x0000000000000033       0x34 _build/nrfx_pwm.o
 .comment       0x0000000000000033       0x34 _build/nrfx_saadc.o
 .comment       0x0000000000000033       0x34 _build/nrfx_spim.o
 .comment       0x0000000000000033       0x34 _build/nrfx_timer.o
 .comment       0x0000000000000033       0x34 _build/nrfx_twim.o
 .comment       0x0000000000000033       0x34 _build/nrfx_uart.o
 .comment       0x0000000000000033       0x34 _build/nrfx_uarte.o
 .comment       0x0000000000000033       0x34 _build/system_nrf52833.o
 .comment       0x0000000000000033       0x34 /usr/lib/gcc/arm-none-eabi/10.3.1/../../../arm-none-eabi/lib/thumb/v7e-m+fp/hard/libc.a(lib_a-atexit.o)
 .comment       0x0000000000000033       0x34 /usr/lib/gcc/arm-none-eabi/10.3.1/../../../arm-none-eabi/lib/thumb/v7e-m+fp/hard/libc.a(lib_a-ctype_.o)
 .comment       0x0000000000000033       0x34 /usr/lib/gcc/arm-none-eabi/10.3.1/../../../arm-none-eabi/lib/thumb/v7e-m+fp/hard/libc.a(lib_a-exit.o)
 .comment       0x0000000000000033       0x34 /usr/lib/gcc/arm-none-eabi/10.3.1/../../../arm-none-eabi/lib/thumb/v7e-m+fp/hard/libc.a(lib_a-fini.o)
 .comment       0x0000000000000033       0x34 /usr/lib/gcc/arm-none-eabi/10.3.1/../../../arm-none-eabi/lib/thumb/v7e-m+fp/hard/libc.a(lib_a-impure.o)
 .comment       0x0000000000000033       0x34 /usr/lib/gcc/arm-none-eabi/10.3.1/../../../arm-none-eabi/lib/thumb/v7e-m+fp/hard/libc.a(lib_a-init.o)
 .comment       0x0000000000000033       0x34 /usr/lib/gcc/arm-none-eabi/10.3.1/../../../arm-none-eabi/lib/thumb/v7e-m+fp/hard/libc.a(lib_a-memset.o)
 .comment       0x0000000000000033       0x34 /usr/lib/gcc/arm-none-eabi/10.3.1/../../../arm-none-eabi/lib/thumb/v7e-m+fp/hard/libc.a(lib_a-printf.o)
 .comment       0x0000000000000033       0x34 /usr/lib/gcc/arm-none-eabi/10.3.1/../../../arm-none-eabi/lib/thumb/v7e-m+fp/hard/libc.a(lib_a-setbuf.o)
 .comment       0x0000000000000033       0x34 /usr/lib/gcc/arm-none-eabi/10.3.1/../../../arm-none-eabi/lib/thumb/v7e-m+fp/hard/libc.a(lib_a-setvbuf.o)
 .comment       0x0000000000000033       0x34 /usr/lib/gcc/arm-none-eabi/10.3.1/../../../arm-none-eabi/lib/thumb/v7e-m+fp/hard/libc.a(lib_a-vfprintf.o)
 .comment       0x0000000000000033       0x34 /usr/lib/gcc/arm-none-eabi/10.3.1/../../../arm-none-eabi/lib/thumb/v7e-m+fp/hard/libc.a(lib_a-wsetup.o)
 .comment       0x0000000000000033       0x34 /usr/lib/gcc/arm-none-eabi/10.3.1/../../../arm-none-eabi/lib/thumb/v7e-m+fp/hard/libc.a(lib_a-__atexit.o)
 .comment       0x0000000000000033       0x34 /usr/lib/gcc/arm-none-eabi/10.3.1/../../../arm-none-eabi/lib/thumb/v7e-m+fp/hard/libc.a(lib_a-__call_atexit.o)
 .comment       0x0000000000000033       0x34 /usr/lib/gcc/arm-none-eabi/10.3.1/../../../arm-none-eabi/lib/thumb/v7e-m+fp/hard/libc.a(lib_a-dtoa.o)
 .comment       0x0000000000000033       0x34 /usr/lib/gcc/arm-none-eabi/10.3.1/../../../arm-none-eabi/lib/thumb/v7e-m+fp/hard/libc.a(lib_a-fflush.o)
 .comment       0x0000000000000033       0x34 /usr/lib/gcc/arm-none-eabi/10.3.1/../../../arm-none-eabi/lib/thumb/v7e-m+fp/hard/libc.a(lib_a-findfp.o)
 .comment       0x0000000000000033       0x34 /usr/lib/gcc/arm-none-eabi/10.3.1/../../../arm-none-eabi/lib/thumb/v7e-m+fp/hard/libc.a(lib_a-freer.o)