Archive member included to satisfy reference by file (symbol)

/usr/lib/gcc/arm-none-eabi/10.3.1/../../../arm-none-eabi/lib/thumb/v7e-m+fp/hard/libc.a(lib_a-assert.o)
                              _build/nrf_802154.o (__assert_func)
/usr/lib/gcc/arm-none-eabi/10.3.1/../../../arm-none-eabi/lib/thumb/v7e-m+fp/hard/libc.a(lib_a-atexit.o)
                              /usr/lib/gcc/arm-none-eabi/10.3.1/../../../arm-none-eabi/lib/thumb/v7e-m+fp/hard/crt0.o (atexit)
/usr/lib/gcc/arm-none-eabi/10.3.1/../../../arm-none-eabi/lib/thumb/v7e-m+fp/hard/libc.a(lib_a-ctype_.o)
                              _build/nrf_log_str_formatter.o (_ctype_)
/usr/lib/gcc/arm-none-eabi/10.3.1/../../../arm-none-eabi/lib/thumb/v7e-m+fp/hard/libc.a(lib_a-exit.o)
                              /usr/lib/gcc/arm-none-eabi/10.3.1/../../../arm-none-eabi/lib/thumb/v7e-m+fp/hard/crt0.o (exit)
/usr/lib/gcc/arm-none-eabi/10.3.1/../../../arm-none-eabi/lib/thumb/v7e-m+fp/hard/libc.a(lib_a-fini.o)
                              /usr/lib/gcc/arm-none-eabi/10.3.1/../../../arm-none-eabi/lib/thumb/v7e-m+fp/hard/crt0.o (__libc_fini_array)
/usr/lib/gcc/arm-none-eabi/10.3.1/../../../arm-none-eabi/lib/thumb/v7e-m+fp/hard/libc.a(lib_a-fiprintf.o)
                              /usr/lib/gcc/arm-none-eabi/10.3.1/../../../arm-none-eabi/lib/thumb/v7e-m+fp/hard/libc.a(lib_a-assert.o) (fiprintf)
/usr/lib/gcc/arm-none-eabi/10.3.1/../../../arm-none-eabi/lib/thumb/v7e-m+fp/hard/libc.a(lib_a-impure.o)
                              /usr/lib/gcc/arm-none-eabi/10.3.1/../../../arm-none-eabi/lib/thumb/v7e-m+fp/hard/libc.a(lib_a-exit.o) (_global_impure_ptr)
/usr/lib/gcc/arm-none-eabi/10.3.1/../../../arm-none-eabi/lib/thumb/v7e-m+fp/hard/libc.a(lib_a-init.o)
                              /usr/lib/gcc/arm-none-eabi/10.3.1/../../../arm-none-eabi/lib/thumb/v7e-m+fp/hard/crt0.o (__libc_init_array)
/usr/lib/gcc/arm-none-eabi/10.3.1/../../../arm-none-eabi/lib/thumb/v7e-m+fp/hard/libc.a(lib_a-memcmp.o)
                              _build/nrf_twi_mngr.o (memcmp)
/usr/lib/gcc/arm-none-eabi/10.3.1/../../../arm-none-eabi/lib/thumb/v7e-m+fp/hard/libc.a(lib_a-memcpy.o)
                              _build/main.o (memcpy)
/usr/lib/gcc/arm-none-eabi/10.3.1/../../../arm-none-eabi/lib/thumb/v7e-m+fp/hard/libc.a(lib_a-memmove.o)
                              _build/nrf_802154_ack_data.o (memmove)
/usr/lib/gcc/arm-none-eabi/10.3.1/../../../arm-none-eabi/lib/thumb/v7e-m+fp/hard/libc.a(lib_a-memset.o)
                              /usr/lib/gcc/arm-none-eabi/10.3.1/../../../arm-none-eabi/lib/thumb/v7e-m+fp/hard/crt0.o (memset)
/usr/lib/gcc/arm-none-eabi/10.3.1/../../../arm-none-eabi/lib/thumb/v7e-m+fp/hard/libc.a(lib_a-printf.o)
                              _build/lsm303agr.o (printf)
/usr/lib/gcc/arm-none-eabi/10.3.1/../../../arm-none-eabi/lib/thumb/v7e-m+fp/hard/libc.a(lib_a-rand.o)
                              _build/nrf_802154_random_stdlib.o (srand)
/usr/lib/gcc/arm-none-eabi/10.3.1/../../../arm-none-eabi/lib/thumb/v7e-m+fp/hard/libc.a(lib_a-setbuf.o)
                              _build/microbit_before_startup.o (setbuf)
/usr/lib/gcc/arm-none-eabi/10.3.1/../../../arm-none-eabi/lib/thumb/v7e-m+fp/hard/libc.a(lib_a-setvbuf.o)
                              /usr/lib/gcc/arm-none-eabi/10.3.1/../../../arm-none-eabi/lib/thumb/v7e-m+fp/hard/libc.a(lib_a-setbuf.o) (setvbuf)
/usr/lib/gcc/arm-none-eabi/10.3.1/../../../arm-none-eabi/lib/thumb/v7e-m+fp/hard/libc.a(lib_a-strlen.o)
                              _build/nrf_fprintf_format.o (strlen)
/usr/lib/gcc/arm-none-eabi/10.3.1/../../../arm-none-eabi/lib/thumb/v7e-m+fp/hard/libc.a(lib_a-vfiprintf.o)
                              /usr/lib/gcc/arm-none-eabi/10.3.1/../../../arm-none-eabi/lib/thumb/v7e-m+fp/hard/libc.a(lib_a-fiprintf.o) (_vfiprintf_r)
/usr/lib/gcc/arm-none-eabi/10.3.1/../../../arm-none-eabi/lib/thumb/v7e-m+fp/hard/libc.a(lib_a-vfprintf.o)
                              /usr/lib/gcc/arm-none-eabi/10.3.1/../../../arm-none-eabi/lib/thumb/v7e-m+fp/hard/libc.a(lib_a-printf.o) (_vfprintf_r)
/usr/lib/gcc/arm-none-eabi/10.3.1/../../../arm-none-eabi/lib/thumb/v7e-m+fp/hard/libc.a(lib_a-wsetup.o)
                              /usr/lib/gcc/arm-none-eabi/10.3.1/../../../arm-none-eabi/lib/thumb/v7e-m+fp/hard/libc.a(lib_a-vfiprintf.o) (__swsetup_r)
/usr/lib/gcc/arm-none-eabi/10.3.1/../../../arm-none-eabi/lib/thumb/v7e-m+fp/hard/libc.a(lib_a-__atexit.o)
                              /usr/lib/gcc/arm-none-eabi/10.3.1/../../../arm-none-eabi/lib/thumb/v7e-m+fp/hard/libc.a(lib_a-atexit.o) (__register_exitproc)
/usr/lib/gcc/arm-none-eabi/10.3.1/../../../arm-none-eabi/lib/thumb/v7e-m+fp/hard/libc.a(lib_a-__call_atexit.o)
                              /usr/lib/gcc/arm-none-eabi/10.3.1/../../../arm-none-eabi/lib/thumb/v7e-m+fp/hard/libc.a(lib_a-exit.o) (__call_exitprocs)
/usr/lib/gcc/arm-none-eabi/10.3.1/../../../arm-none-eabi/lib/thumb/v7e-m+fp/hard/libc.a(lib_a-abort.o)
[...]
Memory Configuration

Name             Origin             Length             Attributes
FLASH            0x0000000000000000 0x0000000000080000 xr
RAM              0x0000000020000000 0x0000000000020000 xrw
*default*        0x0000000000000000 0xffffffffffffffff

Linker script and memory map

                0x000000000007f000                __stop_ot_flash_data = ((ORIGIN (FLASH) + LENGTH (FLASH)) - FLASH_PAGE_SIZE)
                0x000000000007b000                __start_ot_flash_data = (__stop_ot_flash_data - (FLASH_PAGE_SIZE * FLASH_DATA_PAGES_USED))
                0x0000000000000001                ASSERT ((__start_ot_flash_data >= (__etext + SIZEOF (.data))), Error: Code overlaps flash data area.)

.text           0x0000000000000000    0x12054
 *(.isr_vector)
 .isr_vector    0x0000000000000000      0x200 _build/gcc_startup_nrf52833.os
                0x0000000000000000                __isr_vector
 *(.text*)
 .text          0x0000000000000200       0x88 /usr/lib/gcc/arm-none-eabi/10.3.1/thumb/v7e-m+fp/hard/crtbegin.o
 .text          0x0000000000000288       0x70 /usr/lib/gcc/arm-none-eabi/10.3.1/../../../arm-none-eabi/lib/thumb/v7e-m+fp/hard/crt0.o
                0x0000000000000288                _stack_init
                0x0000000000000290                _mainCRTStartup
                0x0000000000000290                _start
 .text.i2c_reg_read
                0x00000000000002f8       0x54 _build/lsm303agr.o
 .text.i2c_reg_write
                0x000000000000034c       0x38 _build/lsm303agr.o
 .text.lsm303agr_init
                0x0000000000000384       0x9c _build/lsm303agr.o
                0x0000000000000384                lsm303agr_init
 .text.lsm303agr_read_accelerometer
                0x0000000000000420       0xdc _build/lsm303agr.o
                0x0000000000000420                lsm303agr_read_accelerometer
 .text.nrf_802154_tx_started
                0x00000000000004fc        0xc _build/main.o
                0x00000000000004fc                nrf_802154_tx_started
 .text.nrf_802154_transmit_failed
                0x0000000000000508        0xc _build/main.o
                0x0000000000000508                nrf_802154_transmit_failed
 .text.nrf_802154_transmitted_raw
                0x0000000000000514        0xc _build/main.o
                0x0000000000000514                nrf_802154_transmitted_raw
 .text.send_accel_data
                0x0000000000000520      0x108 _build/main.o
                0x0000000000000520                send_accel_data
 .text.startup.main
                0x0000000000000628       0xa8 _build/main.o
                0x0000000000000628                main
 .text.nrf_gpio_pin_port_decode
                0x00000000000006d0       0x30 _build/better_error_handling.o
 .text.nrf_gpio_pin_clear
                0x0000000000000700       0x1a _build/better_error_handling.o
 .text.nrf_gpio_pin_set
                0x000000000000071a       0x1a _build/better_error_handling.o
 .text.nrf_delay_ms.part.0
                0x0000000000000734       0x1c _build/better_error_handling.o
 .text.error_blink_pattern
                0x0000000000000750      0x104 _build/better_error_handling.o
 .text.app_error_fault_handler
                0x0000000000000854       0x74 _build/better_error_handling.o
                0x0000000000000854                app_error_fault_handler
 .text.HardFault_c_handler
                0x00000000000008c8       0xec _build/better_error_handling.o
                0x00000000000008c8                HardFault_c_handler
 .text.startup.called_first
                0x00000000000009b4       0x48 _build/microbit_before_startup.o
                0x00000000000009b4                called_first
 .text.nrf_log_backend_uart_flush
                0x00000000000009fc        0x2 _build/microbit_nrf_log_backend_uart.o
 *fill*         0x00000000000009fe        0x2 
 .text.nrf_log_backend_uart_put
                0x0000000000000a00       0x1c _build/microbit_nrf_log_backend_uart.o
 .text.uart_init.constprop.0
                0x0000000000000a1c       0x54 _build/microbit_nrf_log_backend_uart.o
 .text.serial_tx
                0x0000000000000a70       0x50 _build/microbit_nrf_log_backend_uart.o
 .text.nrf_log_backend_uart_panic_set
                0x0000000000000ac0       0x2c _build/microbit_nrf_log_backend_uart.o
 .text.nrf_log_backend_uart_init
                0x0000000000000aec        0x4 _build/microbit_nrf_log_backend_uart.o
                0x0000000000000aec                nrf_log_backend_uart_init
 .text._write   0x0000000000000af0       0x2c _build/microbit_retarget.o
                0x0000000000000af0                _write
 .text._read    0x0000000000000b1c       0x30 _build/microbit_retarget.o
                0x0000000000000b1c                _read
 .text.app_error_handler
                0x0000000000000b4c       0x1a _build/app_error_handler_gcc.o
                0x0000000000000b4c                app_error_handler
 *fill*         0x0000000000000b66        0x2 
 .text.nrfx_coredep_delay_us.part.0.constprop.0
                0x0000000000000b68       0x10 _build/app_timer.o
 .text.RTC1_IRQHandler
                0x0000000000000b78       0x9c _build/app_timer.o
                0x0000000000000b78                RTC1_IRQHandler
 .text.SWI0_EGU0_IRQHandler
                0x0000000000000c14      0x2b8 _build/app_timer.o
                0x0000000000000c14                SWI0_EGU0_IRQHandler
 .text.app_util_disable_irq
                0x0000000000000ecc       0x10 _build/app_util_platform.o
                0x0000000000000ecc                app_util_disable_irq
 .text.app_util_enable_irq
                0x0000000000000edc       0x14 _build/app_util_platform.o
                0x0000000000000edc                app_util_enable_irq
 .text.privilege_level_get
                0x0000000000000ef0       0x1a _build/app_util_platform.o
                0x0000000000000ef0                privilege_level_get
 *fill*         0x0000000000000f0a        0x2 
 .text.app_util_critical_region_enter
                0x0000000000000f0c       0x20 _build/app_util_platform.o
                0x0000000000000f0c                app_util_critical_region_enter
 .text.app_util_critical_region_exit
                0x0000000000000f2c       0x20 _build/app_util_platform.o
                0x0000000000000f2c                app_util_critical_region_exit
 .text.HardFault_Handler
                0x0000000000000f4c       0x34 _build/hardfault_handler_gcc.o
                0x0000000000000f4c                HardFault_Handler
 .text.assert_nrf_callback
                0x0000000000000f80       0x1a _build/nrf_assert.o
                0x0000000000000f80                assert_nrf_callback
 .text.nrf_atomic_u32_fetch_store
                0x0000000000000f9a       0x16 _build/nrf_atomic.o
                0x0000000000000f9a                nrf_atomic_u32_fetch_store
 .text.nrf_atomic_u32_or
                0x0000000000000fb0       0x18 _build/nrf_atomic.o
                0x0000000000000fb0                nrf_atomic_u32_or
 .text.nrf_atomic_u32_fetch_and
                0x0000000000000fc8       0x18 _build/nrf_atomic.o
                0x0000000000000fc8                nrf_atomic_u32_fetch_and
 .text.nrf_atomic_u32_add
                0x0000000000000fe0       0x18 _build/nrf_atomic.o
                0x0000000000000fe0                nrf_atomic_u32_add
 .text.nrf_atomic_u32_sub
                0x0000000000000ff8       0x18 _build/nrf_atomic.o
                0x0000000000000ff8                nrf_atomic_u32_sub
 .text.nrf_atomic_flag_set
                0x0000000000001010        0x6 _build/nrf_atomic.o
                0x0000000000001010                nrf_atomic_flag_set
 .text.nrf_atomic_flag_clear_fetch
                0x0000000000001016        0x6 _build/nrf_atomic.o
                0x0000000000001016                nrf_atomic_flag_clear_fetch
 .text.nrf_balloc_init
                0x000000000000101c       0x7c _build/nrf_balloc.o
                0x000000000000101c                nrf_balloc_init
 .text.nrf_balloc_alloc
                0x0000000000001098       0x54 _build/nrf_balloc.o
                0x0000000000001098                nrf_balloc_alloc
 .text.nrf_balloc_free
                0x00000000000010ec       0x48 _build/nrf_balloc.o
                0x00000000000010ec                nrf_balloc_free
 .text.twim_evt_handler
                0x0000000000001134       0x40 _build/nrf_drv_twi.o
 .text.nrf_gpio_pin_port_decode
                0x0000000000001174       0x30 _build/nrf_drv_twi.o
 .text.nrf_gpio_pin_set
                0x00000000000011a4       0x1a _build/nrf_drv_twi.o
 *fill*         0x00000000000011be        0x2 
 .text.nrfx_coredep_delay_us.part.0.constprop.0
                0x00000000000011c0       0x10 _build/nrf_drv_twi.o
 .text.nrf_drv_twi_init
                0x00000000000011d0       0xec _build/nrf_drv_twi.o
                0x00000000000011d0                nrf_drv_twi_init
 .text.uarte_evt_handler
                0x00000000000012bc       0x34 _build/nrf_drv_uart.o
 .text.uart_evt_handler
                0x00000000000012f0       0x34 _build/nrf_drv_uart.o
 .text.nrf_drv_uart_init
                0x0000000000001324       0x7c _build/nrf_drv_uart.o
                0x0000000000001324                nrf_drv_uart_init
 .text.nrf_fprintf_buffer_flush
                0x00000000000013a0       0x24 _build/nrf_fprintf.o
                0x00000000000013a0                nrf_fprintf_buffer_flush
 .text.nrf_fprintf
                0x00000000000013c4       0x54 _build/nrf_fprintf.o
                0x00000000000013c4                nrf_fprintf
 .text.buffer_add
                0x0000000000001418       0x1e _build/nrf_fprintf_format.o
 *fill*         0x0000000000001436        0x2 
 .text.unsigned_print
                0x0000000000001438       0xb4 _build/nrf_fprintf_format.o
 .text.nrf_fprintf_fmt
                0x00000000000014ec      0x2d0 _build/nrf_fprintf_format.o
                0x00000000000014ec                nrf_fprintf_fmt
 .text.nrf_log_backend_serial_put
                0x00000000000017bc       0xc2 _build/nrf_log_backend_serial.o
                0x00000000000017bc                nrf_log_backend_serial_put
 *fill*         0x000000000000187e        0x2 
 .text.nrf_log_default_backends_init
                0x0000000000001880       0x30 _build/nrf_log_default_backends.o
                0x0000000000001880                nrf_log_default_backends_init
 .text.invalid_packets_omit
                0x00000000000018b0       0x3a _build/nrf_log_frontend.o
 *fill*         0x00000000000018ea        0x2 
 .text.buf_prealloc
                0x00000000000018ec      0x144 _build/nrf_log_frontend.o
 .text.nrf_log_init
                0x0000000000001a30       0x3c _build/nrf_log_frontend.o
                0x0000000000001a30                nrf_log_init
 .text.nrf_log_module_name_get
                0x0000000000001a6c       0x38 _build/nrf_log_frontend.o
                0x0000000000001a6c                nrf_log_module_name_get
 .text.nrf_log_color_id_get
                0x0000000000001aa4       0x2c _build/nrf_log_frontend.o
                0x0000000000001aa4                nrf_log_color_id_get
 .text.buffer_is_empty
                0x0000000000001ad0       0x14 _build/nrf_log_frontend.o
                0x0000000000001ad0                buffer_is_empty
 .text.nrf_log_frontend_dequeue
                0x0000000000001ae4      0x224 _build/nrf_log_frontend.o
                0x0000000000001ae4                nrf_log_frontend_dequeue
 .text.std_n    0x0000000000001d08       0xb8 _build/nrf_log_frontend.o
 .text.nrf_log_frontend_std_0
                0x0000000000001dc0        0x8 _build/nrf_log_frontend.o
                0x0000000000001dc0                nrf_log_frontend_std_0
 .text.nrf_log_frontend_std_1
                0x0000000000001dc8       0x12 _build/nrf_log_frontend.o
                0x0000000000001dc8                nrf_log_frontend_std_1
 .text.nrf_log_frontend_std_3
                0x0000000000001dda       0x18 _build/nrf_log_frontend.o
                0x0000000000001dda                nrf_log_frontend_std_3
 .text.nrf_log_frontend_std_4
                0x0000000000001df2       0x1c _build/nrf_log_frontend.o
                0x0000000000001df2                nrf_log_frontend_std_4
 *fill*         0x0000000000001e0e        0x2 
 .text.nrf_log_backend_add
                0x0000000000001e10       0x54 _build/nrf_log_frontend.o
                0x0000000000001e10                nrf_log_backend_add
 .text.nrf_log_panic
                0x0000000000001e64       0x28 _build/nrf_log_frontend.o
                0x0000000000001e64                nrf_log_panic
 .text.prefix_process
                0x0000000000001e8c       0x7c _build/nrf_log_str_formatter.o
 .text.postfix_process
                0x0000000000001f08       0x44 _build/nrf_log_str_formatter.o
 .text.nrf_log_std_entry_process
                0x0000000000001f4c       0xc8 _build/nrf_log_str_formatter.o
                0x0000000000001f4c                nrf_log_std_entry_process
 .text.nrf_log_hexdump_entry_process
                0x0000000000002014       0xc0 _build/nrf_log_str_formatter.o
                0x0000000000002014                nrf_log_hexdump_entry_process
 .text.memobj_op
                0x00000000000020d4       0xa8 _build/nrf_memobj.o
 .text.nrf_memobj_pool_init
                0x000000000000217c        0x4 _build/nrf_memobj.o
                0x000000000000217c                nrf_memobj_pool_init
 .text.nrf_memobj_free
                0x0000000000002180       0x2c _build/nrf_memobj.o
                0x0000000000002180                nrf_memobj_free
 .text.nrf_memobj_alloc
                0x00000000000021ac       0x5e _build/nrf_memobj.o
                0x00000000000021ac                nrf_memobj_alloc
 .text.nrf_memobj_get
                0x000000000000220a        0x8 _build/nrf_memobj.o
                0x000000000000220a                nrf_memobj_get
 .text.nrf_memobj_put
                0x0000000000002212       0x1c _build/nrf_memobj.o
                0x0000000000002212                nrf_memobj_put
 *fill*         0x000000000000222e        0x2 
 .text.nrf_memobj_write
                0x0000000000002230       0x28 _build/nrf_memobj.o
                0x0000000000002230                nrf_memobj_write
 .text.nrf_memobj_read
                0x0000000000002258       0x28 _build/nrf_memobj.o
                0x0000000000002258                nrf_memobj_read
 .text.queue_utilization_get
                0x0000000000002280       0x18 _build/nrf_queue.o
 .text.nrf_queue_next_idx
                0x0000000000002298       0x20 _build/nrf_queue.o
 .text.nrf_queue_is_full
                0x00000000000022b8       0x28 _build/nrf_queue.o
                0x00000000000022b8                nrf_queue_is_full
 .text.nrf_queue_push
                0x00000000000022e0       0xc0 _build/nrf_queue.o
                0x00000000000022e0                nrf_queue_push
 .text.nrf_queue_is_empty
                0x00000000000023a0       0x24 _build/nrf_queue.o
                0x00000000000023a0                nrf_queue_is_empty
 .text.nrf_queue_generic_pop
                0x00000000000023c4       0x9c _build/nrf_queue.o
                0x00000000000023c4                nrf_queue_generic_pop
 .text.nrf_ringbuf_init
                0x0000000000002460       0x1c _build/nrf_ringbuf.o
                0x0000000000002460                nrf_ringbuf_init
 .text.nrf_strerror_find
                0x000000000000247c       0x3c _build/nrf_strerror.o
                0x000000000000247c                nrf_strerror_find
 .text.nrf_strerror_get
                0x00000000000024b8       0x14 _build/nrf_strerror.o
                0x00000000000024b8                nrf_strerror_get
 .text.internal_transaction_cb
                0x00000000000024cc        0xa _build/nrf_twi_mngr.o
 *fill*         0x00000000000024d6        0x2 
 .text.transaction_end_signal
                0x00000000000024d8       0x30 _build/nrf_twi_mngr.o
 .text.start_transfer
                0x0000000000002508       0xc4 _build/nrf_twi_mngr.o
 .text.start_pending_transaction
                0x00000000000025cc       0xb0 _build/nrf_twi_mngr.o
 .text.twi_event_handler
                0x000000000000267c       0x58 _build/nrf_twi_mngr.o
 .text.nrf_twi_mngr_init
                0x00000000000026d4       0x78 _build/nrf_twi_mngr.o
                0x00000000000026d4                nrf_twi_mngr_init
 .text.nrf_twi_mngr_schedule
                0x000000000000274c       0x60 _build/nrf_twi_mngr.o
                0x000000000000274c                nrf_twi_mngr_schedule
 .text.nrf_twi_mngr_perform
                0x00000000000027ac       0x84 _build/nrf_twi_mngr.o
                0x00000000000027ac                nrf_twi_mngr_perform
 .text.nrf_gpiote_event_clear
                0x0000000000002830       0x18 _build/nrfx_gpiote.o
 .text.nrf_bitmask_bit_set
                0x0000000000002848       0x14 _build/nrfx_gpiote.o
 .text.nrf_gpio_pin_port_decode
                0x000000000000285c       0x30 _build/nrfx_gpiote.o
 .text.nrf_gpio_cfg_sense_set
                0x000000000000288c       0x2e _build/nrfx_gpiote.o
 *fill*         0x00000000000028ba        0x2 
 .text.nrf_gpio_ports_read.constprop.0
                0x00000000000028bc       0x18 _build/nrfx_gpiote.o
 .text.GPIOTE_IRQHandler
                0x00000000000028d4      0x19c _build/nrfx_gpiote.o
                0x00000000000028d4                GPIOTE_IRQHandler
 .text.UARTE0_UART0_IRQHandler
                0x0000000000002a70       0x20 _build/nrfx_prs.o
                0x0000000000002a70                UARTE0_UART0_IRQHandler
 .text.nrfx_prs_acquire
                0x0000000000002a90       0x44 _build/nrfx_prs.o
                0x0000000000002a90                nrfx_prs_acquire
 .text.nrfx_prs_release
                0x0000000000002ad4       0x28 _build/nrfx_prs.o
                0x0000000000002ad4                nrfx_prs_release
 .text.nrf_pwm_event_clear
                0x0000000000002afc       0x10 _build/nrfx_pwm.o
 .text.irq_handler
                0x0000000000002b0c       0x80 _build/nrfx_pwm.o
 .text.PWM0_IRQHandler
                0x0000000000002b8c       0x10 _build/nrfx_pwm.o
                0x0000000000002b8c                PWM0_IRQHandler
 .text.PWM1_IRQHandler
                0x0000000000002b9c       0x10 _build/nrfx_pwm.o
                0x0000000000002b9c                PWM1_IRQHandler
 .text.nrf_saadc_event_clear
                0x0000000000002bac       0x18 _build/nrfx_saadc.o
 .text.SAADC_IRQHandler
                0x0000000000002bc4      0x154 _build/nrfx_saadc.o
                0x0000000000002bc4                SAADC_IRQHandler
 .text.nrf_gpio_pin_port_decode
                0x0000000000002d18       0x30 _build/nrfx_spim.o
 .text.nrf_gpio_pin_clear
                0x0000000000002d48       0x1a _build/nrfx_spim.o
 .text.nrf_gpio_pin_set
                0x0000000000002d62       0x1a _build/nrfx_spim.o
 .text.SPIM2_SPIS2_SPI2_IRQHandler
                0x0000000000002d7c       0x64 _build/nrfx_spim.o
                0x0000000000002d7c                SPIM2_SPIS2_SPI2_IRQHandler
 .text.irq_handler.constprop.0
                0x0000000000002de0       0x4c _build/nrfx_timer.o
 .text.TIMER0_IRQHandler
                0x0000000000002e2c       0x10 _build/nrfx_timer.o
                0x0000000000002e2c                TIMER0_IRQHandler
 .text.TIMER1_IRQHandler
                0x0000000000002e3c       0x10 _build/nrfx_timer.o
                0x0000000000002e3c                TIMER1_IRQHandler
 .text.nrf_twim_event_clear
                0x0000000000002e4c       0x10 _build/nrfx_twim.o
 .text.xfer_completeness_check
                0x0000000000002e5c       0x6c _build/nrfx_twim.o
 .text.nrf_gpio_pin_port_decode
                0x0000000000002ec8       0x30 _build/nrfx_twim.o
 .text.twim_irq_handler
                0x0000000000002ef8      0x138 _build/nrfx_twim.o
 .text.SPIM0_SPIS0_TWIM0_TWIS0_SPI0_TWI0_IRQHandler
                0x0000000000003030       0x10 _build/nrfx_twim.o
                0x0000000000003030                SPIM0_SPIS0_TWIM0_TWIS0_SPI0_TWI0_IRQHandler
 .text.SPIM1_SPIS1_TWIM1_TWIS1_SPI1_TWI1_IRQHandler
                0x0000000000003040       0x10 _build/nrfx_twim.o
                0x0000000000003040                SPIM1_SPIS1_TWIM1_TWIS1_SPI1_TWI1_IRQHandler
 .text.nrfx_twim_init
                0x0000000000003050      0x144 _build/nrfx_twim.o
                0x0000000000003050                nrfx_twim_init
 .text.nrfx_twim_enable
                0x0000000000003194       0x40 _build/nrfx_twim.o
                0x0000000000003194                nrfx_twim_enable
 .text.nrfx_twim_disable
                0x00000000000031d4       0x54 _build/nrfx_twim.o
                0x00000000000031d4                nrfx_twim_disable
 .text.nrfx_twim_uninit
                0x0000000000003228       0xb4 _build/nrfx_twim.o
                0x0000000000003228                nrfx_twim_uninit
 .text.nrfx_twim_xfer
                0x00000000000032dc      0x330 _build/nrfx_twim.o
                0x00000000000032dc                nrfx_twim_xfer
 .text.nrf_uart_event_clear
                0x000000000000360c       0x10 _build/nrfx_uart.o
 .text.tx_byte  0x000000000000361c       0x1e _build/nrfx_uart.o
 .text.rx_enable
                0x000000000000363a       0x20 _build/nrfx_uart.o
 *fill*         0x000000000000365a        0x2 
 .text.nrf_gpio_pin_port_decode
                0x000000000000365c       0x30 _build/nrfx_uart.o
 .text.nrf_gpio_cfg_default
                0x000000000000368c       0x1c _build/nrfx_uart.o
 .text.rx_byte  0x00000000000036a8       0x2c _build/nrfx_uart.o
 .text.rx_done_event.constprop.0
                0x00000000000036d4       0x20 _build/nrfx_uart.o
 .text.nrfx_uart_0_irq_handler
                0x00000000000036f4      0x144 _build/nrfx_uart.o
                0x00000000000036f4                nrfx_uart_0_irq_handler
 .text.nrfx_uart_init
                0x0000000000003838      0x1e0 _build/nrfx_uart.o
                0x0000000000003838                nrfx_uart_init
 .text.nrfx_uart_uninit
                0x0000000000003a18       0xc0 _build/nrfx_uart.o
                0x0000000000003a18                nrfx_uart_uninit
 .text.nrfx_uart_tx_in_progress
                0x0000000000003ad8       0x18 _build/nrfx_uart.o
                0x0000000000003ad8                nrfx_uart_tx_in_progress
 .text.nrfx_uart_tx
                0x0000000000003af0       0xe0 _build/nrfx_uart.o
                0x0000000000003af0                nrfx_uart_tx
 .text.nrfx_uart_rx
                0x0000000000003bd0      0x134 _build/nrfx_uart.o
                0x0000000000003bd0                nrfx_uart_rx
 .text.nrf_uarte_event_clear
                0x0000000000003d04       0x10 _build/nrfx_uarte.o
 .text.rx_done_event
                0x0000000000003d14       0x1a _build/nrfx_uarte.o
 *fill*         0x0000000000003d2e        0x2 
 .text.nrf_gpio_pin_port_decode
                0x0000000000003d30       0x30 _build/nrfx_uarte.o
 .text.nrf_gpio_cfg_default
                0x0000000000003d60       0x1c _build/nrfx_uarte.o
 .text.uarte_irq_handler
                0x0000000000003d7c      0x10a _build/nrfx_uarte.o
 *fill*         0x0000000000003e86        0x2 
 .text.nrfx_uarte_0_irq_handler
                0x0000000000003e88       0x10 _build/nrfx_uarte.o
                0x0000000000003e88                nrfx_uarte_0_irq_handler
 .text.UARTE1_IRQHandler
                0x0000000000003e98       0x10 _build/nrfx_uarte.o
                0x0000000000003e98                UARTE1_IRQHandler
 .text.nrfx_uarte_init
                0x0000000000003ea8      0x1fc _build/nrfx_uarte.o
                0x0000000000003ea8                nrfx_uarte_init
 .text.nrfx_uarte_uninit
                0x00000000000040a4       0xec _build/nrfx_uarte.o
                0x00000000000040a4                nrfx_uarte_uninit
 .text.nrfx_uarte_tx_in_progress
                0x0000000000004190       0x18 _build/nrfx_uarte.o
                0x0000000000004190                nrfx_uarte_tx_in_progress
 .text.nrfx_uarte_tx
                0x00000000000041a8       0xf8 _build/nrfx_uarte.o
                0x00000000000041a8                nrfx_uarte_tx
 .text.nrfx_uarte_rx
                0x00000000000042a0      0x134 _build/nrfx_uarte.o
                0x00000000000042a0                nrfx_uarte_rx
 .text.last_rx_frame_timestamp_get
                0x00000000000043d4       0x20 _build/nrf_802154.o
 .text.nrf_802154_channel_set
                0x00000000000043f4       0x1e _build/nrf_802154.o
                0x00000000000043f4                nrf_802154_channel_set
 .text.nrf_802154_pan_id_set
                0x0000000000004412        0x4 _build/nrf_802154.o
                0x0000000000004412                nrf_802154_pan_id_set
 .text.nrf_802154_init
                0x0000000000004416       0x4a _build/nrf_802154.o
                0x0000000000004416                nrf_802154_init
 .text.nrf_802154_transmit_raw
                0x0000000000004460       0x18 _build/nrf_802154.o
                0x0000000000004460                nrf_802154_transmit_raw
 .text.nrf_802154_buffer_free_raw
                0x0000000000004478       0x38 _build/nrf_802154.o
                0x0000000000004478                nrf_802154_buffer_free_raw
 .text.nrf_802154_tx_ack_started
                0x00000000000044b0        0x2 _build/nrf_802154.o
                0x00000000000044b0                nrf_802154_tx_ack_started
 .text.nrf_802154_received_timestamp_raw
                0x00000000000044b2        0x4 _build/nrf_802154.o
                0x00000000000044b2                nrf_802154_received_timestamp_raw
 .text.nrf_802154_received_raw
                0x00000000000044b6       0x1c _build/nrf_802154.o
                0x00000000000044b6                nrf_802154_received_raw
 .text.nrf_802154_receive_failed
                0x00000000000044d2        0x2 _build/nrf_802154.o
                0x00000000000044d2                nrf_802154_receive_failed
 .text.nrf_802154_energy_detected
                0x00000000000044d4        0x2 _build/nrf_802154.o
                0x00000000000044d4                nrf_802154_energy_detected
 .text.nrf_802154_energy_detection_failed
                0x00000000000044d6        0x2 _build/nrf_802154.o
                0x00000000000044d6                nrf_802154_energy_detection_failed
 .text.nrf_802154_cca_done
                0x00000000000044d8        0x2 _build/nrf_802154.o
                0x00000000000044d8                nrf_802154_cca_done
 .text.nrf_802154_cca_failed
                0x00000000000044da        0x2 _build/nrf_802154.o
                0x00000000000044da                nrf_802154_cca_failed
 .text.nrf_radio_event_clear
                0x00000000000044dc       0x18 _build/nrf_802154_core.o
 .text.rx_buffer_is_available
                0x00000000000044f4       0x14 _build/nrf_802154_core.o
 .text.rx_buffer_get
                0x0000000000004508       0x14 _build/nrf_802154_core.o
 .text.ppi_and_egu_delay_wait
                0x000000000000451c        0xe _build/nrf_802154_core.o
 *fill*         0x000000000000452a        0x2 
 .text.ppis_for_egu_and_ramp_up_set
                0x000000000000452c       0x5c _build/nrf_802154_core.o
 .text.fem_for_lna_reset
                0x0000000000004588       0x24 _build/nrf_802154_core.o
 .text.falling_asleep_terminate
                0x00000000000045ac       0x18 _build/nrf_802154_core.o
 .text.ed_iter_setup
                0x00000000000045c4       0x44 _build/nrf_802154_core.o
 .text.cca_configuration_update
                0x0000000000004608       0x38 _build/nrf_802154_core.o
 .text.sleep_init
                0x0000000000004640       0x10 _build/nrf_802154_core.o
 .text.rssi_last_measurement_get
                0x0000000000004650       0x1c _build/nrf_802154_core.o
 .text.received_frame_notify
                0x000000000000466c       0x30 _build/nrf_802154_core.o
 .text.transmit_failed_notify
                0x000000000000469c       0x28 _build/nrf_802154_core.o
 .text.receive_failed_notify
                0x00000000000046c4       0x18 _build/nrf_802154_core.o
 .text.received_frame_notify_and_nesting_allow
                0x00000000000046dc       0x18 _build/nrf_802154_core.o
 .text.rx_terminate
                0x00000000000046f4       0x64 _build/nrf_802154_core.o
 .text.rx_ack_terminate
                0x0000000000004758       0x5c _build/nrf_802154_core.o
 .text.ed_terminate
                0x00000000000047b4       0x50 _build/nrf_802154_core.o
 .text.cca_terminate
                0x0000000000004804       0x50 _build/nrf_802154_core.o
 .text.fem_for_tx_reset
                0x0000000000004854       0x54 _build/nrf_802154_core.o
 .text.tx_terminate
                0x00000000000048a8       0x54 _build/nrf_802154_core.o
 .text.channel_set
                0x00000000000048fc       0x40 _build/nrf_802154_core.o
 .text.ppi_egu_worked
                0x000000000000493c       0x2c _build/nrf_802154_core.o
 .text.current_operation_terminate
                0x0000000000004968      0x17c _build/nrf_802154_core.o
 .text.nrf_egu_event_clear.constprop.0
                0x0000000000004ae4       0x1c _build/nrf_802154_core.o
 .text.tx_init  0x0000000000004b00       0xc8 _build/nrf_802154_core.o
 .text.cca_init
                0x0000000000004bc8       0x5c _build/nrf_802154_core.o
 .text.rx_restart
                0x0000000000004c24       0x68 _build/nrf_802154_core.o
 .text.continuous_carrier_init.part.0
                0x0000000000004c8c       0x30 _build/nrf_802154_core.o
 .text.ed_init  0x0000000000004cbc       0x54 _build/nrf_802154_core.o
 .text.irq_deinit
                0x0000000000004d10       0x28 _build/nrf_802154_core.o
 .text.critical_section_can_be_processed_now
                0x0000000000004d38       0x20 _build/nrf_802154_core.o
 .text.critical_section_enter_and_verify_timeslot_length
                0x0000000000004d58       0x1a _build/nrf_802154_core.o
 *fill*         0x0000000000004d72        0x2 
 .text.rx_init  0x0000000000004d74      0x144 _build/nrf_802154_core.o
 .text.nrf_802154_rsch_crit_sect_prio_changed
                0x0000000000004eb8      0x268 _build/nrf_802154_core.o
                0x0000000000004eb8                nrf_802154_rsch_crit_sect_prio_changed
 .text.nrf_802154_core_init
                0x0000000000005120       0x44 _build/nrf_802154_core.o
                0x0000000000005120                nrf_802154_core_init
 .text.nrf_802154_core_receive
                0x0000000000005164       0x64 _build/nrf_802154_core.o
                0x0000000000005164                nrf_802154_core_receive
 .text.nrf_802154_core_transmit
                0x00000000000051c8       0x7c _build/nrf_802154_core.o
                0x00000000000051c8                nrf_802154_core_transmit
 .text.nrf_802154_core_notify_buffer_free
                0x0000000000005244       0xbc _build/nrf_802154_core.o
                0x0000000000005244                nrf_802154_core_notify_buffer_free
 .text.nrf_802154_core_channel_update
                0x0000000000005300       0x60 _build/nrf_802154_core.o
                0x0000000000005300                nrf_802154_core_channel_update
 .text.RADIO_IRQHandler
                0x0000000000005360      0x8c0 _build/nrf_802154_core.o
                0x0000000000005360                RADIO_IRQHandler
 .text.nrf_802154_core_hooks_terminate
                0x0000000000005c20       0x28 _build/nrf_802154_core_hooks.o
                0x0000000000005c20                nrf_802154_core_hooks_terminate
 .text.nrf_802154_core_hooks_transmitted
                0x0000000000005c48        0x4 _build/nrf_802154_core_hooks.o
                0x0000000000005c48                nrf_802154_core_hooks_transmitted
 .text.nrf_802154_core_hooks_tx_failed
                0x0000000000005c4c       0x28 _build/nrf_802154_core_hooks.o
                0x0000000000005c4c                nrf_802154_core_hooks_tx_failed
 .text.nrf_802154_core_hooks_tx_started
                0x0000000000005c74       0x24 _build/nrf_802154_core_hooks.o
                0x0000000000005c74                nrf_802154_core_hooks_tx_started
 .text.nrf_802154_core_hooks_rx_started
                0x0000000000005c98        0x4 _build/nrf_802154_core_hooks.o
                0x0000000000005c98                nrf_802154_core_hooks_rx_started
 .text.nrf_802154_core_hooks_rx_ack_started
                0x0000000000005c9c        0x4 _build/nrf_802154_core_hooks.o
                0x0000000000005c9c                nrf_802154_core_hooks_rx_ack_started
 .text.critical_section_enter.part.0
                0x0000000000005ca0       0x78 _build/nrf_802154_critical_section.o
 .text.nrf_802154_critical_section_init
                0x0000000000005d18       0x18 _build/nrf_802154_critical_section.o
                0x0000000000005d18                nrf_802154_critical_section_init
 .text.nrf_802154_critical_section_forcefully_enter
                0x0000000000005d30       0x24 _build/nrf_802154_critical_section.o
                0x0000000000005d30                nrf_802154_critical_section_forcefully_enter
 .text.nrf_802154_critical_section_nesting_deny
                0x0000000000005d54       0x48 _build/nrf_802154_critical_section.o
                0x0000000000005d54                nrf_802154_critical_section_nesting_deny
 .text.nrf_802154_critical_section_active_vector_priority_get
                0x0000000000005d9c       0x5c _build/nrf_802154_critical_section.o
                0x0000000000005d9c                nrf_802154_critical_section_active_vector_priority_get
 .text.critical_section_enter.constprop.0
                0x0000000000005df8       0x34 _build/nrf_802154_critical_section.o
 .text.nrf_802154_critical_section_exit
                0x0000000000005e2c       0xc0 _build/nrf_802154_critical_section.o
                0x0000000000005e2c                nrf_802154_critical_section_exit
 .text.nrf_802154_critical_section_enter
                0x0000000000005eec        0x4 _build/nrf_802154_critical_section.o
                0x0000000000005eec                nrf_802154_critical_section_enter
 .text.nrf_802154_critical_section_nesting_allow
                0x0000000000005ef0       0x4c _build/nrf_802154_critical_section.o
                0x0000000000005ef0                nrf_802154_critical_section_nesting_allow
 .text.nrf_802154_debug_init
                0x0000000000005f3c        0x2 _build/nrf_802154_debug.o
                0x0000000000005f3c                nrf_802154_debug_init
 *fill*         0x0000000000005f3e        0x2 
 .text.nrf_802154_pib_init
                0x0000000000005f40       0x38 _build/nrf_802154_pib.o
                0x0000000000005f40                nrf_802154_pib_init
 .text.nrf_802154_pib_promiscuous_get
                0x0000000000005f78       0x10 _build/nrf_802154_pib.o
                0x0000000000005f78                nrf_802154_pib_promiscuous_get
 .text.nrf_802154_pib_auto_ack_get
                0x0000000000005f88       0x10 _build/nrf_802154_pib.o
                0x0000000000005f88                nrf_802154_pib_auto_ack_get
 .text.nrf_802154_pib_pan_coord_get
                0x0000000000005f98       0x10 _build/nrf_802154_pib.o
                0x0000000000005f98                nrf_802154_pib_pan_coord_get
 .text.nrf_802154_pib_channel_get
                0x0000000000005fa8        0xc _build/nrf_802154_pib.o
                0x0000000000005fa8                nrf_802154_pib_channel_get
 .text.nrf_802154_pib_channel_set
                0x0000000000005fb4       0x10 _build/nrf_802154_pib.o
                0x0000000000005fb4                nrf_802154_pib_channel_set
 .text.nrf_802154_pib_tx_power_get
                0x0000000000005fc4       0x5c _build/nrf_802154_pib.o
                0x0000000000005fc4                nrf_802154_pib_tx_power_get
 .text.nrf_802154_pib_pan_id_get
                0x0000000000006020        0x8 _build/nrf_802154_pib.o
                0x0000000000006020                nrf_802154_pib_pan_id_get
 .text.nrf_802154_pib_pan_id_set
                0x0000000000006028       0x10 _build/nrf_802154_pib.o
                0x0000000000006028                nrf_802154_pib_pan_id_set
 .text.nrf_802154_pib_extended_address_get
                0x0000000000006038        0x8 _build/nrf_802154_pib.o
                0x0000000000006038                nrf_802154_pib_extended_address_get
 .text.nrf_802154_pib_short_address_get
                0x0000000000006040        0x8 _build/nrf_802154_pib.o
                0x0000000000006040                nrf_802154_pib_short_address_get
 .text.nrf_802154_pib_cca_cfg_get
                0x0000000000006048        0xc _build/nrf_802154_pib.o
                0x0000000000006048                nrf_802154_pib_cca_cfg_get
 .text.nrf_802154_rssi_sample_temp_corr_value_get
                0x0000000000006054       0x42 _build/nrf_802154_rssi.o
                0x0000000000006054                nrf_802154_rssi_sample_temp_corr_value_get
 .text.nrf_802154_rssi_sample_corrected_get
                0x0000000000006096        0xe _build/nrf_802154_rssi.o
                0x0000000000006096                nrf_802154_rssi_sample_corrected_get
 .text.nrf_802154_rssi_lqi_corrected_get
                0x00000000000060a4        0xe _build/nrf_802154_rssi.o
                0x00000000000060a4                nrf_802154_rssi_lqi_corrected_get
 .text.nrf_802154_rssi_ed_corrected_get
                0x00000000000060b2        0xe _build/nrf_802154_rssi.o
                0x00000000000060b2                nrf_802154_rssi_ed_corrected_get
 .text.nrf_802154_rssi_cca_ed_threshold_corrected_get
                0x00000000000060c0        0xe _build/nrf_802154_rssi.o
                0x00000000000060c0                nrf_802154_rssi_cca_ed_threshold_corrected_get
 *fill*         0x00000000000060ce        0x2 
 .text.nrf_802154_rx_buffer_init
                0x00000000000060d0       0x1c _build/nrf_802154_rx_buffer.o
                0x00000000000060d0                nrf_802154_rx_buffer_init
 .text.nrf_802154_rx_buffer_free_find
                0x00000000000060ec       0x24 _build/nrf_802154_rx_buffer.o
                0x00000000000060ec                nrf_802154_rx_buffer_free_find
 .text.nrf_802154_timer_coord_init
                0x0000000000006110       0x48 _build/nrf_802154_timer_coord.o
                0x0000000000006110                nrf_802154_timer_coord_init
 .text.nrf_802154_timer_coord_start
                0x0000000000006158       0x1c _build/nrf_802154_timer_coord.o
                0x0000000000006158                nrf_802154_timer_coord_start
 .text.nrf_802154_timer_coord_stop
                0x0000000000006174        0xe _build/nrf_802154_timer_coord.o
                0x0000000000006174                nrf_802154_timer_coord_stop
 *fill*         0x0000000000006182        0x2 
 .text.nrf_802154_timer_coord_timestamp_prepare
                0x0000000000006184       0x28 _build/nrf_802154_timer_coord.o
                0x0000000000006184                nrf_802154_timer_coord_timestamp_prepare
 .text.nrf_802154_timer_coord_timestamp_get
                0x00000000000061ac       0xb8 _build/nrf_802154_timer_coord.o
                0x00000000000061ac                nrf_802154_timer_coord_timestamp_get
 .text.nrf_802154_lp_timer_synchronized
                0x0000000000006264       0xc0 _build/nrf_802154_timer_coord.o
                0x0000000000006264                nrf_802154_lp_timer_synchronized
 .text.nrf_802154_fal_tx_power_get
                0x0000000000006324        0x4 _build/nrf_802154_fal.o
                0x0000000000006324                nrf_802154_fal_tx_power_get
 .text.random_backoff_start
                0x0000000000006328       0x44 _build/nrf_802154_csma_ca.o
 .text.channel_busy.part.0
                0x000000000000636c       0x3c _build/nrf_802154_csma_ca.o
 .text.frame_transmit
                0x00000000000063a8       0x3c _build/nrf_802154_csma_ca.o
 .text.notify_busy_channel
                0x00000000000063e4       0x20 _build/nrf_802154_csma_ca.o
 .text.nrf_802154_csma_ca_abort
                0x0000000000006404       0x2c _build/nrf_802154_csma_ca.o
                0x0000000000006404                nrf_802154_csma_ca_abort
 .text.nrf_802154_csma_ca_tx_failed_hook
                0x0000000000006430       0x20 _build/nrf_802154_csma_ca.o
                0x0000000000006430                nrf_802154_csma_ca_tx_failed_hook
 .text.nrf_802154_csma_ca_tx_started_hook
                0x0000000000006450       0x40 _build/nrf_802154_csma_ca.o
                0x0000000000006450                nrf_802154_csma_ca_tx_started_hook
 .text.dly_rx_state_set
                0x0000000000006490       0x38 _build/nrf_802154_delayed_trx.o
 .text.nrf_802154_delayed_trx_abort
                0x00000000000064c8       0x4c _build/nrf_802154_delayed_trx.o
                0x00000000000064c8                nrf_802154_delayed_trx_abort
 .text.nrf_802154_delayed_trx_rx_started_hook
                0x0000000000006514       0x2c _build/nrf_802154_delayed_trx.o
                0x0000000000006514                nrf_802154_delayed_trx_rx_started_hook
 .text.nrf_802154_filter_frame_part
                0x0000000000006540      0x144 _build/nrf_802154_filter.o
                0x0000000000006540                nrf_802154_filter_frame_part
 .text.addressing_offset_get
                0x0000000000006684       0x1a _build/nrf_802154_frame_parser.o
 .text.src_addr_size_get
                0x000000000000669e       0x22 _build/nrf_802154_frame_parser.o
 .text.dst_addr_size_get
                0x00000000000066c0       0x10 _build/nrf_802154_frame_parser.o
 .text.dst_panid_is_present
                0x00000000000066d0       0x3c _build/nrf_802154_frame_parser.o
 .text.src_panid_is_present
                0x000000000000670c       0x28 _build/nrf_802154_frame_parser.o
 .text.nrf_802154_frame_parser_src_addr_is_extended
                0x0000000000006734       0x10 _build/nrf_802154_frame_parser.o
                0x0000000000006734                nrf_802154_frame_parser_src_addr_is_extended
 .text.nrf_802154_frame_parser_src_addr_is_short
                0x0000000000006744       0x10 _build/nrf_802154_frame_parser.o
                0x0000000000006744                nrf_802154_frame_parser_src_addr_is_short
 .text.nrf_802154_frame_parser_dsn_suppress_bit_is_set
                0x0000000000006754        0x8 _build/nrf_802154_frame_parser.o
                0x0000000000006754                nrf_802154_frame_parser_dsn_suppress_bit_is_set
 .text.nrf_802154_frame_parser_ar_bit_is_set
                0x000000000000675c        0x8 _build/nrf_802154_frame_parser.o
                0x000000000000675c                nrf_802154_frame_parser_ar_bit_is_set
 .text.nrf_802154_frame_parser_dst_panid_offset_get
                0x0000000000006764       0x16 _build/nrf_802154_frame_parser.o
                0x0000000000006764                nrf_802154_frame_parser_dst_panid_offset_get
 .text.nrf_802154_frame_parser_dst_addr_offset_get
                0x000000000000677a       0x24 _build/nrf_802154_frame_parser.o
                0x000000000000677a                nrf_802154_frame_parser_dst_addr_offset_get
 .text.nrf_802154_frame_parser_dst_addr_end_offset_get
                0x000000000000679e       0x2a _build/nrf_802154_frame_parser.o
                0x000000000000679e                nrf_802154_frame_parser_dst_addr_end_offset_get
 .text.nrf_802154_frame_parser_src_panid_offset_get
                0x00000000000067c8       0x4c _build/nrf_802154_frame_parser.o
                0x00000000000067c8                nrf_802154_frame_parser_src_panid_offset_get
 .text.nrf_802154_frame_parser_src_addr_offset_get
                0x0000000000006814       0x58 _build/nrf_802154_frame_parser.o
                0x0000000000006814                nrf_802154_frame_parser_src_addr_offset_get
 .text.nrf_802154_frame_parser_src_addr_get
                0x000000000000686c       0x2c _build/nrf_802154_frame_parser.o
                0x000000000000686c                nrf_802154_frame_parser_src_addr_get
 .text.nrf_802154_frame_parser_mhr_parse
                0x0000000000006898       0xa2 _build/nrf_802154_frame_parser.o
                0x0000000000006898                nrf_802154_frame_parser_mhr_parse
 *fill*         0x000000000000693a        0x2 
 .text.timeout_timer_stop
                0x000000000000693c       0x18 _build/nrf_802154_precise_ack_timeout.o
 .text.notify_tx_error
                0x0000000000006954       0x14 _build/nrf_802154_precise_ack_timeout.o
 .text.timeout_timer_fired
                0x0000000000006968       0x60 _build/nrf_802154_precise_ack_timeout.o
 .text.nrf_802154_ack_timeout_tx_started_hook
                0x00000000000069c8       0x50 _build/nrf_802154_precise_ack_timeout.o
                0x00000000000069c8                nrf_802154_ack_timeout_tx_started_hook
 .text.nrf_802154_ack_timeout_abort
                0x0000000000006a18       0x28 _build/nrf_802154_precise_ack_timeout.o
                0x0000000000006a18                nrf_802154_ack_timeout_abort
 .text.nrf_802154_ack_timeout_transmitted_hook
                0x0000000000006a40       0x38 _build/nrf_802154_precise_ack_timeout.o
                0x0000000000006a40                nrf_802154_ack_timeout_transmitted_hook
 .text.nrf_802154_ack_timeout_rx_ack_started_hook
                0x0000000000006a78       0x2c _build/nrf_802154_precise_ack_timeout.o
                0x0000000000006a78                nrf_802154_ack_timeout_rx_ack_started_hook
 .text.nrf_802154_ack_timeout_tx_failed_hook
                0x0000000000006aa4       0x38 _build/nrf_802154_precise_ack_timeout.o
                0x0000000000006aa4                nrf_802154_ack_timeout_tx_failed_hook
 .text.addr_index_find
                0x0000000000006adc       0xc0 _build/nrf_802154_ack_data.o
 .text.nrf_802154_ack_data_init
                0x0000000000006b9c       0x34 _build/nrf_802154_ack_data.o
                0x0000000000006b9c                nrf_802154_ack_data_init
 .text.nrf_802154_ack_data_pending_bit_should_be_set
                0x0000000000006bd0       0xa4 _build/nrf_802154_ack_data.o
                0x0000000000006bd0                nrf_802154_ack_data_pending_bit_should_be_set
 .text.nrf_802154_ack_data_ie_get
                0x0000000000006c74       0x4c _build/nrf_802154_ack_data.o
                0x0000000000006c74                nrf_802154_ack_data_ie_get
 .text.nrf_802154_ack_generator_init
                0x0000000000006cc0        0xe _build/nrf_802154_ack_generator.o
                0x0000000000006cc0                nrf_802154_ack_generator_init
 *fill*         0x0000000000006cce        0x2 
 .text.nrf_802154_ack_generator_create
                0x0000000000006cd0       0x48 _build/nrf_802154_ack_generator.o
                0x0000000000006cd0                nrf_802154_ack_generator_create
 .text.nrf_802154_enh_ack_generator_init
                0x0000000000006d18        0x2 _build/nrf_802154_enh_ack_generator.o
                0x0000000000006d18                nrf_802154_enh_ack_generator_init
 *fill*         0x0000000000006d1a        0x2 
 .text.nrf_802154_enh_ack_generator_create
                0x0000000000006d1c      0x1f0 _build/nrf_802154_enh_ack_generator.o
                0x0000000000006d1c                nrf_802154_enh_ack_generator_create
 .text.nrf_802154_imm_ack_generator_init
                0x0000000000006f0c       0x28 _build/nrf_802154_imm_ack_generator.o
                0x0000000000006f0c                nrf_802154_imm_ack_generator_init
 .text.nrf_802154_imm_ack_generator_create
                0x0000000000006f34       0x20 _build/nrf_802154_imm_ack_generator.o
                0x0000000000006f34                nrf_802154_imm_ack_generator_create
 .text.prec_approved_prio_set
                0x0000000000006f54       0x38 _build/nrf_802154_rsch.o
 .text.all_prec_update
                0x0000000000006f8c      0x104 _build/nrf_802154_rsch.o
 .text.notify_core
                0x0000000000007090       0x88 _build/nrf_802154_rsch.o
 .text.nrf_802154_rsch_init
                0x0000000000007118       0x50 _build/nrf_802154_rsch.o
                0x0000000000007118                nrf_802154_rsch_init
 .text.nrf_802154_rsch_continuous_mode_priority_set
                0x0000000000007168       0x1c _build/nrf_802154_rsch.o
                0x0000000000007168                nrf_802154_rsch_continuous_mode_priority_set
 .text.nrf_802154_rsch_continuous_ended
                0x0000000000007184        0x4 _build/nrf_802154_rsch.o
                0x0000000000007184                nrf_802154_rsch_continuous_ended
 .text.nrf_802154_rsch_timeslot_request
                0x0000000000007188        0x4 _build/nrf_802154_rsch.o
                0x0000000000007188                nrf_802154_rsch_timeslot_request
 .text.nrf_802154_rsch_timeslot_is_requested
                0x000000000000718c       0x1c _build/nrf_802154_rsch.o
                0x000000000000718c                nrf_802154_rsch_timeslot_is_requested
 .text.nrf_802154_rsch_prec_is_approved
                0x00000000000071a8       0x34 _build/nrf_802154_rsch.o
                0x00000000000071a8                nrf_802154_rsch_prec_is_approved
 .text.nrf_802154_rsch_timeslot_us_left_get
                0x00000000000071dc        0x4 _build/nrf_802154_rsch.o
                0x00000000000071dc                nrf_802154_rsch_timeslot_us_left_get
 .text.nrf_raal_timeslot_started
                0x00000000000071e0       0x12 _build/nrf_802154_rsch.o
                0x00000000000071e0                nrf_raal_timeslot_started
 .text.nrf_802154_clock_hfclk_ready
                0x00000000000071f2       0x12 _build/nrf_802154_rsch.o
                0x00000000000071f2                nrf_802154_clock_hfclk_ready
 .text.nrf_802154_rsch_crit_sect_init
                0x0000000000007204        0xc _build/nrf_802154_rsch_crit_sect.o
                0x0000000000007204                nrf_802154_rsch_crit_sect_init
 .text.nrf_802154_rsch_crit_sect_prio_request
                0x0000000000007210        0x4 _build/nrf_802154_rsch_crit_sect.o
                0x0000000000007210                nrf_802154_rsch_crit_sect_prio_request
 .text.nrf_802154_rsch_continuous_prio_changed
                0x0000000000007214       0x44 _build/nrf_802154_rsch_crit_sect.o
                0x0000000000007214                nrf_802154_rsch_continuous_prio_changed
 .text.nrf_802154_critical_section_rsch_enter
                0x0000000000007258        0x2 _build/nrf_802154_rsch_crit_sect.o
                0x0000000000007258                nrf_802154_critical_section_rsch_enter
 *fill*         0x000000000000725a        0x2 
 .text.nrf_802154_critical_section_rsch_exit
                0x000000000000725c       0x20 _build/nrf_802154_rsch_crit_sect.o
                0x000000000000725c                nrf_802154_critical_section_rsch_exit
 .text.nrf_802154_critical_section_rsch_event_is_pending
                0x000000000000727c       0x10 _build/nrf_802154_rsch_crit_sect.o
                0x000000000000727c                nrf_802154_critical_section_rsch_event_is_pending
 .text.mutex_trylock
                0x000000000000728c       0x2e _build/nrf_802154_timer_sched.o
 *fill*         0x00000000000072ba        0x2 
 .text.queue_cntr_bump
                0x00000000000072bc       0x2c _build/nrf_802154_timer_sched.o
 .text.handle_timer
                0x00000000000072e8       0x48 _build/nrf_802154_timer_sched.o
 .text.timer_remove
                0x0000000000007330       0xcc _build/nrf_802154_timer_sched.o
 .text.nrf_802154_timer_sched_init
                0x00000000000073fc       0x24 _build/nrf_802154_timer_sched.o
                0x00000000000073fc                nrf_802154_timer_sched_init
 .text.nrf_802154_timer_sched_time_get
                0x0000000000007420        0x4 _build/nrf_802154_timer_sched.o
                0x0000000000007420                nrf_802154_timer_sched_time_get
 .text.nrf_802154_timer_sched_granularity_get
                0x0000000000007424        0x4 _build/nrf_802154_timer_sched.o
                0x0000000000007424                nrf_802154_timer_sched_granularity_get
 .text.nrf_802154_timer_sched_time_is_in_future
                0x0000000000007428        0xe _build/nrf_802154_timer_sched.o
                0x0000000000007428                nrf_802154_timer_sched_time_is_in_future
 *fill*         0x0000000000007436        0x2 
 .text.nrf_802154_timer_sched_add
                0x0000000000007438       0xc8 _build/nrf_802154_timer_sched.o
                0x0000000000007438                nrf_802154_timer_sched_add
 .text.nrf_802154_timer_sched_remove
                0x0000000000007500       0x12 _build/nrf_802154_timer_sched.o
                0x0000000000007500                nrf_802154_timer_sched_remove
 *fill*         0x0000000000007512        0x2 
 .text.nrf_802154_timer_sched_is_running
                0x0000000000007514       0x30 _build/nrf_802154_timer_sched.o
                0x0000000000007514                nrf_802154_timer_sched_is_running
 .text.nrf_802154_lp_timer_fired
                0x0000000000007544       0x44 _build/nrf_802154_timer_sched.o
                0x0000000000007544                nrf_802154_lp_timer_fired
 .text.nrf_802154_notification_init
                0x0000000000007588        0x2 _build/nrf_802154_notification_direct.o
                0x0000000000007588                nrf_802154_notification_init
 .text.nrf_802154_notify_received
                0x000000000000758a        0x4 _build/nrf_802154_notification_direct.o
                0x000000000000758a                nrf_802154_notify_received
 .text.nrf_802154_notify_receive_failed
                0x000000000000758e        0x4 _build/nrf_802154_notification_direct.o
                0x000000000000758e                nrf_802154_notify_receive_failed
 .text.nrf_802154_notify_transmitted
                0x0000000000007592        0x4 _build/nrf_802154_notification_direct.o
                0x0000000000007592                nrf_802154_notify_transmitted
 .text.nrf_802154_notify_transmit_failed
                0x0000000000007596        0x4 _build/nrf_802154_notification_direct.o
                0x0000000000007596                nrf_802154_notify_transmit_failed
 .text.nrf_802154_notify_energy_detected
                0x000000000000759a        0x4 _build/nrf_802154_notification_direct.o
                0x000000000000759a                nrf_802154_notify_energy_detected
 .text.nrf_802154_notify_energy_detection_failed
                0x000000000000759e        0x4 _build/nrf_802154_notification_direct.o
                0x000000000000759e                nrf_802154_notify_energy_detection_failed
 .text.nrf_802154_notify_cca
                0x00000000000075a2        0x4 _build/nrf_802154_notification_direct.o
                0x00000000000075a2                nrf_802154_notify_cca
 .text.nrf_802154_notify_cca_failed
                0x00000000000075a6        0x4 _build/nrf_802154_notification_direct.o
                0x00000000000075a6                nrf_802154_notify_cca_failed
 .text.nrf_802154_priority_drop_init
                0x00000000000075aa        0x2 _build/nrf_802154_priority_drop_direct.o
                0x00000000000075aa                nrf_802154_priority_drop_init
 .text.nrf_802154_priority_drop_hfclk_stop
                0x00000000000075ac        0x4 _build/nrf_802154_priority_drop_direct.o
                0x00000000000075ac                nrf_802154_priority_drop_hfclk_stop
 .text.nrf_802154_priority_drop_hfclk_stop_terminate
                0x00000000000075b0        0x2 _build/nrf_802154_priority_drop_direct.o
                0x00000000000075b0                nrf_802154_priority_drop_hfclk_stop_terminate
 .text.nrf_802154_request_init
                0x00000000000075b2        0x2 _build/nrf_802154_request_direct.o
                0x00000000000075b2                nrf_802154_request_init
 .text.nrf_802154_request_receive
                0x00000000000075b4        0x4 _build/nrf_802154_request_direct.o
                0x00000000000075b4                nrf_802154_request_receive
 .text.nrf_802154_request_transmit
                0x00000000000075b8       0x10 _build/nrf_802154_request_direct.o
                0x00000000000075b8                nrf_802154_request_transmit
 .text.nrf_802154_request_buffer_free
                0x00000000000075c8        0x4 _build/nrf_802154_request_direct.o
                0x00000000000075c8                nrf_802154_request_buffer_free
 .text.nrf_802154_request_channel_update
                0x00000000000075cc        0x4 _build/nrf_802154_request_direct.o
                0x00000000000075cc                nrf_802154_request_channel_update
 .text.nrf_raal_init
                0x00000000000075d0        0xc _build/single_phy.o
                0x00000000000075d0                nrf_raal_init
 .text.nrf_raal_continuous_mode_enter
                0x00000000000075dc       0x30 _build/single_phy.o
                0x00000000000075dc                nrf_raal_continuous_mode_enter
 .text.nrf_raal_continuous_mode_exit
                0x000000000000760c       0x2c _build/single_phy.o
                0x000000000000760c                nrf_raal_continuous_mode_exit
 .text.nrf_raal_continuous_ended
                0x0000000000007638        0x2 _build/single_phy.o
                0x0000000000007638                nrf_raal_continuous_ended
 *fill*         0x000000000000763a        0x2 
 .text.nrf_raal_timeslot_request
                0x000000000000763c       0x28 _build/single_phy.o
                0x000000000000763c                nrf_raal_timeslot_request
 .text.nrf_raal_timeslot_us_left_get
                0x0000000000007664        0x6 _build/single_phy.o
                0x0000000000007664                nrf_raal_timeslot_us_left_get
 *fill*         0x000000000000766a        0x2 
 .text.nrf_802154_clock_init
                0x000000000000766c       0x2c _build/nrf_802154_clock_nodrv.o
                0x000000000000766c                nrf_802154_clock_init
 .text.nrf_802154_clock_hfclk_start
                0x0000000000007698       0x1c _build/nrf_802154_clock_nodrv.o
                0x0000000000007698                nrf_802154_clock_hfclk_start
 .text.nrf_802154_clock_hfclk_stop
                0x00000000000076b4        0xa _build/nrf_802154_clock_nodrv.o
                0x00000000000076b4                nrf_802154_clock_hfclk_stop
 .text.nrf_802154_clock_lfclk_start
                0x00000000000076be       0x1c _build/nrf_802154_clock_nodrv.o
                0x00000000000076be                nrf_802154_clock_lfclk_start
 .text.POWER_CLOCK_IRQHandler
                0x00000000000076da       0x40 _build/nrf_802154_clock_nodrv.o
                0x00000000000076da                POWER_CLOCK_IRQHandler
 .text.nrf_802154_wifi_coex_init
                0x000000000000771a        0x2 _build/nrf_802154_wifi_coex_none.o
                0x000000000000771a                nrf_802154_wifi_coex_init
 .text.nrf_802154_wifi_coex_prio_request
                0x000000000000771c        0x2 _build/nrf_802154_wifi_coex_none.o
                0x000000000000771c                nrf_802154_wifi_coex_prio_request
 .text.nrf_802154_hp_timer_init
                0x000000000000771e        0x2 _build/nrf_802154_hp_timer.o
                0x000000000000771e                nrf_802154_hp_timer_init
 .text.nrf_802154_hp_timer_start
                0x0000000000007720       0x34 _build/nrf_802154_hp_timer.o
                0x0000000000007720                nrf_802154_hp_timer_start
 .text.nrf_802154_hp_timer_stop
                0x0000000000007754        0xc _build/nrf_802154_hp_timer.o
                0x0000000000007754                nrf_802154_hp_timer_stop
 .text.nrf_802154_hp_timer_sync_task_get
                0x0000000000007760        0x8 _build/nrf_802154_hp_timer.o
                0x0000000000007760                nrf_802154_hp_timer_sync_task_get
 .text.nrf_802154_hp_timer_sync_prepare
                0x0000000000007768       0x20 _build/nrf_802154_hp_timer.o
                0x0000000000007768                nrf_802154_hp_timer_sync_prepare
 .text.nrf_802154_hp_timer_sync_time_get
                0x0000000000007788       0x3c _build/nrf_802154_hp_timer.o
                0x0000000000007788                nrf_802154_hp_timer_sync_time_get
 .text.nrf_802154_hp_timer_timestamp_task_get
                0x00000000000077c4        0x8 _build/nrf_802154_hp_timer.o
                0x00000000000077c4                nrf_802154_hp_timer_timestamp_task_get
 .text.nrf_802154_hp_timer_timestamp_get
                0x00000000000077cc        0xc _build/nrf_802154_hp_timer.o
                0x00000000000077cc                nrf_802154_hp_timer_timestamp_get
 .text.NRF_802154_US_TO_RTC_TICKS
                0x00000000000077d8       0x8c _build/nrf_802154_lp_timer_nodrv.o
 .text.timer_start_at
                0x0000000000007864       0x98 _build/nrf_802154_lp_timer_nodrv.o
 .text.nrf_rtc_event_clear.constprop.0
                0x00000000000078fc       0x18 _build/nrf_802154_lp_timer_nodrv.o
 .text.overflow_counter_get
                0x0000000000007914       0xb4 _build/nrf_802154_lp_timer_nodrv.o
 .text.offset_and_counter_get
                0x00000000000079c8       0x38 _build/nrf_802154_lp_timer_nodrv.o
 .text.curr_time_get
                0x0000000000007a00       0x34 _build/nrf_802154_lp_timer_nodrv.o
 .text.nrf_802154_lp_timer_init
                0x0000000000007a34       0x80 _build/nrf_802154_lp_timer_nodrv.o
                0x0000000000007a34                nrf_802154_lp_timer_init
 .text.nrf_802154_lp_timer_critical_section_enter
                0x0000000000007ab4       0x28 _build/nrf_802154_lp_timer_nodrv.o
                0x0000000000007ab4                nrf_802154_lp_timer_critical_section_enter
 .text.nrf_802154_lp_timer_critical_section_exit
                0x0000000000007adc       0x1c _build/nrf_802154_lp_timer_nodrv.o
                0x0000000000007adc                nrf_802154_lp_timer_critical_section_exit
 .text.nrf_802154_lp_timer_time_get
                0x0000000000007af8        0x8 _build/nrf_802154_lp_timer_nodrv.o
                0x0000000000007af8                nrf_802154_lp_timer_time_get
 .text.nrf_802154_lp_timer_granularity_get
                0x0000000000007b00        0x4 _build/nrf_802154_lp_timer_nodrv.o
                0x0000000000007b00                nrf_802154_lp_timer_granularity_get
 .text.nrf_802154_lp_timer_start
                0x0000000000007b04       0xa0 _build/nrf_802154_lp_timer_nodrv.o
                0x0000000000007b04                nrf_802154_lp_timer_start
 .text.nrf_802154_lp_timer_stop
                0x0000000000007ba4       0x1c _build/nrf_802154_lp_timer_nodrv.o
                0x0000000000007ba4                nrf_802154_lp_timer_stop
 .text.nrf_802154_lp_timer_sync_start_now
                0x0000000000007bc0       0x60 _build/nrf_802154_lp_timer_nodrv.o
                0x0000000000007bc0                nrf_802154_lp_timer_sync_start_now
 .text.nrf_802154_lp_timer_sync_start_at
                0x0000000000007c20       0x2c _build/nrf_802154_lp_timer_nodrv.o
                0x0000000000007c20                nrf_802154_lp_timer_sync_start_at
 .text.nrf_802154_lp_timer_sync_stop
                0x0000000000007c4c       0x1c _build/nrf_802154_lp_timer_nodrv.o
                0x0000000000007c4c                nrf_802154_lp_timer_sync_stop
 .text.nrf_802154_lp_timer_sync_event_get
                0x0000000000007c68        0x8 _build/nrf_802154_lp_timer_nodrv.o
                0x0000000000007c68                nrf_802154_lp_timer_sync_event_get
 .text.nrf_802154_lp_timer_sync_time_get
                0x0000000000007c70        0xc _build/nrf_802154_lp_timer_nodrv.o
                0x0000000000007c70                nrf_802154_lp_timer_sync_time_get
 .text.nrf_802154_clock_lfclk_ready
                0x0000000000007c7c        0xc _build/nrf_802154_lp_timer_nodrv.o
                0x0000000000007c7c                nrf_802154_clock_lfclk_ready
 .text.RTC2_IRQHandler
                0x0000000000007c88       0xa8 _build/nrf_802154_lp_timer_nodrv.o
                0x0000000000007c88                RTC2_IRQHandler
 .text.nrf_802154_random_init
                0x0000000000007d30       0x20 _build/nrf_802154_random_stdlib.o
                0x0000000000007d30                nrf_802154_random_init
 .text.nrf_802154_random_get
                0x0000000000007d50        0x4 _build/nrf_802154_random_stdlib.o
                0x0000000000007d50                nrf_802154_random_get
 .text.nrf_802154_temperature_init
                0x0000000000007d54        0x2 _build/nrf_802154_temperature_none.o
                0x0000000000007d54                nrf_802154_temperature_init
 .text.nrf_802154_temperature_get
                0x0000000000007d56        0x4 _build/nrf_802154_temperature_none.o
                0x0000000000007d56                nrf_802154_temperature_get
 *fill*         0x0000000000007d5a        0x2 
 .text.__NVIC_SystemReset
                0x0000000000007d5c       0x24 _build/system_nrf52833.o
 .text.errata_36
                0x0000000000007d80       0x1a _build/system_nrf52833.o
 *fill*         0x0000000000007d9a        0x2 
 .text.SystemInit
                0x0000000000007d9c      0x19c _build/system_nrf52833.o
                0x0000000000007d9c                SystemInit
 .text          0x0000000000007f38       0x3c _build/gcc_startup_nrf52833.os
                0x0000000000007f38                Reset_Handler
                0x0000000000007f60                NMI_Handler
                0x0000000000007f64                MemoryManagement_Handler
                0x0000000000007f66                BusFault_Handler
                0x0000000000007f68                UsageFault_Handler
                0x0000000000007f6a                SVC_Handler
                0x0000000000007f6c                DebugMon_Handler
                0x0000000000007f6e                PendSV_Handler
                0x0000000000007f70                SysTick_Handler
                0x0000000000007f72                TIMER2_IRQHandler
                0x0000000000007f72                RTC0_IRQHandler
                0x0000000000007f72                SWI2_EGU2_IRQHandler
                0x0000000000007f72                PDM_IRQHandler
                0x0000000000007f72                TEMP_IRQHandler
                0x0000000000007f72                QDEC_IRQHandler
                0x0000000000007f72                TIMER3_IRQHandler
                0x0000000000007f72                PWM3_IRQHandler
                0x0000000000007f72                FPU_IRQHandler
                0x0000000000007f72                USBD_IRQHandler
                0x0000000000007f72                TIMER4_IRQHandler
                0x0000000000007f72                I2S_IRQHandler
                0x0000000000007f72                SWI4_EGU4_IRQHandler
                0x0000000000007f72                SPIM3_IRQHandler
                0x0000000000007f72                PWM2_IRQHandler
                0x0000000000007f72                ECB_IRQHandler
                0x0000000000007f72                Default_Handler
                0x0000000000007f72                CCM_AAR_IRQHandler
                0x0000000000007f72                WDT_IRQHandler
                0x0000000000007f72                SWI5_EGU5_IRQHandler
                0x0000000000007f72                RNG_IRQHandler
                0x0000000000007f72                SWI3_EGU3_IRQHandler
                0x0000000000007f72                SWI1_EGU1_IRQHandler
                0x0000000000007f72                NFCT_IRQHandler
                0x0000000000007f72                MWU_IRQHandler
                0x0000000000007f72                COMP_LPCOMP_IRQHandler
 .text          0x0000000000007f74       0x4c /usr/lib/gcc/arm-none-eabi/10.3.1/../../../arm-none-eabi/lib/thumb/v7e-m+fp/hard/libc.a(lib_a-assert.o)
                0x0000000000007f74                __assert_func
                0x0000000000007fb4                __assert
 .text          0x0000000000007fc0        0xc /usr/lib/gcc/arm-none-eabi/10.3.1/../../../arm-none-eabi/lib/thumb/v7e-m+fp/hard/libc.a(lib_a-atexit.o)
                0x0000000000007fc0                atexit
 .text          0x0000000000007fcc       0x20 /usr/lib/gcc/arm-none-eabi/10.3.1/../../../arm-none-eabi/lib/thumb/v7e-m+fp/hard/libc.a(lib_a-exit.o)
                0x0000000000007fcc                exit
 .text          0x0000000000007fec       0x2c /usr/lib/gcc/arm-none-eabi/10.3.1/../../../arm-none-eabi/lib/thumb/v7e-m+fp/hard/libc.a(lib_a-fini.o)
                0x0000000000007fec                __libc_fini_array
 .text          0x0000000000008018       0x44 /usr/lib/gcc/arm-none-eabi/10.3.1/../../../arm-none-eabi/lib/thumb/v7e-m+fp/hard/libc.a(lib_a-fiprintf.o)
                0x0000000000008018                _fiprintf_r
                0x0000000000008034                fiprintf
 .text          0x000000000000805c       0x48 /usr/lib/gcc/arm-none-eabi/10.3.1/../../../arm-none-eabi/lib/thumb/v7e-m+fp/hard/libc.a(lib_a-init.o)
                0x000000000000805c                __libc_init_array
 .text          0x00000000000080a4       0x64 /usr/lib/gcc/arm-none-eabi/10.3.1/../../../arm-none-eabi/lib/thumb/v7e-m+fp/hard/libc.a(lib_a-memcmp.o)
                0x00000000000080a4                memcmp
 .text          0x0000000000008108      0x134 /usr/lib/gcc/arm-none-eabi/10.3.1/../../../arm-none-eabi/lib/thumb/v7e-m+fp/hard/libc.a(lib_a-memcpy.o)
                0x0000000000008108                memcpy
 .text          0x000000000000823c       0xf8 /usr/lib/gcc/arm-none-eabi/10.3.1/../../../arm-none-eabi/lib/thumb/v7e-m+fp/hard/libc.a(lib_a-memmove.o)
                0x000000000000823c                memmove
 .text          0x0000000000008334       0xa4 /usr/lib/gcc/arm-none-eabi/10.3.1/../../../arm-none-eabi/lib/thumb/v7e-m+fp/hard/libc.a(lib_a-memset.o)
                0x0000000000008334                memset
 .text          0x00000000000083d8       0x48 /usr/lib/gcc/arm-none-eabi/10.3.1/../../../arm-none-eabi/lib/thumb/v7e-m+fp/hard/libc.a(lib_a-printf.o)
                0x00000000000083d8                _printf_r
                0x00000000000083f8                printf
 .text          0x0000000000008420       0x4c /usr/lib/gcc/arm-none-eabi/10.3.1/../../../arm-none-eabi/lib/thumb/v7e-m+fp/hard/libc.a(lib_a-rand.o)
                0x0000000000008420                srand
                0x0000000000008430                rand
 .text          0x000000000000846c       0x10 /usr/lib/gcc/arm-none-eabi/10.3.1/../../../arm-none-eabi/lib/thumb/v7e-m+fp/hard/libc.a(lib_a-setbuf.o)
                0x000000000000846c                setbuf
 .text          0x000000000000847c      0x174 /usr/lib/gcc/arm-none-eabi/10.3.1/../../../arm-none-eabi/lib/thumb/v7e-m+fp/hard/libc.a(lib_a-setvbuf.o)
                0x000000000000847c                setvbuf
 *fill*         0x00000000000085f0       0x10 
 .text          0x0000000000008600       0xdc /usr/lib/gcc/arm-none-eabi/10.3.1/../../../arm-none-eabi/lib/thumb/v7e-m+fp/hard/libc.a(lib_a-strlen.o)
                0x0000000000008600                strlen
 .text          0x00000000000086dc      0xd44 /usr/lib/gcc/arm-none-eabi/10.3.1/../../../arm-none-eabi/lib/thumb/v7e-m+fp/hard/libc.a(lib_a-vfiprintf.o)
                0x0000000000008754                __sprint_r
                0x000000000000876c                _vfiprintf_r
                0x0000000000009398                vfiprintf
 .text          0x0000000000009420     0x159c /usr/lib/gcc/arm-none-eabi/10.3.1/../../../arm-none-eabi/lib/thumb/v7e-m+fp/hard/libc.a(lib_a-vfprintf.o)
                0x0000000000009420                _vfprintf_r
                0x000000000000a934                vfprintf
 .text          0x000000000000a9bc       0xd4 /usr/lib/gcc/arm-none-eabi/10.3.1/../../../arm-none-eabi/lib/thumb/v7e-m+fp/hard/libc.a(lib_a-wsetup.o)
                0x000000000000a9bc                __swsetup_r
 .text          0x000000000000aa90       0x68 /usr/lib/gcc/arm-none-eabi/10.3.1/../../../arm-none-eabi/lib/thumb/v7e-m+fp/hard/libc.a(lib_a-__atexit.o)
                0x000000000000aa90                __register_exitproc
 .text          0x000000000000aaf8       0xb8 /usr/lib/gcc/arm-none-eabi/10.3.1/../../../arm-none-eabi/lib/thumb/v7e-m+fp/hard/libc.a(lib_a-__call_atexit.o)
                0x000000000000aaf8                __call_exitprocs
 .text.startup  0x000000000000abb0       0x14 /usr/lib/gcc/arm-none-eabi/10.3.1/../../../arm-none-eabi/lib/thumb/v7e-m+fp/hard/libc.a(lib_a-__call_atexit.o)
 .text          0x000000000000abc4       0x10 /usr/lib/gcc/arm-none-eabi/10.3.1/../../../arm-none-eabi/lib/thumb/v7e-m+fp/hard/libc.a(lib_a-abort.o)
                0x000000000000abc4                abort
 *fill*         0x000000000000abd4        0x4 
 .text          0x000000000000abd8     0x1064 /usr/lib/gcc/arm-none-eabi/10.3.1/../../../arm-none-eabi/lib/thumb/v7e-m+fp/hard/libc.a(lib_a-dtoa.o)
                0x000000000000ad00                _dtoa_r
 .text          0x000000000000bc3c      0x1ac /usr/lib/gcc/arm-none-eabi/10.3.1/../../../arm-none-eabi/lib/thumb/v7e-m+fp/hard/libc.a(lib_a-fflush.o)
                0x000000000000bc3c                __sflush_r
                0x000000000000bd6c                _fflush_r
                0x000000000000bd98                fflush
 .text          0x000000000000bde8      0x218 /usr/lib/gcc/arm-none-eabi/10.3.1/../../../arm-none-eabi/lib/thumb/v7e-m+fp/hard/libc.a(lib_a-findfp.o)
                0x000000000000bdec                _cleanup_r
                0x000000000000bed4                __sfmoreglue
                0x000000000000bf04                __sfp
                0x000000000000bfac                _cleanup
                0x000000000000bfc0                __sinit
                0x000000000000bfc8                __sfp_lock_acquire
                0x000000000000bfcc                __sfp_lock_release
                0x000000000000bfd0                __sinit_lock_acquire
                0x000000000000bfd4                __sinit_lock_release
                0x000000000000bfd8                __fp_lock_all
                0x000000000000bfec                __fp_unlock_all
 .text          0x000000000000c000      0x118 /usr/lib/gcc/arm-none-eabi/10.3.1/../../../arm-none-eabi/lib/thumb/v7e-m+fp/hard/libc.a(lib_a-fputwc.o)
                0x000000000000c000                __fputwc
                0x000000000000c0a8                _fputwc_r
                0x000000000000c0d0                fputwc
 .text          0x000000000000c118      0x2ac /usr/lib/gcc/arm-none-eabi/10.3.1/../../../arm-none-eabi/lib/thumb/v7e-m+fp/hard/libc.a(lib_a-freer.o)
                0x000000000000c118                _malloc_trim_r
                0x000000000000c1b8                _free_r
 .text          0x000000000000c3c4      0x2f0 /usr/lib/gcc/arm-none-eabi/10.3.1/../../../arm-none-eabi/lib/thumb/v7e-m+fp/hard/libc.a(lib_a-fvwrite.o)
                0x000000000000c3c4                __sfvwrite_r
 .text          0x000000000000c6b4       0x88 /usr/lib/gcc/arm-none-eabi/10.3.1/../../../arm-none-eabi/lib/thumb/v7e-m+fp/hard/libc.a(lib_a-fwalk.o)
                0x000000000000c6b4                _fwalk
                0x000000000000c6f4                _fwalk_reent
 .text          0x000000000000c73c       0x8c /usr/lib/gcc/arm-none-eabi/10.3.1/../../../arm-none-eabi/lib/thumb/v7e-m+fp/hard/libc.a(lib_a-locale.o)
                0x000000000000c73c                _setlocale_r
                0x000000000000c77c                __locale_mb_cur_max
                0x000000000000c788                setlocale
 .text          0x000000000000c7c8       0x14 /usr/lib/gcc/arm-none-eabi/10.3.1/../../../arm-none-eabi/lib/thumb/v7e-m+fp/hard/libc.a(lib_a-localeconv.o)
                0x000000000000c7c8                __localeconv_l
                0x000000000000c7cc                _localeconv_r
                0x000000000000c7d4                localeconv
 .text          0x000000000000c7dc      0x140 /usr/lib/gcc/arm-none-eabi/10.3.1/../../../arm-none-eabi/lib/thumb/v7e-m+fp/hard/libc.a(lib_a-makebuf.o)
                0x000000000000c7dc                __smakebuf_r
                0x000000000000c8bc                __swhatbuf_r
 .text          0x000000000000c91c       0x20 /usr/lib/gcc/arm-none-eabi/10.3.1/../../../arm-none-eabi/lib/thumb/v7e-m+fp/hard/libc.a(lib_a-malloc.o)
                0x000000000000c91c                malloc
                0x000000000000c92c                free
 .text          0x000000000000c93c      0x554 /usr/lib/gcc/arm-none-eabi/10.3.1/../../../arm-none-eabi/lib/thumb/v7e-m+fp/hard/libc.a(lib_a-mallocr.o)
                0x000000000000c93c                _malloc_r
 .text          0x000000000000ce90       0x40 /usr/lib/gcc/arm-none-eabi/10.3.1/../../../arm-none-eabi/lib/thumb/v7e-m+fp/hard/libc.a(lib_a-mbtowc_r.o)
                0x000000000000ce90                _mbtowc_r
                0x000000000000cea4                __ascii_mbtowc
 .text          0x000000000000ced0       0xa0 /usr/lib/gcc/arm-none-eabi/10.3.1/../../../arm-none-eabi/lib/thumb/v7e-m+fp/hard/libc.a(lib_a-memchr.o)
                0x000000000000ced0                memchr
 .text          0x000000000000cf70        0x8 /usr/lib/gcc/arm-none-eabi/10.3.1/../../../arm-none-eabi/lib/thumb/v7e-m+fp/hard/libc.a(lib_a-mlock.o)
                0x000000000000cf70                __malloc_lock
                0x000000000000cf74                __malloc_unlock
 .text          0x000000000000cf78      0xaa0 /usr/lib/gcc/arm-none-eabi/10.3.1/../../../arm-none-eabi/lib/thumb/v7e-m+fp/hard/libc.a(lib_a-mprec.o)
                0x000000000000cf78                _Balloc
                0x000000000000cfc4                _Bfree
                0x000000000000cfd8                __multadd
                0x000000000000d080                __s2b
                0x000000000000d134                __hi0bits
                0x000000000000d174                __lo0bits
                0x000000000000d1d4                __i2b
                0x000000000000d230                __multiply
                0x000000000000d38c                __pow5mult
                0x000000000000d44c                __lshift
                0x000000000000d53c                __mcmp
                0x000000000000d580                __mdiff
                0x000000000000d6cc                __ulp
                0x000000000000d72c                __b2d
                0x000000000000d7ec                __d2b
                0x000000000000d8bc                __ratio
                0x000000000000d918                _mprec_log10
                0x000000000000d958                __copybits
                0x000000000000d9b4                __any_on
 .text          0x000000000000da18      0x3d8 /usr/lib/gcc/arm-none-eabi/10.3.1/../../../arm-none-eabi/lib/thumb/v7e-m+fp/hard/libc.a(lib_a-reallocr.o)
                0x000000000000da18                _realloc_r
 .text          0x000000000000ddf0       0x24 /usr/lib/gcc/arm-none-eabi/10.3.1/../../../arm-none-eabi/lib/thumb/v7e-m+fp/hard/libc.a(lib_a-sbrkr.o)
                0x000000000000ddf0                _sbrk_r
 .text          0x000000000000de14      0x288 /usr/lib/gcc/arm-none-eabi/10.3.1/../../../arm-none-eabi/lib/thumb/v7e-m+fp/hard/libc.a(lib_a-signal.o)
                0x000000000000de14                _init_signal_r
                0x000000000000de44                _signal_r
                0x000000000000de90                _raise_r
                0x000000000000dee8                __sigtramp_r
                0x000000000000df4c                raise
                0x000000000000dfa8                signal
                0x000000000000dffc                _init_signal
                0x000000000000e034                __sigtramp
 .text          0x000000000000e09c       0x30 /usr/lib/gcc/arm-none-eabi/10.3.1/../../../arm-none-eabi/lib/thumb/v7e-m+fp/hard/libc.a(lib_a-signalr.o)
                0x000000000000e09c                _kill_r
                0x000000000000e0c8                _getpid_r
 .text          0x000000000000e0cc       0x90 /usr/lib/gcc/arm-none-eabi/10.3.1/../../../arm-none-eabi/lib/thumb/v7e-m+fp/hard/libc.a(lib_a-stdio.o)
                0x000000000000e0cc                __sread
                0x000000000000e0f0                __seofread
                0x000000000000e0f4                __swrite
                0x000000000000e134                __sseek
                0x000000000000e154                __sclose
 *fill*         0x000000000000e15c        0x4 
 .text          0x000000000000e160      0x2dc /usr/lib/gcc/arm-none-eabi/10.3.1/../../../arm-none-eabi/lib/thumb/v7e-m+fp/hard/libc.a(lib_a-strcmp.o)
                0x000000000000e168                strcmp
 .text          0x000000000000e43c       0xc8 /usr/lib/gcc/arm-none-eabi/10.3.1/../../../arm-none-eabi/lib/thumb/v7e-m+fp/hard/libc.a(lib_a-wbuf.o)
                0x000000000000e43c                __swbuf_r
                0x000000000000e4ec                __swbuf
 .text          0x000000000000e504       0x88 /usr/lib/gcc/arm-none-eabi/10.3.1/../../../arm-none-eabi/lib/thumb/v7e-m+fp/hard/libc.a(lib_a-wcrtomb.o)
                0x000000000000e504                _wcrtomb_r
                0x000000000000e540                wcrtomb
 .text          0x000000000000e58c       0x30 /usr/lib/gcc/arm-none-eabi/10.3.1/../../../arm-none-eabi/lib/thumb/v7e-m+fp/hard/libc.a(lib_a-wctomb_r.o)
                0x000000000000e58c                _wctomb_r
                0x000000000000e5a0                __ascii_wctomb
 .text          0x000000000000e5bc       0x2c /usr/lib/gcc/arm-none-eabi/10.3.1/../../../arm-none-eabi/lib/thumb/v7e-m+fp/hard/libc.a(lib_a-writer.o)
                0x000000000000e5bc                _write_r
 .text          0x000000000000e5e8       0x60 /usr/lib/gcc/arm-none-eabi/10.3.1/../../../arm-none-eabi/lib/thumb/v7e-m+fp/hard/libc.a(lib_a-callocr.o)
                0x000000000000e5e8                _calloc_r
 .text          0x000000000000e648       0x24 /usr/lib/gcc/arm-none-eabi/10.3.1/../../../arm-none-eabi/lib/thumb/v7e-m+fp/hard/libc.a(lib_a-closer.o)
                0x000000000000e648                _close_r
 .text          0x000000000000e66c       0xd4 /usr/lib/gcc/arm-none-eabi/10.3.1/../../../arm-none-eabi/lib/thumb/v7e-m+fp/hard/libc.a(lib_a-fclose.o)
                0x000000000000e6d0                _fclose_r
                0x000000000000e704                fclose
 .text          0x000000000000e740       0x2c /usr/lib/gcc/arm-none-eabi/10.3.1/../../../arm-none-eabi/lib/thumb/v7e-m+fp/hard/libc.a(lib_a-fstatr.o)
                0x000000000000e740                _fstat_r
 .text          0x000000000000e76c       0x24 /usr/lib/gcc/arm-none-eabi/10.3.1/../../../arm-none-eabi/lib/thumb/v7e-m+fp/hard/libc.a(lib_a-isattyr.o)
                0x000000000000e76c                _isatty_r
 .text          0x000000000000e790       0x2c /usr/lib/gcc/arm-none-eabi/10.3.1/../../../arm-none-eabi/lib/thumb/v7e-m+fp/hard/libc.a(lib_a-lseekr.o)
                0x000000000000e790                _lseek_r
 .text          0x000000000000e7bc       0x2c /usr/lib/gcc/arm-none-eabi/10.3.1/../../../arm-none-eabi/lib/thumb/v7e-m+fp/hard/libc.a(lib_a-readr.o)
                0x000000000000e7bc                _read_r
 .text          0x000000000000e7e8       0x10 /usr/lib/gcc/arm-none-eabi/10.3.1/../../../arm-none-eabi/lib/thumb/v7e-m+fp/hard/libnosys.a(close.o)
                0x000000000000e7e8                _close
 .text          0x000000000000e7f8       0x10 /usr/lib/gcc/arm-none-eabi/10.3.1/../../../arm-none-eabi/lib/thumb/v7e-m+fp/hard/libnosys.a(fstat.o)
                0x000000000000e7f8                _fstat
 .text          0x000000000000e808       0x10 /usr/lib/gcc/arm-none-eabi/10.3.1/../../../arm-none-eabi/lib/thumb/v7e-m+fp/hard/libnosys.a(getpid.o)
                0x000000000000e808                _getpid
 .text          0x000000000000e818       0x10 /usr/lib/gcc/arm-none-eabi/10.3.1/../../../arm-none-eabi/lib/thumb/v7e-m+fp/hard/libnosys.a(isatty.o)
                0x000000000000e818                _isatty
 .text          0x000000000000e828       0x10 /usr/lib/gcc/arm-none-eabi/10.3.1/../../../arm-none-eabi/lib/thumb/v7e-m+fp/hard/libnosys.a(kill.o)
                0x000000000000e828                _kill
 .text          0x000000000000e838       0x10 /usr/lib/gcc/arm-none-eabi/10.3.1/../../../arm-none-eabi/lib/thumb/v7e-m+fp/hard/libnosys.a(lseek.o)
                0x000000000000e838                _lseek
 .text          0x000000000000e848       0x1c /usr/lib/gcc/arm-none-eabi/10.3.1/../../../arm-none-eabi/lib/thumb/v7e-m+fp/hard/libnosys.a(sbrk.o)
                0x000000000000e848                _sbrk
 .text          0x000000000000e864        0x4 /usr/lib/gcc/arm-none-eabi/10.3.1/../../../arm-none-eabi/lib/thumb/v7e-m+fp/hard/libnosys.a(_exit.o)
                0x000000000000e864                _exit
 .text          0x000000000000e868      0x378 /usr/lib/gcc/arm-none-eabi/10.3.1/thumb/v7e-m+fp/hard/libgcc.a(_arm_addsubdf3.o)
                0x000000000000e868                __aeabi_drsub
                0x000000000000e870                __aeabi_dsub
                0x000000000000e870                __subdf3
                0x000000000000e874                __adddf3
                0x000000000000e874                __aeabi_dadd
                0x000000000000eaec                __aeabi_ui2d
                0x000000000000eaec                __floatunsidf
                0x000000000000eb0c                __floatsidf
                0x000000000000eb0c                __aeabi_i2d
                0x000000000000eb30                __extendsfdf2
                0x000000000000eb30                __aeabi_f2d
                0x000000000000eb74                __aeabi_ul2d
                0x000000000000eb74                __floatundidf
                0x000000000000eb84                __floatdidf
                0x000000000000eb84                __aeabi_l2d
 .text          0x000000000000ebe0      0x424 /usr/lib/gcc/arm-none-eabi/10.3.1/thumb/v7e-m+fp/hard/libgcc.a(_arm_muldivdf3.o)
                0x000000000000ebe0                __aeabi_dmul
                0x000000000000ebe0                __muldf3
                0x000000000000ee34                __aeabi_ddiv
                0x000000000000ee34                __divdf3
 .text          0x000000000000f004      0x110 /usr/lib/gcc/arm-none-eabi/10.3.1/thumb/v7e-m+fp/hard/libgcc.a(_arm_cmpdf2.o)
                0x000000000000f004                __gtdf2
                0x000000000000f004                __gedf2
                0x000000000000f00c                __ltdf2
                0x000000000000f00c                __ledf2
                0x000000000000f014                __cmpdf2
                0x000000000000f014                __eqdf2
                0x000000000000f014                __nedf2
                0x000000000000f090                __aeabi_cdrcmple
                0x000000000000f0a0                __aeabi_cdcmple
                0x000000000000f0a0                __aeabi_cdcmpeq
                0x000000000000f0b0                __aeabi_dcmpeq
                0x000000000000f0c4                __aeabi_dcmplt
                0x000000000000f0d8                __aeabi_dcmple
                0x000000000000f0ec                __aeabi_dcmpge
                0x000000000000f100                __aeabi_dcmpgt
 .text          0x000000000000f114       0x2c /usr/lib/gcc/arm-none-eabi/10.3.1/thumb/v7e-m+fp/hard/libgcc.a(_arm_unorddf2.o)
                0x000000000000f114                __aeabi_dcmpun
                0x000000000000f114                __unorddf2
 .text          0x000000000000f140       0x50 /usr/lib/gcc/arm-none-eabi/10.3.1/thumb/v7e-m+fp/hard/libgcc.a(_arm_fixdfsi.o)
                0x000000000000f140                __fixdfsi
                0x000000000000f140                __aeabi_d2iz
 .text          0x000000000000f190       0xa0 /usr/lib/gcc/arm-none-eabi/10.3.1/thumb/v7e-m+fp/hard/libgcc.a(_arm_truncdfsf2.o)
                0x000000000000f190                __aeabi_d2f
                0x000000000000f190                __truncdfsf2
 .text          0x000000000000f230       0xa0 /usr/lib/gcc/arm-none-eabi/10.3.1/thumb/v7e-m+fp/hard/libgcc.a(_aeabi_ldivmod.o)
                0x000000000000f230                __aeabi_ldivmod
 .text          0x000000000000f2d0       0x30 /usr/lib/gcc/arm-none-eabi/10.3.1/thumb/v7e-m+fp/hard/libgcc.a(_aeabi_uldivmod.o)
                0x000000000000f2d0                __aeabi_uldivmod
 .text          0x000000000000f300      0x2d0 /usr/lib/gcc/arm-none-eabi/10.3.1/thumb/v7e-m+fp/hard/libgcc.a(_udivmoddi4.o)
                0x000000000000f300                __udivmoddi4
 .text          0x000000000000f5d0        0x4 /usr/lib/gcc/arm-none-eabi/10.3.1/thumb/v7e-m+fp/hard/libgcc.a(_dvmd_tls.o)
                0x000000000000f5d0                __aeabi_ldiv0
                0x000000000000f5d0                __aeabi_idiv0
 *(.init)
 .init          0x000000000000f5d4        0x4 /usr/lib/gcc/arm-none-eabi/10.3.1/thumb/v7e-m+fp/hard/crti.o
                0x000000000000f5d4                _init
 .init          0x000000000000f5d8        0x8 /usr/lib/gcc/arm-none-eabi/10.3.1/thumb/v7e-m+fp/hard/crtn.o
 *(.fini)
 .fini          0x000000000000f5e0        0x4 /usr/lib/gcc/arm-none-eabi/10.3.1/thumb/v7e-m+fp/hard/crti.o
                0x000000000000f5e0                _fini
 .fini          0x000000000000f5e4        0x8 /usr/lib/gcc/arm-none-eabi/10.3.1/thumb/v7e-m+fp/hard/crtn.o
 *crtbegin.o(.ctors)
 *crtbegin?.o(.ctors)
 *(EXCLUDE_FILE(*crtend.o *crtend?.o) .ctors)
 *(SORT_BY_NAME(.ctors.*))
 *(.ctors)
 *crtbegin.o(.dtors)
 *crtbegin?.o(.dtors)
 *(EXCLUDE_FILE(*crtend.o *crtend?.o) .dtors)
 *(SORT_BY_NAME(.dtors.*))
 *(.dtors)
 *(.rodata*)
 .rodata.lsm303agr_init.str1.1
                0x000000000000f5ec        0x4 _build/lsm303agr.o
 .rodata.delay_machine_code.0
                0x000000000000f5f0        0x6 _build/lsm303agr.o
 .rodata.nrf_802154_tx_started.str1.1
                0x000000000000f5f6        0xc _build/main.o
 .rodata.nrf_802154_transmit_failed.str1.1
                0x000000000000f602       0x15 _build/main.o
 .rodata.nrf_802154_transmitted_raw.str1.1
                0x000000000000f617       0x18 _build/main.o
 .rodata.send_accel_data.str1.1
                0x000000000000f62f       0x84 _build/main.o
 .rodata.main.str1.1
                0x000000000000f6b3       0x32 _build/main.o
 *fill*         0x000000000000f6e5        0x3 
 .rodata        0x000000000000f6e8       0x10 _build/main.o
 *fill*         0x000000000000f6f8        0x8 
 .rodata.delay_machine_code.0
                0x000000000000f700        0x6 _build/main.o
 *fill*         0x000000000000f706        0x2 
 .rodata.twi_mngr_instance
                0x000000000000f708       0x18 _build/main.o
 .rodata.nrf_gpio_pin_port_decode.str1.1
                0x000000000000f720       0x43 _build/better_error_handling.o
 .rodata.app_error_fault_handler.str1.1
                0x000000000000f763       0x78 _build/better_error_handling.o
 .rodata.HardFault_c_handler.str1.1
                0x000000000000f7db      0x12e _build/better_error_handling.o
 .rodata.str1.1
                0x000000000000f909      0x4b6 _build/better_error_handling.o
 .rodata.LED_COLS
                0x000000000000fdbf        0x5 _build/better_error_handling.o
 .rodata.LED_ROWS
                0x000000000000fdc4        0x5 _build/better_error_handling.o
 *fill*         0x000000000000fdc9        0x3 
 .rodata.cfsr_msgs.0
                0x000000000000fdcc       0x68 _build/better_error_handling.o
 *fill*         0x000000000000fe34        0xc 
 .rodata.delay_machine_code.1
                0x000000000000fe40        0x6 _build/better_error_handling.o
 .rodata.called_first.str1.1
                0x000000000000fe46       0xa4 _build/microbit_before_startup.o
 *fill*         0x000000000000feea        0x6 
 .rodata.delay_machine_code.0
                0x000000000000fef0        0x6 _build/microbit_before_startup.o
 .rodata.uart_init.constprop.0.str1.1
                0x000000000000fef6       0xaa _build/microbit_nrf_log_backend_uart.o
 .rodata        0x000000000000ffa0       0x20 _build/microbit_nrf_log_backend_uart.o
 .rodata.nrf_log_backend_uart_api
                0x000000000000ffc0        0xc _build/microbit_nrf_log_backend_uart.o
                0x000000000000ffc0                nrf_log_backend_uart_api
 *fill*         0x000000000000ffcc        0x4 
 .rodata.delay_machine_code.0
                0x000000000000ffd0        0x6 _build/app_timer.o
 .rodata.app_util_critical_region_enter.str1.1
                0x000000000000ffd6       0x55 _build/app_util_platform.o
 .rodata.nrf_balloc_init.str1.1
                0x000000000001002b       0x50 _build/nrf_balloc.o
 .rodata.str1.1
                0x000000000001007b        0x6 _build/nrf_drv_clock.o
 .rodata.nrf_gpio_pin_port_decode.str1.1
                0x0000000000010081       0x43 _build/nrf_drv_twi.o
 *fill*         0x0000000000010081        0xf 
 .rodata.delay_machine_code.0
                0x0000000000010090        0x6 _build/nrf_drv_twi.o
 .rodata.nrf_fprintf_buffer_flush.str1.1
                0x0000000000010096       0x46 _build/nrf_fprintf.o
 .rodata.nrf_fprintf_fmt.str1.1
                0x00000000000100dc       0x4d _build/nrf_fprintf_format.o
 .rodata._aV2C.0
                0x0000000000010129       0x10 _build/nrf_fprintf_format.o
 .rodata.nrf_log_default_backends_init.str1.1
                0x0000000000010139       0x5f _build/nrf_log_default_backends.o
 .rodata.str1.1
                0x0000000000010198       0x11 _build/nrf_log_default_backends.o
 .rodata.buf_prealloc.str1.1
                0x00000000000101a9       0x57 _build/nrf_log_frontend.o
 .rodata.nrf_log_frontend_dequeue.str1.1
                0x0000000000010200       0x11 _build/nrf_log_frontend.o
 .rodata.str1.1
                0x0000000000010211        0x4 _build/nrf_log_frontend.o
 *fill*         0x0000000000010215        0x3 
 .rodata.m_log_push_ringbuf
                0x0000000000010218        0xc _build/nrf_log_frontend.o
 .rodata.prefix_process.str1.1
                0x0000000000010224       0x32 _build/nrf_log_str_formatter.o
 .rodata.postfix_process.str1.1
                0x0000000000010256       0x32 _build/nrf_log_str_formatter.o
                                          0x3 (size before relaxing)
 .rodata.nrf_log_hexdump_entry_process.str1.1
                0x0000000000010256        0xf _build/nrf_log_str_formatter.o
                                         0x11 (size before relaxing)
 .rodata.str1.1
                0x0000000000010265       0x4b _build/nrf_log_str_formatter.o